{"level":"error","message":"Unhandled Rejection at: [object Promise], reason: TypeError: Cannot read properties of undefined (reading 'error')","service":"auth-service","timestamp":"2026-08-05T13:10:59.432Z"}
{"level":"error","message":"Unhandled Rejection at: [object Promise], reason: TypeError: Cannot read properties of undefined (reading 'error')","service":"auth-service","timestamp":"2026-08-05T13:11:10.486Z"}
{"level":"error","message":"Unhandled Rejection at: [object Promise], reason: TypeError: Cannot read properties of undefined (reading 'error')","service":"auth-service","timestamp":"2026-08-05T13:11:29.656Z"}
{"level":"info","message":"MongoDB Connected: ac-quji3pp-shard-00-00.uytcoeb.mongodb.net","service":"auth-service","timestamp":"2026-08-05T13:15:56.909Z"}
{"level":"info","message":"Server started on port 3001","service":"auth-service","timestamp":"2026-08-05T13:15:56.918Z"}
{"level":"info","message":"Received POST request to /api/auth/register","service":"auth-service","timestamp":"2026-08-05T13:21:57.012Z"}
{"level":"info","message":"Request body, [object Object]","service":"auth-service","timestamp":"2026-08-05T13:21:57.012Z"}
{"level":"info","message":"User registration endpoint called","service":"auth-service","timestamp":"2026-08-05T13:21:57.028Z"}
{"level":"warn","message":"Validation error during user registration: \"email\" is required","service":"auth-service","timestamp":"2026-08-05T13:21:57.034Z"}
{"level":"info","message":"Received POST request to /api/auth/register","service":"auth-service","timestamp":"2026-08-05T13:22:08.227Z"}
{"level":"info","message":"Request body, [object Object]","service":"auth-service","timestamp":"2026-08-05T13:22:08.227Z"}
{"level":"info","message":"User registration endpoint called","service":"auth-service","timestamp":"2026-08-05T13:22:08.229Z"}
{"level":"warn","message":"Validation error during user registration: \"firstname\" is not allowed","service":"auth-service","timestamp":"2026-08-05T13:22:08.231Z"}
{"level":"info","message":"Received POST request to /api/auth/register","service":"auth-service","timestamp":"2026-08-05T13:22:15.912Z"}
{"level":"info","message":"Request body, [object Object]","service":"auth-service","timestamp":"2026-08-05T13:22:15.912Z"}
{"level":"info","message":"User registration endpoint called","service":"auth-service","timestamp":"2026-08-05T13:22:15.914Z"}
{"level":"error","message":"Error occurred while registering user","service":"auth-service","timestamp":"2026-08-05T13:22:16.052Z"}
{"level":"info","message":"MongoDB Connected: ac-quji3pp-shard-00-02.uytcoeb.mongodb.net","service":"auth-service","timestamp":"2026-08-05T13:22:46.152Z"}
{"level":"info","message":"Server started on port 3001","service":"auth-service","timestamp":"2026-08-05T13:22:46.159Z"}
{"level":"info","message":"Received POST request to /api/auth/register","service":"auth-service","timestamp":"2026-08-05T13:22:50.458Z"}
{"level":"info","message":"Request body, [object Object]","service":"auth-service","timestamp":"2026-08-05T13:22:50.459Z"}
{"level":"info","message":"User registration endpoint called","service":"auth-service","timestamp":"2026-08-05T13:22:50.465Z"}
{"level":"error","message":"Error occurred while registering user","service":"auth-service","timestamp":"2026-08-05T13:22:50.607Z"}
{"level":"info","message":"MongoDB Connected: ac-quji3pp-shard-00-02.uytcoeb.mongodb.net","service":"auth-service","timestamp":"2026-08-05T13:24:06.824Z"}
{"level":"info","message":"Server started on port 3001","service":"auth-service","timestamp":"2026-08-05T13:24:06.831Z"}
{"level":"info","message":"Received POST request to /api/auth/register","service":"auth-service","timestamp":"2026-08-05T13:24:16.685Z"}
{"level":"info","message":"Request body, [object Object]","service":"auth-service","timestamp":"2026-08-05T13:24:16.686Z"}
{"level":"info","message":"User registration endpoint called","service":"auth-service","timestamp":"2026-08-05T13:24:16.694Z"}
{"level":"error","message":"Error occurred while registering user","service":"auth-service","timestamp":"2026-08-05T13:24:16.831Z"}
{"level":"info","message":"Received POST request to /api/auth/register","service":"auth-service","timestamp":"2026-08-05T13:26:18.718Z"}
{"level":"info","message":"Request body, [object Object]","service":"auth-service","timestamp":"2026-08-05T13:26:18.718Z"}
{"level":"info","message":"User registration endpoint called","service":"auth-service","timestamp":"2026-08-05T13:26:18.720Z"}
{"level":"error","message":"Error occurred while registering user","service":"auth-service","timestamp":"2026-08-05T13:26:18.816Z"}
{"level":"info","message":"MongoDB Connected: ac-quji3pp-shard-00-00.uytcoeb.mongodb.net","service":"auth-service","timestamp":"2026-08-05T13:28:01.385Z"}
{"level":"info","message":"Server started on port 3001","service":"auth-service","timestamp":"2026-08-05T13:28:01.393Z"}
{"level":"info","message":"Received POST request to /api/auth/register","service":"auth-service","timestamp":"2026-08-05T13:28:03.027Z"}
{"level":"info","message":"Request body, [object Object]","service":"auth-service","timestamp":"2026-08-05T13:28:03.027Z"}
{"level":"info","message":"User registration endpoint called","service":"auth-service","timestamp":"2026-08-05T13:28:03.035Z"}
{"level":"error","message":"Error occurred while registering user","service":"auth-service","timestamp":"2026-08-05T13:28:03.300Z"}
{"level":"info","message":"MongoDB Connected: ac-quji3pp-shard-00-01.uytcoeb.mongodb.net","service":"auth-service","timestamp":"2026-08-05T13:28:51.722Z"}
{"level":"info","message":"Server started on port 3001","service":"auth-service","timestamp":"2026-08-05T13:28:51.731Z"}
{"level":"info","message":"MongoDB Connected: ac-quji3pp-shard-00-01.uytcoeb.mongodb.net","service":"auth-service","timestamp":"2026-08-05T13:28:53.551Z"}
{"level":"info","message":"Server started on port 3001","service":"auth-service","timestamp":"2026-08-05T13:28:53.560Z"}
{"level":"info","message":"Received POST request to /api/auth/register","service":"auth-service","timestamp":"2026-08-05T13:28:54.367Z"}
{"level":"info","message":"Request body, [object Object]","service":"auth-service","timestamp":"2026-08-05T13:28:54.368Z"}
{"level":"info","message":"User registration endpoint called","service":"auth-service","timestamp":"2026-08-05T13:28:54.376Z"}
{"level":"info","message":"user checked","service":"auth-service","timestamp":"2026-08-05T13:28:54.420Z"}
{"level":"error","message":"Error occurred while registering user","service":"auth-service","timestamp":"2026-08-05T13:28:54.510Z"}
{"level":"info","message":"MongoDB Connected: ac-quji3pp-shard-00-02.uytcoeb.mongodb.net","service":"auth-service","timestamp":"2026-08-05T13:29:22.989Z"}
{"level":"info","message":"Server started on port 3001","service":"auth-service","timestamp":"2026-08-05T13:29:22.997Z"}
{"level":"info","message":"MongoDB Connected: ac-quji3pp-shard-00-01.uytcoeb.mongodb.net","service":"auth-service","timestamp":"2026-08-05T13:29:42.597Z"}
{"level":"info","message":"Server started on port 3001","service":"auth-service","timestamp":"2026-08-05T13:29:42.604Z"}
{"level":"info","message":"Received POST request to /api/auth/register","service":"auth-service","timestamp":"2026-08-05T13:29:50.356Z"}
{"level":"info","message":"Request body, [object Object]","service":"auth-service","timestamp":"2026-08-05T13:29:50.356Z"}
{"level":"info","message":"User registration endpoint called","service":"auth-service","timestamp":"2026-08-05T13:29:50.364Z"}
{"level":"error","message":"Error occurred while registering user","service":"auth-service","timestamp":"2026-08-05T13:29:50.515Z"}
{"level":"info","message":"MongoDB Connected: ac-quji3pp-shard-00-01.uytcoeb.mongodb.net","service":"auth-service","timestamp":"2026-08-05T13:33:23.473Z"}
{"level":"info","message":"Server started on port 3001","service":"auth-service","timestamp":"2026-08-05T13:33:23.480Z"}
{"level":"info","message":"Received POST request to /api/auth/register","service":"auth-service","timestamp":"2026-08-05T13:33:27.533Z"}
{"level":"info","message":"Request body, [object Object]","service":"auth-service","timestamp":"2026-08-05T13:33:27.534Z"}
{"level":"info","message":"User registration endpoint called","service":"auth-service","timestamp":"2026-08-05T13:33:27.543Z"}
{"level":"error","message":"Error occurred while registering user","service":"auth-service","timestamp":"2026-08-05T13:33:27.700Z"}
{"level":"info","message":"MongoDB Connected: ac-quji3pp-shard-00-01.uytcoeb.mongodb.net","service":"auth-service","timestamp":"2026-08-05T13:33:31.431Z"}
{"level":"info","message":"Server started on port 3001","service":"auth-service","timestamp":"2026-08-05T13:33:31.438Z"}
{"level":"info","message":"MongoDB Connected: ac-quji3pp-shard-00-01.uytcoeb.mongodb.net","service":"auth-service","timestamp":"2026-08-05T13:33:43.638Z"}
{"level":"info","message":"Server started on port 3001","service":"auth-service","timestamp":"2026-08-05T13:33:43.645Z"}
{"level":"info","message":"Received POST request to /api/auth/register","service":"auth-service","timestamp":"2026-08-05T13:33:53.772Z"}
{"level":"info","message":"Request body, [object Object]","service":"auth-service","timestamp":"2026-08-05T13:33:53.772Z"}
{"level":"info","message":"User registration endpoint called","service":"auth-service","timestamp":"2026-08-05T13:33:53.780Z"}
{"level":"error","message":"Error occurred while registering user","service":"auth-service","timestamp":"2026-08-05T13:33:53.893Z"}
{"level":"info","message":"Received POST request to /api/auth/register","service":"auth-service","timestamp":"2026-08-05T13:34:26.308Z"}
{"level":"info","message":"Request body, [object Object]","service":"auth-service","timestamp":"2026-08-05T13:34:26.308Z"}
{"level":"info","message":"User registration endpoint called","service":"auth-service","timestamp":"2026-08-05T13:34:26.311Z"}
{"level":"error","message":"Error occurred while registering user","service":"auth-service","timestamp":"2026-08-05T13:34:26.412Z"}
{"level":"info","message":"MongoDB Connected: ac-quji3pp-shard-00-00.uytcoeb.mongodb.net","service":"auth-service","timestamp":"2026-08-05T13:35:20.054Z"}
{"level":"info","message":"Server started on port 3001","service":"auth-service","timestamp":"2026-08-05T13:35:20.061Z"}
{"level":"info","message":"Received POST request to /api/auth/register","service":"auth-service","timestamp":"2026-08-05T13:35:45.525Z"}
{"level":"info","message":"Request body, [object Object]","service":"auth-service","timestamp":"2026-08-05T13:35:45.526Z"}
{"level":"info","message":"User registration endpoint called","service":"auth-service","timestamp":"2026-08-05T13:35:45.533Z"}
{"level":"error","message":"Error occurred while registering user","service":"auth-service","timestamp":"2026-08-05T13:35:45.653Z"}
{"level":"info","message":"MongoDB Connected: ac-quji3pp-shard-00-00.uytcoeb.mongodb.net","service":"auth-service","timestamp":"2026-08-05T13:35:50.342Z"}
{"level":"info","message":"Server started on port 3001","service":"auth-service","timestamp":"2026-08-05T13:35:50.351Z"}
{"level":"info","message":"Received POST request to /api/auth/register","service":"auth-service","timestamp":"2026-08-05T13:35:56.801Z"}
{"level":"info","message":"Request body, [object Object]","service":"auth-service","timestamp":"2026-08-05T13:35:56.802Z"}
{"level":"info","message":"User registration endpoint called","service":"auth-service","timestamp":"2026-08-05T13:35:56.808Z"}
{"level":"error","message":"Error occurred while registering user","service":"auth-service","timestamp":"2026-08-05T13:35:56.929Z"}
{"level":"info","message":"Received POST request to /api/auth/register","service":"auth-service","timestamp":"2026-08-05T13:37:00.082Z"}
{"level":"info","message":"Request body, [object Object]","service":"auth-service","timestamp":"2026-08-05T13:37:00.082Z"}
{"level":"info","message":"User registration endpoint called","service":"auth-service","timestamp":"2026-08-05T13:37:00.085Z"}
{"level":"error","message":"Error occurred while registering user","service":"auth-service","timestamp":"2026-08-05T13:37:00.212Z"}
{"level":"info","message":"MongoDB Connected: ac-quji3pp-shard-00-02.uytcoeb.mongodb.net","service":"auth-service","timestamp":"2026-08-05T13:39:30.392Z"}
{"level":"info","message":"Server started on port 3001","service":"auth-service","timestamp":"2026-08-05T13:39:30.400Z"}
{"level":"info","message":"MongoDB Connected: ac-quji3pp-shard-00-00.uytcoeb.mongodb.net","service":"auth-service","timestamp":"2026-08-05T13:39:34.257Z"}
{"level":"info","message":"Server started on port 3001","service":"auth-service","timestamp":"2026-08-05T13:39:34.265Z"}
{"level":"info","message":"Received POST request to /api/auth/register","service":"auth-service","timestamp":"2026-08-05T13:39:50.569Z"}
{"level":"info","message":"Request body, [object Object]","service":"auth-service","timestamp":"2026-08-05T13:39:50.570Z"}
{"level":"info","message":"User registration endpoint called","service":"auth-service","timestamp":"2026-08-05T13:39:50.576Z"}
{"error":"next is not a function","level":"error","message":"Error occurred while registering user","service":"auth-service","stack":"TypeError: next is not a function\n    at model.<anonymous> (G:\\Reactjs\\reactdemo_projects\\nodejs\\nodejs-sangam\\microservice-app\\auth-service\\src\\models\\User.model.js:49:13)\n    at async Kareem.execPre (G:\\Reactjs\\reactdemo_projects\\nodejs\\nodejs-sangam\\microservice-app\\auth-service\\node_modules\\kareem\\index.js:61:24)\n    at async model.$__save (G:\\Reactjs\\reactdemo_projects\\nodejs\\nodejs-sangam\\microservice-app\\auth-service\\node_modules\\mongoose\\lib\\model.js:403:5)\n    at async maybeTracedSave (G:\\Reactjs\\reactdemo_projects\\nodejs\\nodejs-sangam\\microservice-app\\auth-service\\node_modules\\mongoose\\lib\\model.js:676:7)\n    at async userRegistrationController (G:\\Reactjs\\reactdemo_projects\\nodejs\\nodejs-sangam\\microservice-app\\auth-service\\src\\controllers\\user.controller.js:47:9)","timestamp":"2026-08-05T13:39:50.688Z"}
{"level":"info","message":"MongoDB Connected: ac-quji3pp-shard-00-02.uytcoeb.mongodb.net","service":"auth-service","timestamp":"2026-08-05T13:40:03.337Z"}
{"level":"info","message":"Server started on port 3001","service":"auth-service","timestamp":"2026-08-05T13:40:03.345Z"}
{"level":"info","message":"Received POST request to /api/auth/register","service":"auth-service","timestamp":"2026-08-05T13:40:08.979Z"}
{"level":"info","message":"Request body, [object Object]","service":"auth-service","timestamp":"2026-08-05T13:40:08.980Z"}
{"level":"info","message":"User registration endpoint called","service":"auth-service","timestamp":"2026-08-05T13:40:08.986Z"}
{"error":"next is not a function","level":"error","message":"Error occurred while registering user","service":"auth-service","stack":"TypeError: next is not a function\n    at model.<anonymous> (G:\\Reactjs\\reactdemo_projects\\nodejs\\nodejs-sangam\\microservice-app\\auth-service\\src\\models\\User.model.js:49:13)\n    at async Kareem.execPre (G:\\Reactjs\\reactdemo_projects\\nodejs\\nodejs-sangam\\microservice-app\\auth-service\\node_modules\\kareem\\index.js:61:24)\n    at async model.$__save (G:\\Reactjs\\reactdemo_projects\\nodejs\\nodejs-sangam\\microservice-app\\auth-service\\node_modules\\mongoose\\lib\\model.js:403:5)\n    at async maybeTracedSave (G:\\Reactjs\\reactdemo_projects\\nodejs\\nodejs-sangam\\microservice-app\\auth-service\\node_modules\\mongoose\\lib\\model.js:676:7)\n    at async userRegistrationController (G:\\Reactjs\\reactdemo_projects\\nodejs\\nodejs-sangam\\microservice-app\\auth-service\\src\\controllers\\user.controller.js:47:9)","timestamp":"2026-08-05T13:40:09.112Z"}
{"level":"info","message":"MongoDB Connected: ac-quji3pp-shard-00-00.uytcoeb.mongodb.net","service":"auth-service","timestamp":"2026-08-05T13:40:29.856Z"}
{"level":"info","message":"Server started on port 3001","service":"auth-service","timestamp":"2026-08-05T13:40:29.864Z"}
{"level":"info","message":"MongoDB Connected: ac-quji3pp-shard-00-01.uytcoeb.mongodb.net","service":"auth-service","timestamp":"2026-08-05T13:40:32.790Z"}
{"level":"info","message":"Server started on port 3001","service":"auth-service","timestamp":"2026-08-05T13:40:32.797Z"}
{"level":"info","message":"Received POST request to /api/auth/register","service":"auth-service","timestamp":"2026-08-05T13:40:43.925Z"}
{"level":"info","message":"Request body, [object Object]","service":"auth-service","timestamp":"2026-08-05T13:40:43.926Z"}
{"level":"info","message":"User registration endpoint called","service":"auth-service","timestamp":"2026-08-05T13:40:43.931Z"}
{"level":"info","message":"new user data {\n  username: 'admin_username',\n  email: 'adminnew@gmail.com',\n  password: '$argon2id$v=19$m=65536,p=4,t=3$4W5j/0RRMiSW/xKV3r+2DA$yykYJh0N4DKzCDA9xF2EObKqvWGnpgDRpTCNfPK/W9Q',\n  _id: new ObjectId('6a733d5b62de5472793c9917'),\n  createdAt: 2026-08-05T13:40:43.992Z,\n  updatedAt: 2026-08-05T13:40:43.992Z,\n  __v: 0\n}","service":"auth-service","timestamp":"2026-08-05T13:40:44.106Z"}
{"level":"info","message":"Access token created","service":"auth-service","timestamp":"2026-08-05T13:40:44.110Z"}
{"level":"info","message":"Refresh token created","service":"auth-service","timestamp":"2026-08-05T13:40:44.155Z"}
{"level":"info","message":"User registered successfully: 6a733d5b62de5472793c9917","service":"auth-service","timestamp":"2026-08-05T13:40:44.156Z"}
{"level":"info","message":"MongoDB Connected: ac-quji3pp-shard-00-02.uytcoeb.mongodb.net","service":"auth-service","timestamp":"2026-08-05T13:43:55.177Z"}
{"level":"info","message":"Server started on port 3001","service":"auth-service","timestamp":"2026-08-05T13:43:55.185Z"}
{"level":"info","message":"MongoDB Connected: ac-quji3pp-shard-00-01.uytcoeb.mongodb.net","service":"auth-service","timestamp":"2026-08-05T13:44:23.846Z"}
{"level":"info","message":"Server started on port 3001","service":"auth-service","timestamp":"2026-08-05T13:44:23.864Z"}
{"level":"info","message":"MongoDB Connected: ac-quji3pp-shard-00-02.uytcoeb.mongodb.net","service":"auth-service","timestamp":"2026-08-05T13:44:30.893Z"}
{"level":"info","message":"Server started on port 3001","service":"auth-service","timestamp":"2026-08-05T13:44:30.901Z"}
{"level":"info","message":"MongoDB Connected: ac-quji3pp-shard-00-01.uytcoeb.mongodb.net","service":"auth-service","timestamp":"2026-08-05T13:44:37.465Z"}
{"level":"info","message":"Server started on port 3001","service":"auth-service","timestamp":"2026-08-05T13:44:37.473Z"}
{"level":"info","message":"Received POST request to /api/auth/register","service":"auth-service","timestamp":"2026-08-05T13:46:53.282Z"}
{"level":"info","message":"Request body, [object Object]","service":"auth-service","timestamp":"2026-08-05T13:46:53.283Z"}
{"level":"info","message":"User registration endpoint called","service":"auth-service","timestamp":"2026-08-05T13:46:53.289Z"}
{"level":"info","message":"new user data {\n  username: 'admin_username2',\n  email: 'adminnew@gmail2.com',\n  password: '$argon2id$v=19$m=65536,p=4,t=3$YzNHw/s6/9zkmkjIuw3gcg$xaaTqzR2+glGCnGwNRL0pUOFqMSuPbgfACYTTGM8Wug',\n  _id: new ObjectId('6a733ecd46169ee70b82b70e'),\n  createdAt: 2026-08-05T13:46:53.341Z,\n  updatedAt: 2026-08-05T13:46:53.341Z,\n  __v: 0\n}","service":"auth-service","timestamp":"2026-08-05T13:46:53.453Z"}
{"level":"info","message":"Access token created","service":"auth-service","timestamp":"2026-08-05T13:46:53.457Z"}
{"level":"info","message":"Refresh token created","service":"auth-service","timestamp":"2026-08-05T13:46:53.495Z"}
{"level":"info","message":"User registered successfully: 6a733ecd46169ee70b82b70e","service":"auth-service","timestamp":"2026-08-05T13:46:53.495Z"}
{"level":"info","message":"Received POST request to /api/auth/register","service":"auth-service","timestamp":"2026-08-05T13:51:15.275Z"}
{"level":"info","message":"Request body, [object Object]","service":"auth-service","timestamp":"2026-08-05T13:51:15.275Z"}
{"level":"info","message":"User registration endpoint called","service":"auth-service","timestamp":"2026-08-05T13:51:15.277Z"}
{"level":"warn","message":"User already exists with the provided email or username","service":"auth-service","timestamp":"2026-08-05T13:51:15.315Z"}
{"level":"info","message":"Received POST request to /api/auth/register","service":"auth-service","timestamp":"2026-08-05T13:57:11.076Z"}
{"level":"info","message":"Request body, [object Object]","service":"auth-service","timestamp":"2026-08-05T13:57:11.076Z"}
{"level":"info","message":"User registration endpoint called","service":"auth-service","timestamp":"2026-08-05T13:57:11.079Z"}
{"level":"warn","message":"User already exists with the provided email or username","service":"auth-service","timestamp":"2026-08-05T13:57:11.116Z"}
{"level":"info","message":"Received POST request to /api/auth/register","service":"auth-service","timestamp":"2026-08-05T13:57:15.567Z"}
{"level":"info","message":"Request body, [object Object]","service":"auth-service","timestamp":"2026-08-05T13:57:15.568Z"}
{"level":"info","message":"User registration endpoint called","service":"auth-service","timestamp":"2026-08-05T13:57:15.569Z"}
{"level":"info","message":"new user data {\n  username: 'admin_username3',\n  email: 'adminnew@gmail3.com',\n  password: '$argon2id$v=19$m=65536,p=4,t=3$Pgxr2AdWDZdngV1kRYHaPA$o4oRS2PdXdIaMGuPROXA1BhRoA7dj3o0rFTluM7OMVs',\n  _id: new ObjectId('6a73413b46169ee70b82b710'),\n  createdAt: 2026-08-05T13:57:15.604Z,\n  updatedAt: 2026-08-05T13:57:15.604Z,\n  __v: 0\n}","service":"auth-service","timestamp":"2026-08-05T13:57:15.729Z"}
{"level":"info","message":"Access token created","service":"auth-service","timestamp":"2026-08-05T13:57:15.731Z"}
{"level":"info","message":"Refresh token created","service":"auth-service","timestamp":"2026-08-05T13:57:15.770Z"}
{"level":"info","message":"User registered successfully: 6a73413b46169ee70b82b710","service":"auth-service","timestamp":"2026-08-05T13:57:15.770Z"}
{"level":"error","message":"Could not connect to any servers in your MongoDB Atlas cluster. One common reason is that you're trying to access the database from an IP that isn't whitelisted. Make sure your current IP address is on your Atlas cluster's IP whitelist: https://www.mongodb.com/docs/atlas/security-whitelist/","service":"auth-service","timestamp":"2026-08-09T06:34:23.487Z"}
{"level":"info","message":"MongoDB Connected: ac-quji3pp-shard-00-00.uytcoeb.mongodb.net","service":"auth-service","timestamp":"2026-08-09T06:35:32.828Z"}
{"level":"info","message":"Server started on port 3001","service":"auth-service","timestamp":"2026-08-09T06:35:32.837Z"}
{"level":"info","message":"MongoDB Connected: ac-quji3pp-shard-00-02.uytcoeb.mongodb.net","service":"auth-service","timestamp":"2026-08-09T06:52:25.150Z"}
{"level":"info","message":"Server started on port 3001","service":"auth-service","timestamp":"2026-08-09T06:52:25.157Z"}
{"level":"info","message":"Received POST request to /api/auth/register","service":"auth-service","timestamp":"2026-08-09T06:52:28.211Z"}
{"level":"info","message":"Request body, [object Object]","service":"auth-service","timestamp":"2026-08-09T06:52:28.211Z"}
{"level":"info","message":"User registration endpoint called","service":"auth-service","timestamp":"2026-08-09T06:52:28.247Z"}
{"level":"warn","message":"User already exists with the provided email or username","service":"auth-service","timestamp":"2026-08-09T06:52:28.298Z"}
{"level":"info","message":"Received POST request to /api/auth/register","service":"auth-service","timestamp":"2026-08-09T06:52:35.061Z"}
{"level":"info","message":"Request body, [object Object]","service":"auth-service","timestamp":"2026-08-09T06:52:35.061Z"}
{"level":"info","message":"User registration endpoint called","service":"auth-service","timestamp":"2026-08-09T06:52:35.064Z"}
{"level":"info","message":"new user data {\n  username: 'admin_username4',\n  email: 'adminnew@gmail4.com',\n  password: '$argon2id$v=19$m=65536,p=4,t=3$4FO2xmLbKUIRDCggVDgjNQ$dq0wJ8Gk1eBuuph3wTKEKbkJRGyyJEyFhbJsI2kh6ak',\n  _id: new ObjectId('6a7823b3e96e907d7957929a'),\n  createdAt: 2026-08-09T06:52:35.112Z,\n  updatedAt: 2026-08-09T06:52:35.112Z,\n  __v: 0\n}","service":"auth-service","timestamp":"2026-08-09T06:52:35.230Z"}
{"level":"info","message":"Access token created","service":"auth-service","timestamp":"2026-08-09T06:52:35.234Z"}
{"level":"info","message":"Refresh token created","service":"auth-service","timestamp":"2026-08-09T06:52:35.277Z"}
{"level":"info","message":"User registered successfully: 6a7823b3e96e907d7957929a","service":"auth-service","timestamp":"2026-08-09T06:52:35.278Z"}
{"level":"info","message":"MongoDB Connected: ac-quji3pp-shard-00-01.uytcoeb.mongodb.net","service":"auth-service","timestamp":"2026-08-09T07:12:56.424Z"}
{"level":"info","message":"Server started on port 3001","service":"auth-service","timestamp":"2026-08-09T07:12:56.432Z"}
{"level":"info","message":"MongoDB Connected: ac-quji3pp-shard-00-01.uytcoeb.mongodb.net","service":"auth-service","timestamp":"2026-08-09T10:13:45.949Z"}
{"level":"info","message":"Server started on port 3001","service":"auth-service","timestamp":"2026-08-09T10:13:45.958Z"}
{"level":"info","message":"MongoDB Connected: ac-quji3pp-shard-00-02.uytcoeb.mongodb.net","service":"auth-service","timestamp":"2026-08-09T10:13:49.618Z"}
{"level":"info","message":"Server started on port 3001","service":"auth-service","timestamp":"2026-08-09T10:13:49.625Z"}
{"level":"info","message":"MongoDB Connected: ac-quji3pp-shard-00-01.uytcoeb.mongodb.net","service":"auth-service","timestamp":"2026-08-09T10:14:33.104Z"}
{"level":"info","message":"Server started on port 3001","service":"auth-service","timestamp":"2026-08-09T10:14:33.111Z"}
{"level":"info","message":"MongoDB Connected: ac-quji3pp-shard-00-02.uytcoeb.mongodb.net","service":"auth-service","timestamp":"2026-08-09T10:14:34.540Z"}
{"level":"info","message":"Server started on port 3001","service":"auth-service","timestamp":"2026-08-09T10:14:34.547Z"}
{"level":"info","message":"Received POST request to /api/auth/register","service":"auth-service","timestamp":"2026-08-09T10:15:08.995Z"}
{"level":"info","message":"Request body, [object Object]","service":"auth-service","timestamp":"2026-08-09T10:15:08.996Z"}
{"level":"info","message":"User registration endpoint called","service":"auth-service","timestamp":"2026-08-09T10:15:09.002Z"}
{"level":"warn","message":"User already exists with the provided email or username","service":"auth-service","timestamp":"2026-08-09T10:15:09.051Z"}
{"level":"info","message":"Received POST request to /api/auth/register","service":"auth-service","timestamp":"2026-08-09T10:15:20.596Z"}
{"level":"info","message":"Request body, [object Object]","service":"auth-service","timestamp":"2026-08-09T10:15:20.602Z"}
{"level":"info","message":"User registration endpoint called","service":"auth-service","timestamp":"2026-08-09T10:15:20.606Z"}
{"level":"warn","message":"Validation error during user registration: \"username\" is required","service":"auth-service","timestamp":"2026-08-09T10:15:20.609Z"}
{"level":"info","message":"Received POST request to /api/auth/register","service":"auth-service","timestamp":"2026-08-09T10:15:35.006Z"}
{"level":"info","message":"Request body, [object Object]","service":"auth-service","timestamp":"2026-08-09T10:15:35.007Z"}
{"level":"info","message":"User registration endpoint called","service":"auth-service","timestamp":"2026-08-09T10:15:35.008Z"}
{"level":"warn","message":"User already exists with the provided email or username","service":"auth-service","timestamp":"2026-08-09T10:15:35.046Z"}
{"level":"info","message":"Received POST request to /api/auth/login","service":"auth-service","timestamp":"2026-08-09T10:15:48.023Z"}
{"level":"info","message":"Request body, [object Object]","service":"auth-service","timestamp":"2026-08-09T10:15:48.024Z"}
{"level":"info","message":"User login endpoint called","service":"auth-service","timestamp":"2026-08-09T10:15:48.025Z"}
{"level":"error","message":"User not found with username","service":"auth-service","timestamp":"2026-08-09T10:15:48.059Z"}
{"level":"info","message":"MongoDB Connected: ac-quji3pp-shard-00-01.uytcoeb.mongodb.net","service":"auth-service","timestamp":"2026-08-09T10:16:21.764Z"}
{"level":"info","message":"Server started on port 3001","service":"auth-service","timestamp":"2026-08-09T10:16:21.771Z"}
{"level":"info","message":"MongoDB Connected: ac-quji3pp-shard-00-01.uytcoeb.mongodb.net","service":"auth-service","timestamp":"2026-08-09T10:16:39.712Z"}
{"level":"info","message":"Server started on port 3001","service":"auth-service","timestamp":"2026-08-09T10:16:39.720Z"}
{"level":"info","message":"MongoDB Connected: ac-quji3pp-shard-00-02.uytcoeb.mongodb.net","service":"auth-service","timestamp":"2026-08-09T10:16:50.035Z"}
{"level":"info","message":"Server started on port 3001","service":"auth-service","timestamp":"2026-08-09T10:16:50.043Z"}
{"level":"info","message":"Received POST request to /api/auth/login","service":"auth-service","timestamp":"2026-08-09T10:16:55.483Z"}
{"level":"info","message":"Request body, [object Object]","service":"auth-service","timestamp":"2026-08-09T10:16:55.484Z"}
{"level":"info","message":"User login endpoint called","service":"auth-service","timestamp":"2026-08-09T10:16:55.487Z"}
{"ip":"::1","level":"error","message":"User.comaprePassword is not a function","method":"POST","service":"auth-service","stack":"TypeError: User.comaprePassword is not a function\n    at userLoginController (G:\\Reactjs\\reactdemo_projects\\nodejs\\nodejs-sangam\\microservice-app\\auth-service\\src\\controllers\\user.controller.js:92:42)\n    at process.processTicksAndRejections (node:internal/process/task_queues:95:5)","timestamp":"2026-08-09T10:16:55.530Z","url":"/api/auth/login"}
{"level":"info","message":"Received POST request to /api/auth/register","service":"auth-service","timestamp":"2026-08-09T10:17:17.743Z"}
{"level":"info","message":"Request body, [object Object]","service":"auth-service","timestamp":"2026-08-09T10:17:17.743Z"}
{"level":"info","message":"User registration endpoint called","service":"auth-service","timestamp":"2026-08-09T10:17:17.746Z"}
{"level":"warn","message":"User already exists with the provided email or username","service":"auth-service","timestamp":"2026-08-09T10:17:17.788Z"}
{"level":"info","message":"MongoDB Connected: ac-quji3pp-shard-00-02.uytcoeb.mongodb.net","service":"auth-service","timestamp":"2026-08-09T10:17:37.161Z"}
{"level":"info","message":"Server started on port 3001","service":"auth-service","timestamp":"2026-08-09T10:17:37.168Z"}
{"level":"info","message":"Received POST request to /api/auth/login","service":"auth-service","timestamp":"2026-08-09T10:17:48.357Z"}
{"level":"info","message":"Request body, [object Object]","service":"auth-service","timestamp":"2026-08-09T10:17:48.357Z"}
{"level":"info","message":"User login endpoint called","service":"auth-service","timestamp":"2026-08-09T10:17:48.360Z"}
{"ip":"::1","level":"error","message":"User.comaprePassword is not a function","method":"POST","service":"auth-service","stack":"TypeError: User.comaprePassword is not a function\n    at userLoginController (G:\\Reactjs\\reactdemo_projects\\nodejs\\nodejs-sangam\\microservice-app\\auth-service\\src\\controllers\\user.controller.js:92:42)\n    at process.processTicksAndRejections (node:internal/process/task_queues:95:5)","timestamp":"2026-08-09T10:17:48.405Z","url":"/api/auth/login"}
{"level":"info","message":"MongoDB Connected: ac-quji3pp-shard-00-00.uytcoeb.mongodb.net","service":"auth-service","timestamp":"2026-08-09T10:18:31.149Z"}
{"level":"info","message":"Server started on port 3001","service":"auth-service","timestamp":"2026-08-09T10:18:31.159Z"}
{"level":"info","message":"Received POST request to /api/auth/login","service":"auth-service","timestamp":"2026-08-09T10:18:33.809Z"}
{"level":"info","message":"Request body, [object Object]","service":"auth-service","timestamp":"2026-08-09T10:18:33.810Z"}
{"level":"info","message":"User login endpoint called","service":"auth-service","timestamp":"2026-08-09T10:18:33.814Z"}
{"ip":"::1","level":"error","message":"User.comaprePassword is not a function","method":"POST","service":"auth-service","stack":"TypeError: User.comaprePassword is not a function\n    at userLoginController (G:\\Reactjs\\reactdemo_projects\\nodejs\\nodejs-sangam\\microservice-app\\auth-service\\src\\controllers\\user.controller.js:92:42)\n    at process.processTicksAndRejections (node:internal/process/task_queues:95:5)","timestamp":"2026-08-09T10:18:33.855Z","url":"/api/auth/login"}
{"level":"info","message":"Received POST request to /api/auth/login","service":"auth-service","timestamp":"2026-08-09T10:19:13.665Z"}
{"level":"info","message":"Request body, [object Object]","service":"auth-service","timestamp":"2026-08-09T10:19:13.666Z"}
{"level":"info","message":"User login endpoint called","service":"auth-service","timestamp":"2026-08-09T10:19:13.668Z"}
{"ip":"::1","level":"error","message":"User.comaprePassword is not a function","method":"POST","service":"auth-service","stack":"TypeError: User.comaprePassword is not a function\n    at userLoginController (G:\\Reactjs\\reactdemo_projects\\nodejs\\nodejs-sangam\\microservice-app\\auth-service\\src\\controllers\\user.controller.js:92:42)\n    at process.processTicksAndRejections (node:internal/process/task_queues:95:5)","timestamp":"2026-08-09T10:19:13.703Z","url":"/api/auth/login"}
{"level":"info","message":"MongoDB Connected: ac-quji3pp-shard-00-00.uytcoeb.mongodb.net","service":"auth-service","timestamp":"2026-08-09T10:19:46.668Z"}
{"level":"info","message":"Server started on port 3001","service":"auth-service","timestamp":"2026-08-09T10:19:46.675Z"}
{"level":"info","message":"Received POST request to /api/auth/login","service":"auth-service","timestamp":"2026-08-09T10:19:47.688Z"}
{"level":"info","message":"Request body, [object Object]","service":"auth-service","timestamp":"2026-08-09T10:19:47.688Z"}
{"level":"info","message":"User login endpoint called","service":"auth-service","timestamp":"2026-08-09T10:19:47.692Z"}
{"level":"info","message":{"email":"adminnew@gmail4.com","password":"AdminNew@1234","username":"admin_username4"},"service":"auth-service","timestamp":"2026-08-09T10:19:47.692Z"}
{"ip":"::1","level":"error","message":"User.comaprePassword is not a function","method":"POST","service":"auth-service","stack":"TypeError: User.comaprePassword is not a function\n    at userLoginController (G:\\Reactjs\\reactdemo_projects\\nodejs\\nodejs-sangam\\microservice-app\\auth-service\\src\\controllers\\user.controller.js:94:42)\n    at process.processTicksAndRejections (node:internal/process/task_queues:95:5)","timestamp":"2026-08-09T10:19:47.733Z","url":"/api/auth/login"}
{"level":"info","message":"MongoDB Connected: ac-quji3pp-shard-00-02.uytcoeb.mongodb.net","service":"auth-service","timestamp":"2026-08-09T10:20:14.339Z"}
{"level":"info","message":"Server started on port 3001","service":"auth-service","timestamp":"2026-08-09T10:20:14.348Z"}
{"level":"info","message":"Received POST request to /api/auth/login","service":"auth-service","timestamp":"2026-08-09T10:20:16.102Z"}
{"level":"info","message":"Request body, [object Object]","service":"auth-service","timestamp":"2026-08-09T10:20:16.102Z"}
{"level":"info","message":"User login endpoint called","service":"auth-service","timestamp":"2026-08-09T10:20:16.106Z"}
{"ip":"::1","level":"error","message":"User.comaprePassword is not a function","method":"POST","service":"auth-service","stack":"TypeError: User.comaprePassword is not a function\n    at userLoginController (G:\\Reactjs\\reactdemo_projects\\nodejs\\nodejs-sangam\\microservice-app\\auth-service\\src\\controllers\\user.controller.js:93:42)\n    at process.processTicksAndRejections (node:internal/process/task_queues:95:5)","timestamp":"2026-08-09T10:20:16.149Z","url":"/api/auth/login"}
{"level":"info","message":"Received POST request to /api/auth/login","service":"auth-service","timestamp":"2026-08-09T10:22:45.883Z"}
{"level":"info","message":"Request body, [object Object]","service":"auth-service","timestamp":"2026-08-09T10:22:45.883Z"}
{"level":"info","message":"User login endpoint called","service":"auth-service","timestamp":"2026-08-09T10:22:45.884Z"}
{"ip":"::1","level":"error","message":"User.comaprePassword is not a function","method":"POST","service":"auth-service","stack":"TypeError: User.comaprePassword is not a function\n    at userLoginController (G:\\Reactjs\\reactdemo_projects\\nodejs\\nodejs-sangam\\microservice-app\\auth-service\\src\\controllers\\user.controller.js:93:42)\n    at process.processTicksAndRejections (node:internal/process/task_queues:95:5)","timestamp":"2026-08-09T10:22:45.921Z","url":"/api/auth/login"}
{"level":"info","message":"Received POST request to /api/auth/register","service":"auth-service","timestamp":"2026-08-09T10:23:15.273Z"}
{"level":"info","message":"Request body, [object Object]","service":"auth-service","timestamp":"2026-08-09T10:23:15.273Z"}
{"level":"info","message":"User registration endpoint called","service":"auth-service","timestamp":"2026-08-09T10:23:15.278Z"}
{"level":"warn","message":"User already exists with the provided email or username","service":"auth-service","timestamp":"2026-08-09T10:23:15.333Z"}
{"level":"info","message":"Received POST request to /api/auth/login","service":"auth-service","timestamp":"2026-08-09T10:23:39.280Z"}
{"level":"info","message":"Request body, [object Object]","service":"auth-service","timestamp":"2026-08-09T10:23:39.281Z"}
{"level":"info","message":"User login endpoint called","service":"auth-service","timestamp":"2026-08-09T10:23:39.282Z"}
{"ip":"::1","level":"error","message":"User.comaprePassword is not a function","method":"POST","service":"auth-service","stack":"TypeError: User.comaprePassword is not a function\n    at userLoginController (G:\\Reactjs\\reactdemo_projects\\nodejs\\nodejs-sangam\\microservice-app\\auth-service\\src\\controllers\\user.controller.js:93:42)\n    at process.processTicksAndRejections (node:internal/process/task_queues:95:5)","timestamp":"2026-08-09T10:23:39.316Z","url":"/api/auth/login"}
{"level":"info","message":"MongoDB Connected: ac-quji3pp-shard-00-01.uytcoeb.mongodb.net","service":"auth-service","timestamp":"2026-08-09T10:23:50.023Z"}
{"level":"info","message":"Server started on port 3001","service":"auth-service","timestamp":"2026-08-09T10:23:50.031Z"}
{"level":"info","message":"Received POST request to /api/auth/login","service":"auth-service","timestamp":"2026-08-09T10:23:56.357Z"}
{"level":"info","message":"Request body, [object Object]","service":"auth-service","timestamp":"2026-08-09T10:23:56.357Z"}
{"level":"info","message":"User login endpoint called","service":"auth-service","timestamp":"2026-08-09T10:23:56.363Z"}
{"ip":"::1","level":"error","message":"User.comaprePassword is not a function","method":"POST","service":"auth-service","stack":"TypeError: User.comaprePassword is not a function\n    at userLoginController (G:\\Reactjs\\reactdemo_projects\\nodejs\\nodejs-sangam\\microservice-app\\auth-service\\src\\controllers\\user.controller.js:93:42)\n    at process.processTicksAndRejections (node:internal/process/task_queues:95:5)","timestamp":"2026-08-09T10:23:56.407Z","url":"/api/auth/login"}
{"level":"info","message":"MongoDB Connected: ac-quji3pp-shard-00-02.uytcoeb.mongodb.net","service":"auth-service","timestamp":"2026-08-09T10:24:54.146Z"}
{"level":"info","message":"Server started on port 3001","service":"auth-service","timestamp":"2026-08-09T10:24:54.153Z"}
{"level":"info","message":"Received POST request to /api/auth/login","service":"auth-service","timestamp":"2026-08-09T10:24:55.872Z"}
{"level":"info","message":"Request body, [object Object]","service":"auth-service","timestamp":"2026-08-09T10:24:55.872Z"}
{"level":"info","message":"User login endpoint called","service":"auth-service","timestamp":"2026-08-09T10:24:55.880Z"}
{"ip":"::1","level":"error","message":"User.comaprePassword is not a function","method":"POST","service":"auth-service","stack":"TypeError: User.comaprePassword is not a function\n    at userLoginController (G:\\Reactjs\\reactdemo_projects\\nodejs\\nodejs-sangam\\microservice-app\\auth-service\\src\\controllers\\user.controller.js:93:42)\n    at process.processTicksAndRejections (node:internal/process/task_queues:95:5)","timestamp":"2026-08-09T10:24:55.921Z","url":"/api/auth/login"}
{"level":"info","message":"MongoDB Connected: ac-quji3pp-shard-00-01.uytcoeb.mongodb.net","service":"auth-service","timestamp":"2026-08-09T10:25:09.627Z"}
{"level":"info","message":"Server started on port 3001","service":"auth-service","timestamp":"2026-08-09T10:25:09.634Z"}
{"level":"info","message":"Received POST request to /api/auth/login","service":"auth-service","timestamp":"2026-08-09T10:25:12.203Z"}
{"level":"info","message":"Request body, [object Object]","service":"auth-service","timestamp":"2026-08-09T10:25:12.204Z"}
{"level":"info","message":"sdfsdfsdfsdfsf","service":"auth-service","timestamp":"2026-08-09T10:25:12.211Z"}
{"ip":"::1","level":"error","message":"User.comaprePassword is not a function","method":"POST","service":"auth-service","stack":"TypeError: User.comaprePassword is not a function\n    at userLoginController (G:\\Reactjs\\reactdemo_projects\\nodejs\\nodejs-sangam\\microservice-app\\auth-service\\src\\controllers\\user.controller.js:93:42)\n    at process.processTicksAndRejections (node:internal/process/task_queues:95:5)","timestamp":"2026-08-09T10:25:12.252Z","url":"/api/auth/login"}
{"level":"info","message":"MongoDB Connected: ac-quji3pp-shard-00-01.uytcoeb.mongodb.net","service":"auth-service","timestamp":"2026-08-09T10:25:36.375Z"}
{"level":"info","message":"Server started on port 3001","service":"auth-service","timestamp":"2026-08-09T10:25:36.383Z"}
{"level":"info","message":"Received POST request to /api/auth/login","service":"auth-service","timestamp":"2026-08-09T10:25:38.073Z"}
{"level":"info","message":"Request body, [object Object]","service":"auth-service","timestamp":"2026-08-09T10:25:38.074Z"}
{"level":"info","message":"User login endpoint called","service":"auth-service","timestamp":"2026-08-09T10:25:38.079Z"}
{"ip":"::1","level":"error","message":"User.comaprePassword is not a function","method":"POST","service":"auth-service","stack":"TypeError: User.comaprePassword is not a function\n    at userLoginController (G:\\Reactjs\\reactdemo_projects\\nodejs\\nodejs-sangam\\microservice-app\\auth-service\\src\\controllers\\user.controller.js:93:42)\n    at process.processTicksAndRejections (node:internal/process/task_queues:95:5)","timestamp":"2026-08-09T10:25:38.123Z","url":"/api/auth/login"}
{"level":"info","message":"MongoDB Connected: ac-quji3pp-shard-00-02.uytcoeb.mongodb.net","service":"auth-service","timestamp":"2026-08-09T10:26:09.903Z"}
{"level":"info","message":"Server started on port 3001","service":"auth-service","timestamp":"2026-08-09T10:26:09.911Z"}
{"level":"info","message":"Received POST request to /api/auth/login","service":"auth-service","timestamp":"2026-08-09T10:26:11.663Z"}
{"level":"info","message":"Request body, [object Object]","service":"auth-service","timestamp":"2026-08-09T10:26:11.664Z"}
{"level":"info","message":"User login endpoint called","service":"auth-service","timestamp":"2026-08-09T10:26:11.670Z"}
{"ip":"::1","level":"error","message":"user.comaprePassword is not a function","method":"POST","service":"auth-service","stack":"TypeError: user.comaprePassword is not a function\n    at userLoginController (G:\\Reactjs\\reactdemo_projects\\nodejs\\nodejs-sangam\\microservice-app\\auth-service\\src\\controllers\\user.controller.js:93:42)\n    at process.processTicksAndRejections (node:internal/process/task_queues:95:5)","timestamp":"2026-08-09T10:26:11.713Z","url":"/api/auth/login"}
{"level":"info","message":"MongoDB Connected: ac-quji3pp-shard-00-00.uytcoeb.mongodb.net","service":"auth-service","timestamp":"2026-08-09T10:27:04.866Z"}
{"level":"info","message":"Server started on port 3001","service":"auth-service","timestamp":"2026-08-09T10:27:04.874Z"}
{"level":"info","message":"Received POST request to /api/auth/login","service":"auth-service","timestamp":"2026-08-09T10:27:07.034Z"}
{"level":"info","message":"Request body, [object Object]","service":"auth-service","timestamp":"2026-08-09T10:27:07.034Z"}
{"level":"info","message":"User login endpoint called","service":"auth-service","timestamp":"2026-08-09T10:27:07.041Z"}
{"level":"info","message":"Access token created","service":"auth-service","timestamp":"2026-08-09T10:27:07.150Z"}
{"level":"info","message":"Refresh token created","service":"auth-service","timestamp":"2026-08-09T10:27:07.196Z"}
{"level":"info","message":"User logged in successfully","service":"auth-service","timestamp":"2026-08-09T10:27:07.197Z"}
{"level":"info","message":"MongoDB Connected: ac-quji3pp-shard-00-00.uytcoeb.mongodb.net","service":"auth-service","timestamp":"2026-08-09T10:27:23.749Z"}
{"level":"info","message":"Server started on port 3001","service":"auth-service","timestamp":"2026-08-09T10:27:23.756Z"}
{"level":"info","message":"Received POST request to /api/auth/login","service":"auth-service","timestamp":"2026-08-09T10:27:38.482Z"}
{"level":"info","message":"Request body, [object Object]","service":"auth-service","timestamp":"2026-08-09T10:27:38.483Z"}
{"level":"info","message":"User login endpoint called","service":"auth-service","timestamp":"2026-08-09T10:27:38.489Z"}
{"level":"info","message":"Access token created","service":"auth-service","timestamp":"2026-08-09T10:27:38.593Z"}
{"level":"info","message":"Refresh token created","service":"auth-service","timestamp":"2026-08-09T10:27:38.638Z"}
{"level":"info","message":"User logged in successfully","service":"auth-service","timestamp":"2026-08-09T10:27:38.638Z"}
{"level":"info","message":"Received POST request to /api/auth/login","service":"auth-service","timestamp":"2026-08-09T10:27:46.536Z"}
{"level":"info","message":"Request body, [object Object]","service":"auth-service","timestamp":"2026-08-09T10:27:46.536Z"}
{"level":"info","message":"User login endpoint called","service":"auth-service","timestamp":"2026-08-09T10:27:46.538Z"}
{"level":"info","message":"Access token created","service":"auth-service","timestamp":"2026-08-09T10:27:46.636Z"}
{"level":"info","message":"Refresh token created","service":"auth-service","timestamp":"2026-08-09T10:27:46.672Z"}
{"level":"info","message":"User logged in successfully","service":"auth-service","timestamp":"2026-08-09T10:27:46.672Z"}
{"level":"info","message":"Received POST request to /api/auth/login","service":"auth-service","timestamp":"2026-08-09T10:27:52.598Z"}
{"level":"info","message":"Request body, [object Object]","service":"auth-service","timestamp":"2026-08-09T10:27:52.599Z"}
{"level":"info","message":"User login endpoint called","service":"auth-service","timestamp":"2026-08-09T10:27:52.601Z"}
{"level":"error","message":"User not found with username","service":"auth-service","timestamp":"2026-08-09T10:27:52.634Z"}
{"level":"info","message":"Received POST request to /api/auth/login","service":"auth-service","timestamp":"2026-08-09T10:27:59.652Z"}
{"level":"info","message":"Request body, [object Object]","service":"auth-service","timestamp":"2026-08-09T10:27:59.653Z"}
{"level":"info","message":"User login endpoint called","service":"auth-service","timestamp":"2026-08-09T10:27:59.654Z"}
{"level":"info","message":"Access token created","service":"auth-service","timestamp":"2026-08-09T10:27:59.751Z"}
{"level":"info","message":"Refresh token created","service":"auth-service","timestamp":"2026-08-09T10:27:59.799Z"}
{"level":"info","message":"User logged in successfully","service":"auth-service","timestamp":"2026-08-09T10:27:59.799Z"}
{"level":"info","message":"Received POST request to /api/auth/login","service":"auth-service","timestamp":"2026-08-09T10:28:04.723Z"}
{"level":"info","message":"Request body, [object Object]","service":"auth-service","timestamp":"2026-08-09T10:28:04.723Z"}
{"level":"info","message":"User login endpoint called","service":"auth-service","timestamp":"2026-08-09T10:28:04.725Z"}
{"level":"info","message":"Access token created","service":"auth-service","timestamp":"2026-08-09T10:28:04.825Z"}
{"level":"info","message":"Refresh token created","service":"auth-service","timestamp":"2026-08-09T10:28:04.864Z"}
{"level":"info","message":"User logged in successfully","service":"auth-service","timestamp":"2026-08-09T10:28:04.864Z"}
{"level":"info","message":"MongoDB Connected: ac-quji3pp-shard-00-02.uytcoeb.mongodb.net","service":"auth-service","timestamp":"2026-08-09T10:28:47.907Z"}
{"level":"info","message":"Server started on port 3001","service":"auth-service","timestamp":"2026-08-09T10:28:47.914Z"}
{"level":"info","message":"Received POST request to /api/auth/login","service":"auth-service","timestamp":"2026-08-09T10:28:57.953Z"}
{"level":"info","message":"Request body, [object Object]","service":"auth-service","timestamp":"2026-08-09T10:28:57.954Z"}
{"level":"info","message":"User login endpoint called","service":"auth-service","timestamp":"2026-08-09T10:28:57.960Z"}
{"ip":"::1","level":"error","message":"email is not defined","method":"POST","service":"auth-service","stack":"ReferenceError: email is not defined\n    at userLoginController (G:\\Reactjs\\reactdemo_projects\\nodejs\\nodejs-sangam\\microservice-app\\auth-service\\src\\controllers\\user.controller.js:82:57)\n    at Layer.handleRequest (G:\\Reactjs\\reactdemo_projects\\nodejs\\nodejs-sangam\\microservice-app\\auth-service\\node_modules\\router\\lib\\layer.js:152:17)\n    at next (G:\\Reactjs\\reactdemo_projects\\nodejs\\nodejs-sangam\\microservice-app\\auth-service\\node_modules\\router\\lib\\route.js:157:13)\n    at Route.dispatch (G:\\Reactjs\\reactdemo_projects\\nodejs\\nodejs-sangam\\microservice-app\\auth-service\\node_modules\\router\\lib\\route.js:117:3)\n    at handle (G:\\Reactjs\\reactdemo_projects\\nodejs\\nodejs-sangam\\microservice-app\\auth-service\\node_modules\\router\\index.js:435:11)\n    at Layer.handleRequest (G:\\Reactjs\\reactdemo_projects\\nodejs\\nodejs-sangam\\microservice-app\\auth-service\\node_modules\\router\\lib\\layer.js:152:17)\n    at G:\\Reactjs\\reactdemo_projects\\nodejs\\nodejs-sangam\\microservice-app\\auth-service\\node_modules\\router\\index.js:295:15\n    at processParams (G:\\Reactjs\\reactdemo_projects\\nodejs\\nodejs-sangam\\microservice-app\\auth-service\\node_modules\\router\\index.js:582:12)\n    at next (G:\\Reactjs\\reactdemo_projects\\nodejs\\nodejs-sangam\\microservice-app\\auth-service\\node_modules\\router\\index.js:291:5)\n    at Function.handle (G:\\Reactjs\\reactdemo_projects\\nodejs\\nodejs-sangam\\microservice-app\\auth-service\\node_modules\\router\\index.js:186:3)","timestamp":"2026-08-09T10:28:57.961Z","url":"/api/auth/login"}
{"level":"info","message":"MongoDB Connected: ac-quji3pp-shard-00-02.uytcoeb.mongodb.net","service":"auth-service","timestamp":"2026-08-09T10:29:35.502Z"}
{"level":"info","message":"Server started on port 3001","service":"auth-service","timestamp":"2026-08-09T10:29:35.511Z"}
{"level":"info","message":"Received POST request to /api/auth/login","service":"auth-service","timestamp":"2026-08-09T10:29:37.512Z"}
{"level":"info","message":"Request body, [object Object]","service":"auth-service","timestamp":"2026-08-09T10:29:37.513Z"}
{"level":"info","message":"User login endpoint called","service":"auth-service","timestamp":"2026-08-09T10:29:37.519Z"}
{"level":"info","message":"Access token created","service":"auth-service","timestamp":"2026-08-09T10:29:37.627Z"}
{"level":"info","message":"Refresh token created","service":"auth-service","timestamp":"2026-08-09T10:29:37.670Z"}
{"level":"info","message":"User logged in successfully","service":"auth-service","timestamp":"2026-08-09T10:29:37.671Z"}
{"level":"info","message":"Received POST request to /api/auth/login","service":"auth-service","timestamp":"2026-08-09T10:29:47.256Z"}
{"level":"info","message":"Request body, [object Object]","service":"auth-service","timestamp":"2026-08-09T10:29:47.257Z"}
{"level":"info","message":"User login endpoint called","service":"auth-service","timestamp":"2026-08-09T10:29:47.260Z"}
{"level":"error","message":"User not found with username","service":"auth-service","timestamp":"2026-08-09T10:29:47.295Z"}
{"level":"info","message":"Received POST request to /api/auth/login","service":"auth-service","timestamp":"2026-08-09T10:29:54.189Z"}
{"level":"info","message":"Request body, [object Object]","service":"auth-service","timestamp":"2026-08-09T10:29:54.190Z"}
{"level":"info","message":"User login endpoint called","service":"auth-service","timestamp":"2026-08-09T10:29:54.191Z"}
{"level":"error","message":"User not found with username","service":"auth-service","timestamp":"2026-08-09T10:29:54.224Z"}
{"level":"info","message":"Received POST request to /api/auth/login","service":"auth-service","timestamp":"2026-08-09T10:30:03.807Z"}
{"level":"info","message":"Request body, [object Object]","service":"auth-service","timestamp":"2026-08-09T10:30:03.807Z"}
{"level":"info","message":"User login endpoint called","service":"auth-service","timestamp":"2026-08-09T10:30:03.809Z"}
{"level":"info","message":"Access token created","service":"auth-service","timestamp":"2026-08-09T10:30:03.910Z"}
{"level":"info","message":"Refresh token created","service":"auth-service","timestamp":"2026-08-09T10:30:03.946Z"}
{"level":"info","message":"User logged in successfully","service":"auth-service","timestamp":"2026-08-09T10:30:03.947Z"}
{"level":"info","message":"Received POST request to /api/auth/login","service":"auth-service","timestamp":"2026-08-09T10:30:09.196Z"}
{"level":"info","message":"Request body, [object Object]","service":"auth-service","timestamp":"2026-08-09T10:30:09.196Z"}
{"level":"info","message":"User login endpoint called","service":"auth-service","timestamp":"2026-08-09T10:30:09.198Z"}
{"level":"error","message":"User not found with username","service":"auth-service","timestamp":"2026-08-09T10:30:09.233Z"}
{"level":"info","message":"MongoDB Connected: ac-quji3pp-shard-00-00.uytcoeb.mongodb.net","service":"auth-service","timestamp":"2026-08-09T10:30:38.656Z"}
{"level":"info","message":"Server started on port 3001","service":"auth-service","timestamp":"2026-08-09T10:30:38.663Z"}
{"level":"info","message":"MongoDB Connected: ac-quji3pp-shard-00-00.uytcoeb.mongodb.net","service":"auth-service","timestamp":"2026-08-09T10:30:55.076Z"}
{"level":"info","message":"Server started on port 3001","service":"auth-service","timestamp":"2026-08-09T10:30:55.083Z"}
{"level":"info","message":"MongoDB Connected: ac-quji3pp-shard-00-02.uytcoeb.mongodb.net","service":"auth-service","timestamp":"2026-08-09T10:31:01.693Z"}
{"level":"info","message":"Server started on port 3001","service":"auth-service","timestamp":"2026-08-09T10:31:01.700Z"}
{"level":"info","message":"MongoDB Connected: ac-quji3pp-shard-00-01.uytcoeb.mongodb.net","service":"auth-service","timestamp":"2026-08-09T10:31:06.395Z"}
{"level":"info","message":"Server started on port 3001","service":"auth-service","timestamp":"2026-08-09T10:31:06.402Z"}
{"level":"info","message":"MongoDB Connected: ac-quji3pp-shard-00-02.uytcoeb.mongodb.net","service":"auth-service","timestamp":"2026-08-09T10:32:01.554Z"}
{"level":"info","message":"Server started on port 3001","service":"auth-service","timestamp":"2026-08-09T10:32:01.561Z"}
{"level":"info","message":"MongoDB Connected: ac-quji3pp-shard-00-00.uytcoeb.mongodb.net","service":"auth-service","timestamp":"2026-08-09T10:33:51.825Z"}
{"level":"info","message":"Server started on port 3001","service":"auth-service","timestamp":"2026-08-09T10:33:51.833Z"}
{"level":"info","message":"MongoDB Connected: ac-quji3pp-shard-00-02.uytcoeb.mongodb.net","service":"auth-service","timestamp":"2026-08-09T10:33:54.604Z"}
{"level":"info","message":"Server started on port 3001","service":"auth-service","timestamp":"2026-08-09T10:33:54.612Z"}
{"level":"info","message":"MongoDB Connected: ac-quji3pp-shard-00-02.uytcoeb.mongodb.net","service":"auth-service","timestamp":"2026-08-09T10:34:09.475Z"}
{"level":"info","message":"Server started on port 3001","service":"auth-service","timestamp":"2026-08-09T10:34:09.483Z"}
{"level":"info","message":"MongoDB Connected: ac-quji3pp-shard-00-02.uytcoeb.mongodb.net","service":"auth-service","timestamp":"2026-08-09T10:36:27.069Z"}
{"level":"info","message":"Server started on port 3001","service":"auth-service","timestamp":"2026-08-09T10:36:27.076Z"}
{"level":"info","message":"MongoDB Connected: ac-quji3pp-shard-00-02.uytcoeb.mongodb.net","service":"auth-service","timestamp":"2026-08-09T10:40:52.929Z"}
{"level":"info","message":"Server started on port 3001","service":"auth-service","timestamp":"2026-08-09T10:40:52.937Z"}
{"level":"info","message":"MongoDB Connected: ac-quji3pp-shard-00-01.uytcoeb.mongodb.net","service":"auth-service","timestamp":"2026-08-09T10:41:17.037Z"}
{"level":"info","message":"Server started on port 3001","service":"auth-service","timestamp":"2026-08-09T10:41:17.044Z"}
{"level":"info","message":"MongoDB Connected: ac-quji3pp-shard-00-01.uytcoeb.mongodb.net","service":"auth-service","timestamp":"2026-08-09T10:41:19.938Z"}
{"level":"info","message":"Server started on port 3001","service":"auth-service","timestamp":"2026-08-09T10:41:19.946Z"}
{"level":"info","message":"MongoDB Connected: ac-quji3pp-shard-00-01.uytcoeb.mongodb.net","service":"auth-service","timestamp":"2026-08-09T10:42:31.244Z"}
{"level":"info","message":"Server started on port 3001","service":"auth-service","timestamp":"2026-08-09T10:42:31.251Z"}
{"level":"info","message":"MongoDB Connected: ac-quji3pp-shard-00-01.uytcoeb.mongodb.net","service":"auth-service","timestamp":"2026-08-09T10:42:41.366Z"}
{"level":"info","message":"Server started on port 3001","service":"auth-service","timestamp":"2026-08-09T10:42:41.374Z"}
{"level":"info","message":"MongoDB Connected: ac-quji3pp-shard-00-00.uytcoeb.mongodb.net","service":"auth-service","timestamp":"2026-08-09T10:43:55.961Z"}
{"level":"info","message":"Server started on port 3001","service":"auth-service","timestamp":"2026-08-09T10:43:55.968Z"}
{"level":"info","message":"MongoDB Connected: ac-quji3pp-shard-00-00.uytcoeb.mongodb.net","service":"auth-service","timestamp":"2026-08-09T10:45:27.067Z"}
{"level":"info","message":"Server started on port 3001","service":"auth-service","timestamp":"2026-08-09T10:45:27.074Z"}
{"level":"info","message":"MongoDB Connected: ac-quji3pp-shard-00-02.uytcoeb.mongodb.net","service":"auth-service","timestamp":"2026-08-09T10:45:59.128Z"}
{"level":"info","message":"Server started on port 3001","service":"auth-service","timestamp":"2026-08-09T10:45:59.136Z"}
{"level":"info","message":"MongoDB Connected: ac-quji3pp-shard-00-02.uytcoeb.mongodb.net","service":"auth-service","timestamp":"2026-08-09T10:46:25.735Z"}
{"level":"info","message":"Server started on port 3001","service":"auth-service","timestamp":"2026-08-09T10:46:25.743Z"}
{"level":"info","message":"MongoDB Connected: ac-quji3pp-shard-00-01.uytcoeb.mongodb.net","service":"auth-service","timestamp":"2026-08-09T10:46:44.238Z"}
{"level":"info","message":"Server started on port 3001","service":"auth-service","timestamp":"2026-08-09T10:46:44.247Z"}
{"level":"info","message":"MongoDB Connected: ac-quji3pp-shard-00-01.uytcoeb.mongodb.net","service":"auth-service","timestamp":"2026-08-09T10:47:51.025Z"}
{"level":"info","message":"Server started on port 3001","service":"auth-service","timestamp":"2026-08-09T10:47:51.032Z"}
{"level":"info","message":"MongoDB Connected: ac-quji3pp-shard-00-02.uytcoeb.mongodb.net","service":"auth-service","timestamp":"2026-08-09T10:48:09.723Z"}
{"level":"info","message":"Server started on port 3001","service":"auth-service","timestamp":"2026-08-09T10:48:09.731Z"}
{"level":"info","message":"MongoDB Connected: ac-quji3pp-shard-00-01.uytcoeb.mongodb.net","service":"auth-service","timestamp":"2026-08-09T10:48:28.161Z"}
{"level":"info","message":"Server started on port 3001","service":"auth-service","timestamp":"2026-08-09T10:48:28.169Z"}
{"level":"info","message":"MongoDB Connected: ac-quji3pp-shard-00-02.uytcoeb.mongodb.net","service":"auth-service","timestamp":"2026-08-09T10:48:29.963Z"}
{"level":"info","message":"Server started on port 3001","service":"auth-service","timestamp":"2026-08-09T10:48:29.971Z"}
{"level":"info","message":"MongoDB Connected: ac-quji3pp-shard-00-02.uytcoeb.mongodb.net","service":"auth-service","timestamp":"2026-08-09T10:48:44.143Z"}
{"level":"info","message":"Server started on port 3001","service":"auth-service","timestamp":"2026-08-09T10:48:44.150Z"}
{"level":"info","message":"MongoDB Connected: ac-quji3pp-shard-00-01.uytcoeb.mongodb.net","service":"auth-service","timestamp":"2026-08-09T10:48:53.759Z"}
{"level":"info","message":"Server started on port 3001","service":"auth-service","timestamp":"2026-08-09T10:48:53.766Z"}
{"level":"info","message":"MongoDB Connected: ac-quji3pp-shard-00-01.uytcoeb.mongodb.net","service":"auth-service","timestamp":"2026-08-09T10:49:13.254Z"}
{"level":"info","message":"Server started on port 3001","service":"auth-service","timestamp":"2026-08-09T10:49:13.262Z"}
{"level":"info","message":"MongoDB Connected: ac-quji3pp-shard-00-00.uytcoeb.mongodb.net","service":"auth-service","timestamp":"2026-08-09T10:49:16.720Z"}
{"level":"info","message":"Server started on port 3001","service":"auth-service","timestamp":"2026-08-09T10:49:16.727Z"}
{"level":"info","message":"MongoDB Connected: ac-quji3pp-shard-00-00.uytcoeb.mongodb.net","service":"auth-service","timestamp":"2026-08-09T10:49:18.553Z"}
{"level":"info","message":"Server started on port 3001","service":"auth-service","timestamp":"2026-08-09T10:49:18.560Z"}
{"level":"info","message":"MongoDB Connected: ac-quji3pp-shard-00-00.uytcoeb.mongodb.net","service":"auth-service","timestamp":"2026-08-09T10:49:33.997Z"}
{"level":"info","message":"Server started on port 3001","service":"auth-service","timestamp":"2026-08-09T10:49:34.005Z"}
{"level":"info","message":"Received POST request to /api/auth/login","service":"auth-service","timestamp":"2026-08-09T10:49:52.403Z"}
{"level":"info","message":"Request body, [object Object]","service":"auth-service","timestamp":"2026-08-09T10:49:52.404Z"}
{"level":"info","message":"User login endpoint called","service":"auth-service","timestamp":"2026-08-09T10:49:52.442Z"}
{"level":"info","message":"Access token created","service":"auth-service","timestamp":"2026-08-09T10:49:52.556Z"}
{"level":"info","message":"Refresh token created","service":"auth-service","timestamp":"2026-08-09T10:49:52.600Z"}
{"level":"info","message":"User logged in successfully","service":"auth-service","timestamp":"2026-08-09T10:49:52.601Z"}
{"level":"info","message":"MongoDB Connected: ac-quji3pp-shard-00-00.uytcoeb.mongodb.net","service":"auth-service","timestamp":"2026-08-09T10:52:09.600Z"}
{"level":"info","message":"Server started on port 3001","service":"auth-service","timestamp":"2026-08-09T10:52:09.608Z"}
{"level":"info","message":"MongoDB Connected: ac-quji3pp-shard-00-00.uytcoeb.mongodb.net","service":"auth-service","timestamp":"2026-08-09T10:52:31.795Z"}
{"level":"info","message":"Server started on port 3001","service":"auth-service","timestamp":"2026-08-09T10:52:31.802Z"}
{"level":"info","message":"MongoDB Connected: ac-quji3pp-shard-00-01.uytcoeb.mongodb.net","service":"auth-service","timestamp":"2026-08-09T10:52:45.365Z"}
{"level":"info","message":"Server started on port 3001","service":"auth-service","timestamp":"2026-08-09T10:52:45.375Z"}
{"level":"info","message":"Received POST request to /api/auth/token","service":"auth-service","timestamp":"2026-08-09T10:54:52.186Z"}
{"level":"info","message":"Request body, [object Object]","service":"auth-service","timestamp":"2026-08-09T10:54:52.187Z"}
{"level":"info","message":"User token endpoint called","service":"auth-service","timestamp":"2026-08-09T10:54:52.191Z"}
{"level":"error","message":"Invalid or expired refresh token","service":"auth-service","timestamp":"2026-08-09T10:54:52.231Z"}
{"level":"info","message":"Received POST request to /api/auth/login","service":"auth-service","timestamp":"2026-08-09T10:55:13.559Z"}
{"level":"info","message":"Request body, [object Object]","service":"auth-service","timestamp":"2026-08-09T10:55:13.559Z"}
{"level":"info","message":"User login endpoint called","service":"auth-service","timestamp":"2026-08-09T10:55:13.563Z"}
{"level":"info","message":"Access token created","service":"auth-service","timestamp":"2026-08-09T10:55:13.755Z"}
{"level":"info","message":"Refresh token created","service":"auth-service","timestamp":"2026-08-09T10:55:13.815Z"}
{"level":"info","message":"User logged in successfully","service":"auth-service","timestamp":"2026-08-09T10:55:13.815Z"}
{"level":"info","message":"Received POST request to /api/auth/token","service":"auth-service","timestamp":"2026-08-09T10:55:21.553Z"}
{"level":"info","message":"Request body, [object Object]","service":"auth-service","timestamp":"2026-08-09T10:55:21.553Z"}
{"level":"info","message":"User token endpoint called","service":"auth-service","timestamp":"2026-08-09T10:55:21.554Z"}
{"level":"error","message":"Invalid or expired refresh token","service":"auth-service","timestamp":"2026-08-09T10:55:21.589Z"}
{"level":"info","message":"Received POST request to /api/auth/token","service":"auth-service","timestamp":"2026-08-09T10:55:45.930Z"}
{"level":"info","message":"Request body, [object Object]","service":"auth-service","timestamp":"2026-08-09T10:55:45.930Z"}
{"level":"info","message":"User token endpoint called","service":"auth-service","timestamp":"2026-08-09T10:55:45.932Z"}
{"level":"error","message":"Invalid or expired refresh token","service":"auth-service","timestamp":"2026-08-09T10:55:45.968Z"}
{"level":"info","message":"Received POST request to /api/auth/token","service":"auth-service","timestamp":"2026-08-09T10:56:22.312Z"}
{"level":"info","message":"Request body, [object Object]","service":"auth-service","timestamp":"2026-08-09T10:56:22.312Z"}
{"level":"info","message":"User token endpoint called","service":"auth-service","timestamp":"2026-08-09T10:56:22.313Z"}
{"level":"error","message":"Refresh token missing","service":"auth-service","timestamp":"2026-08-09T10:56:22.313Z"}
{"level":"info","message":"MongoDB Connected: ac-quji3pp-shard-00-02.uytcoeb.mongodb.net","service":"auth-service","timestamp":"2026-08-09T10:56:45.798Z"}
{"level":"info","message":"Server started on port 3001","service":"auth-service","timestamp":"2026-08-09T10:56:45.805Z"}
{"level":"info","message":"Received POST request to /api/auth/token","service":"auth-service","timestamp":"2026-08-09T10:56:47.058Z"}
{"level":"info","message":"Request body, [object Object]","service":"auth-service","timestamp":"2026-08-09T10:56:47.058Z"}
{"level":"info","message":"User token endpoint called","service":"auth-service","timestamp":"2026-08-09T10:56:47.062Z"}
{"level":"error","message":"Invalid or expired refresh token","service":"auth-service","timestamp":"2026-08-09T10:56:47.102Z"}
{"level":"info","message":"Received POST request to /api/auth/token","service":"auth-service","timestamp":"2026-08-09T10:57:50.001Z"}
{"level":"info","message":"Request body, [object Object]","service":"auth-service","timestamp":"2026-08-09T10:57:50.001Z"}
{"level":"info","message":"User token endpoint called","service":"auth-service","timestamp":"2026-08-09T10:57:50.003Z"}
{"level":"error","message":"Invalid or expired refresh token","service":"auth-service","timestamp":"2026-08-09T10:57:50.038Z"}
{"level":"info","message":"Received POST request to /api/auth/login","service":"auth-service","timestamp":"2026-08-09T10:58:36.637Z"}
{"level":"info","message":"Request body, [object Object]","service":"auth-service","timestamp":"2026-08-09T10:58:36.637Z"}
{"level":"info","message":"User login endpoint called","service":"auth-service","timestamp":"2026-08-09T10:58:36.640Z"}
{"level":"info","message":"Access token created","service":"auth-service","timestamp":"2026-08-09T10:58:36.738Z"}
{"level":"info","message":"Refresh token created","service":"auth-service","timestamp":"2026-08-09T10:58:36.782Z"}
{"level":"info","message":"User logged in successfully","service":"auth-service","timestamp":"2026-08-09T10:58:36.783Z"}
{"level":"info","message":"Received POST request to /api/auth/token","service":"auth-service","timestamp":"2026-08-09T10:58:55.436Z"}
{"level":"info","message":"Request body, [object Object]","service":"auth-service","timestamp":"2026-08-09T10:58:55.437Z"}
{"level":"info","message":"User token endpoint called","service":"auth-service","timestamp":"2026-08-09T10:58:55.438Z"}
{"level":"error","message":"Invalid or expired refresh token","service":"auth-service","timestamp":"2026-08-09T10:58:55.474Z"}
{"level":"info","message":"Received POST request to /api/auth/token","service":"auth-service","timestamp":"2026-08-09T10:59:08.931Z"}
{"level":"info","message":"Request body, [object Object]","service":"auth-service","timestamp":"2026-08-09T10:59:08.932Z"}
{"level":"info","message":"User token endpoint called","service":"auth-service","timestamp":"2026-08-09T10:59:08.932Z"}
{"level":"error","message":"Invalid or expired refresh token","service":"auth-service","timestamp":"2026-08-09T10:59:08.966Z"}
{"level":"info","message":"MongoDB Connected: ac-quji3pp-shard-00-00.uytcoeb.mongodb.net","service":"auth-service","timestamp":"2026-08-09T11:02:46.438Z"}
{"level":"info","message":"Server started on port 3001","service":"auth-service","timestamp":"2026-08-09T11:02:46.448Z"}
{"level":"info","message":"Received POST request to /api/auth/token","service":"auth-service","timestamp":"2026-08-09T11:02:57.428Z"}
{"level":"info","message":"Request body, [object Object]","service":"auth-service","timestamp":"2026-08-09T11:02:57.429Z"}
{"level":"info","message":"User token endpoint called","service":"auth-service","timestamp":"2026-08-09T11:02:57.433Z"}
{"level":"error","message":"Invalid or expired refresh token","service":"auth-service","timestamp":"2026-08-09T11:02:57.473Z"}
{"level":"info","message":"Received POST request to /api/auth/token","service":"auth-service","timestamp":"2026-08-09T11:05:25.010Z"}
{"level":"info","message":"Request body, [object Object]","service":"auth-service","timestamp":"2026-08-09T11:05:25.011Z"}
{"level":"info","message":"User token endpoint called","service":"auth-service","timestamp":"2026-08-09T11:05:25.013Z"}
{"level":"error","message":"Invalid or expired refresh token","service":"auth-service","timestamp":"2026-08-09T11:05:25.063Z"}
{"level":"info","message":"Received POST request to /api/auth/token","service":"auth-service","timestamp":"2026-08-09T11:05:37.504Z"}
{"level":"info","message":"Request body, [object Object]","service":"auth-service","timestamp":"2026-08-09T11:05:37.504Z"}
{"level":"info","message":"User token endpoint called","service":"auth-service","timestamp":"2026-08-09T11:05:37.505Z"}
{"level":"error","message":"Invalid or expired refresh token","service":"auth-service","timestamp":"2026-08-09T11:05:37.539Z"}
{"level":"info","message":"MongoDB Connected: ac-quji3pp-shard-00-01.uytcoeb.mongodb.net","service":"auth-service","timestamp":"2026-08-09T11:06:49.135Z"}
{"level":"info","message":"Server started on port 3001","service":"auth-service","timestamp":"2026-08-09T11:06:49.143Z"}
{"level":"info","message":"Received POST request to /api/auth/token","service":"auth-service","timestamp":"2026-08-09T11:06:51.104Z"}
{"level":"info","message":"Request body, [object Object]","service":"auth-service","timestamp":"2026-08-09T11:06:51.105Z"}
{"level":"info","message":"User token endpoint called","service":"auth-service","timestamp":"2026-08-09T11:06:51.134Z"}
{"level":"error","message":"Invalid or expired refresh token","service":"auth-service","timestamp":"2026-08-09T11:06:51.174Z"}
{"level":"info","message":"MongoDB Connected: ac-quji3pp-shard-00-00.uytcoeb.mongodb.net","service":"auth-service","timestamp":"2026-08-09T11:09:28.480Z"}
{"level":"info","message":"Server started on port 3001","service":"auth-service","timestamp":"2026-08-09T11:09:28.488Z"}
{"level":"info","message":"Received POST request to /api/auth/token","service":"auth-service","timestamp":"2026-08-09T11:09:29.283Z"}
{"level":"info","message":"Request body, [object Object]","service":"auth-service","timestamp":"2026-08-09T11:09:29.284Z"}
{"level":"info","message":"User token endpoint called","service":"auth-service","timestamp":"2026-08-09T11:09:29.289Z"}
{"level":"warn","message":"Refresh token not found","service":"auth-service","timestamp":"2026-08-09T11:09:29.330Z"}
{"level":"info","message":"Received POST request to /api/auth/login","service":"auth-service","timestamp":"2026-08-09T11:09:34.882Z"}
{"level":"info","message":"Request body, [object Object]","service":"auth-service","timestamp":"2026-08-09T11:09:34.882Z"}
{"level":"info","message":"User login endpoint called","service":"auth-service","timestamp":"2026-08-09T11:09:34.886Z"}
{"level":"info","message":"Access token created","service":"auth-service","timestamp":"2026-08-09T11:09:34.987Z"}
{"level":"info","message":"Refresh token created","service":"auth-service","timestamp":"2026-08-09T11:09:35.034Z"}
{"level":"info","message":"User logged in successfully","service":"auth-service","timestamp":"2026-08-09T11:09:35.034Z"}
{"level":"info","message":"Received POST request to /api/auth/token","service":"auth-service","timestamp":"2026-08-09T11:09:45.935Z"}
{"level":"info","message":"Request body, [object Object]","service":"auth-service","timestamp":"2026-08-09T11:09:45.935Z"}
{"level":"info","message":"User token endpoint called","service":"auth-service","timestamp":"2026-08-09T11:09:45.937Z"}
{"level":"warn","message":"Refresh token not found","service":"auth-service","timestamp":"2026-08-09T11:09:45.973Z"}
{"level":"info","message":"MongoDB Connected: ac-quji3pp-shard-00-02.uytcoeb.mongodb.net","service":"auth-service","timestamp":"2026-08-09T11:10:26.414Z"}
{"level":"info","message":"Server started on port 3001","service":"auth-service","timestamp":"2026-08-09T11:10:26.422Z"}
{"level":"info","message":"MongoDB Connected: ac-quji3pp-shard-00-00.uytcoeb.mongodb.net","service":"auth-service","timestamp":"2026-08-09T11:11:29.039Z"}
{"level":"info","message":"Server started on port 3001","service":"auth-service","timestamp":"2026-08-09T11:11:29.047Z"}
{"level":"info","message":"Received POST request to /api/auth/token","service":"auth-service","timestamp":"2026-08-09T11:11:35.140Z"}
{"level":"info","message":"Request body, [object Object]","service":"auth-service","timestamp":"2026-08-09T11:11:35.141Z"}
{"level":"info","message":"User token endpoint called","service":"auth-service","timestamp":"2026-08-09T11:11:35.147Z"}
{"level":"error","message":"Invalid or expired refresh token","service":"auth-service","timestamp":"2026-08-09T11:11:35.197Z"}
{"level":"info","message":"Received POST request to /api/auth/register","service":"auth-service","timestamp":"2026-08-09T11:12:49.915Z"}
{"level":"info","message":"Request body, [object Object]","service":"auth-service","timestamp":"2026-08-09T11:12:49.915Z"}
{"level":"info","message":"User registration endpoint called","service":"auth-service","timestamp":"2026-08-09T11:12:49.920Z"}
{"level":"info","message":"new user data admin_username5","service":"auth-service","timestamp":"2026-08-09T11:12:50.121Z"}
{"level":"info","message":"Access token created","service":"auth-service","timestamp":"2026-08-09T11:12:50.125Z"}
{"error":"RefreshToken validation failed: user: Path `user` is required.","level":"error","message":"Error creating refresh token: ","service":"auth-service","stack":"ValidationError: RefreshToken validation failed: user: Path `user` is required.\n    at model.validate (G:\\Reactjs\\reactdemo_projects\\nodejs\\nodejs-sangam\\microservice-app\\auth-service\\node_modules\\mongoose\\lib\\document.js:2910:36)\n    at process.processTicksAndRejections (node:internal/process/task_queues:95:5)\n    at async model.$__save (G:\\Reactjs\\reactdemo_projects\\nodejs\\nodejs-sangam\\microservice-app\\auth-service\\node_modules\\mongoose\\lib\\model.js:399:7)\n    at async maybeTracedSave (G:\\Reactjs\\reactdemo_projects\\nodejs\\nodejs-sangam\\microservice-app\\auth-service\\node_modules\\mongoose\\lib\\model.js:676:7)\n    at async Function.create (G:\\Reactjs\\reactdemo_projects\\nodejs\\nodejs-sangam\\microservice-app\\auth-service\\node_modules\\mongoose\\lib\\model.js:2764:5)\n    at async generateToken (G:\\Reactjs\\reactdemo_projects\\nodejs\\nodejs-sangam\\microservice-app\\auth-service\\src\\utils\\generateToken.js:37:9)\n    at async userRegistrationController (G:\\Reactjs\\reactdemo_projects\\nodejs\\nodejs-sangam\\microservice-app\\auth-service\\src\\controllers\\user.controller.js:52:47)","timestamp":"2026-08-09T11:12:50.129Z"}
{"error":"Failed to generate refresh token","level":"error","message":"Error occurred while registering user","service":"auth-service","stack":"Error: Failed to generate refresh token\n    at generateToken (G:\\Reactjs\\reactdemo_projects\\nodejs\\nodejs-sangam\\microservice-app\\auth-service\\src\\utils\\generateToken.js:48:15)\n    at process.processTicksAndRejections (node:internal/process/task_queues:95:5)\n    at async userRegistrationController (G:\\Reactjs\\reactdemo_projects\\nodejs\\nodejs-sangam\\microservice-app\\auth-service\\src\\controllers\\user.controller.js:52:47)","timestamp":"2026-08-09T11:12:50.130Z"}
{"level":"info","message":"Received POST request to /api/auth/register","service":"auth-service","timestamp":"2026-08-09T11:12:59.393Z"}
{"level":"info","message":"Request body, [object Object]","service":"auth-service","timestamp":"2026-08-09T11:12:59.394Z"}
{"level":"info","message":"User registration endpoint called","service":"auth-service","timestamp":"2026-08-09T11:12:59.396Z"}
{"level":"warn","message":"User already exists with the provided email or username","service":"auth-service","timestamp":"2026-08-09T11:12:59.433Z"}
{"level":"info","message":"Received POST request to /api/auth/register","service":"auth-service","timestamp":"2026-08-09T11:13:27.088Z"}
{"level":"info","message":"Request body, [object Object]","service":"auth-service","timestamp":"2026-08-09T11:13:27.088Z"}
{"level":"info","message":"User registration endpoint called","service":"auth-service","timestamp":"2026-08-09T11:13:27.090Z"}
{"level":"info","message":"new user data admin_username5","service":"auth-service","timestamp":"2026-08-09T11:13:27.217Z"}
{"level":"info","message":"Access token created","service":"auth-service","timestamp":"2026-08-09T11:13:27.218Z"}
{"error":"RefreshToken validation failed: user: Path `user` is required.","level":"error","message":"Error creating refresh token: ","service":"auth-service","stack":"ValidationError: RefreshToken validation failed: user: Path `user` is required.\n    at model.validate (G:\\Reactjs\\reactdemo_projects\\nodejs\\nodejs-sangam\\microservice-app\\auth-service\\node_modules\\mongoose\\lib\\document.js:2910:36)\n    at process.processTicksAndRejections (node:internal/process/task_queues:95:5)\n    at async model.$__save (G:\\Reactjs\\reactdemo_projects\\nodejs\\nodejs-sangam\\microservice-app\\auth-service\\node_modules\\mongoose\\lib\\model.js:399:7)\n    at async maybeTracedSave (G:\\Reactjs\\reactdemo_projects\\nodejs\\nodejs-sangam\\microservice-app\\auth-service\\node_modules\\mongoose\\lib\\model.js:676:7)\n    at async Function.create (G:\\Reactjs\\reactdemo_projects\\nodejs\\nodejs-sangam\\microservice-app\\auth-service\\node_modules\\mongoose\\lib\\model.js:2764:5)\n    at async generateToken (G:\\Reactjs\\reactdemo_projects\\nodejs\\nodejs-sangam\\microservice-app\\auth-service\\src\\utils\\generateToken.js:37:9)\n    at async userRegistrationController (G:\\Reactjs\\reactdemo_projects\\nodejs\\nodejs-sangam\\microservice-app\\auth-service\\src\\controllers\\user.controller.js:52:47)","timestamp":"2026-08-09T11:13:27.219Z"}
{"error":"Failed to generate refresh token","level":"error","message":"Error occurred while registering user","service":"auth-service","stack":"Error: Failed to generate refresh token\n    at generateToken (G:\\Reactjs\\reactdemo_projects\\nodejs\\nodejs-sangam\\microservice-app\\auth-service\\src\\utils\\generateToken.js:48:15)\n    at process.processTicksAndRejections (node:internal/process/task_queues:95:5)\n    at async userRegistrationController (G:\\Reactjs\\reactdemo_projects\\nodejs\\nodejs-sangam\\microservice-app\\auth-service\\src\\controllers\\user.controller.js:52:47)","timestamp":"2026-08-09T11:13:27.219Z"}
{"level":"info","message":"MongoDB Connected: ac-quji3pp-shard-00-02.uytcoeb.mongodb.net","service":"auth-service","timestamp":"2026-08-09T11:15:05.084Z"}
{"level":"info","message":"Server started on port 3001","service":"auth-service","timestamp":"2026-08-09T11:15:05.092Z"}
{"level":"info","message":"Received POST request to /api/auth/register","service":"auth-service","timestamp":"2026-08-09T11:15:21.951Z"}
{"level":"info","message":"Request body, [object Object]","service":"auth-service","timestamp":"2026-08-09T11:15:21.951Z"}
{"level":"info","message":"User registration endpoint called","service":"auth-service","timestamp":"2026-08-09T11:15:21.961Z"}
{"level":"info","message":"new user data admin_username5","service":"auth-service","timestamp":"2026-08-09T11:15:22.142Z"}
{"level":"info","message":"Access token created","service":"auth-service","timestamp":"2026-08-09T11:15:22.145Z"}
{"level":"info","message":"Refresh token created","service":"auth-service","timestamp":"2026-08-09T11:15:22.182Z"}
{"level":"info","message":"User registered successfully: 6a78614ae531022e66b4cbbd","service":"auth-service","timestamp":"2026-08-09T11:15:22.183Z"}
{"level":"info","message":"Received POST request to /api/auth/token","service":"auth-service","timestamp":"2026-08-09T11:15:36.932Z"}
{"level":"info","message":"Request body, [object Object]","service":"auth-service","timestamp":"2026-08-09T11:15:36.932Z"}
{"level":"info","message":"User token endpoint called","service":"auth-service","timestamp":"2026-08-09T11:15:36.934Z"}
{"level":"error","message":"Invalid or expired refresh token","service":"auth-service","timestamp":"2026-08-09T11:15:36.971Z"}
{"level":"info","message":"Received POST request to /api/auth/login","service":"auth-service","timestamp":"2026-08-09T11:16:48.262Z"}
{"level":"info","message":"Request body, [object Object]","service":"auth-service","timestamp":"2026-08-09T11:16:48.262Z"}
{"level":"info","message":"User login endpoint called","service":"auth-service","timestamp":"2026-08-09T11:16:48.264Z"}
{"level":"error","message":"User not found with username","service":"auth-service","timestamp":"2026-08-09T11:16:48.297Z"}
{"level":"info","message":"Received POST request to /api/auth/register","service":"auth-service","timestamp":"2026-08-09T11:17:32.847Z"}
{"level":"info","message":"Request body, [object Object]","service":"auth-service","timestamp":"2026-08-09T11:17:32.864Z"}
{"level":"info","message":"User registration endpoint called","service":"auth-service","timestamp":"2026-08-09T11:17:32.866Z"}
{"level":"info","message":"new user data admin_username1","service":"auth-service","timestamp":"2026-08-09T11:17:33.096Z"}
{"level":"info","message":"Access token created","service":"auth-service","timestamp":"2026-08-09T11:17:33.097Z"}
{"level":"info","message":"Refresh token created","service":"auth-service","timestamp":"2026-08-09T11:17:33.135Z"}
{"level":"info","message":"User registered successfully: 6a7861cce531022e66b4cbbf","service":"auth-service","timestamp":"2026-08-09T11:17:33.135Z"}
{"level":"info","message":"Received POST request to /api/auth/register","service":"auth-service","timestamp":"2026-08-09T11:19:37.756Z"}
{"level":"info","message":"Request body, [object Object]","service":"auth-service","timestamp":"2026-08-09T11:19:37.756Z"}
{"level":"info","message":"User registration endpoint called","service":"auth-service","timestamp":"2026-08-09T11:19:37.759Z"}
{"level":"info","message":"new user data admin_username1","service":"auth-service","timestamp":"2026-08-09T11:19:37.922Z"}
{"level":"info","message":"Access token created","service":"auth-service","timestamp":"2026-08-09T11:19:37.923Z"}
{"level":"info","message":"Refresh token created","service":"auth-service","timestamp":"2026-08-09T11:19:37.960Z"}
{"level":"info","message":"User registered successfully: 6a786249e531022e66b4cbc1","service":"auth-service","timestamp":"2026-08-09T11:19:37.960Z"}
{"level":"info","message":"MongoDB Connected: ac-quji3pp-shard-00-00.uytcoeb.mongodb.net","service":"auth-service","timestamp":"2026-08-09T11:24:25.260Z"}
{"level":"info","message":"Server started on port 3001","service":"auth-service","timestamp":"2026-08-09T11:24:25.267Z"}
{"level":"info","message":"Received POST request to /api/auth/token","service":"auth-service","timestamp":"2026-08-09T11:25:04.146Z"}
{"level":"info","message":"Request body, [object Object]","service":"auth-service","timestamp":"2026-08-09T11:25:04.147Z"}
{"level":"info","message":"User token endpoint called","service":"auth-service","timestamp":"2026-08-09T11:25:04.151Z"}
{"error":"crypto.createHash is not a function","level":"error","message":"Error occurred while refreshing token","service":"auth-service","stack":"TypeError: crypto.createHash is not a function\n    at userTokenController (G:\\Reactjs\\reactdemo_projects\\nodejs\\nodejs-sangam\\microservice-app\\auth-service\\src\\controllers\\user.controller.js:136:6)\n    at Layer.handleRequest (G:\\Reactjs\\reactdemo_projects\\nodejs\\nodejs-sangam\\microservice-app\\auth-service\\node_modules\\router\\lib\\layer.js:152:17)\n    at next (G:\\Reactjs\\reactdemo_projects\\nodejs\\nodejs-sangam\\microservice-app\\auth-service\\node_modules\\router\\lib\\route.js:157:13)\n    at Route.dispatch (G:\\Reactjs\\reactdemo_projects\\nodejs\\nodejs-sangam\\microservice-app\\auth-service\\node_modules\\router\\lib\\route.js:117:3)\n    at handle (G:\\Reactjs\\reactdemo_projects\\nodejs\\nodejs-sangam\\microservice-app\\auth-service\\node_modules\\router\\index.js:435:11)\n    at Layer.handleRequest (G:\\Reactjs\\reactdemo_projects\\nodejs\\nodejs-sangam\\microservice-app\\auth-service\\node_modules\\router\\lib\\layer.js:152:17)\n    at G:\\Reactjs\\reactdemo_projects\\nodejs\\nodejs-sangam\\microservice-app\\auth-service\\node_modules\\router\\index.js:295:15\n    at processParams (G:\\Reactjs\\reactdemo_projects\\nodejs\\nodejs-sangam\\microservice-app\\auth-service\\node_modules\\router\\index.js:582:12)\n    at next (G:\\Reactjs\\reactdemo_projects\\nodejs\\nodejs-sangam\\microservice-app\\auth-service\\node_modules\\router\\index.js:291:5)\n    at Function.handle (G:\\Reactjs\\reactdemo_projects\\nodejs\\nodejs-sangam\\microservice-app\\auth-service\\node_modules\\router\\index.js:186:3)","timestamp":"2026-08-09T11:25:04.154Z"}
{"level":"info","message":"MongoDB Connected: ac-quji3pp-shard-00-00.uytcoeb.mongodb.net","service":"auth-service","timestamp":"2026-08-09T11:25:38.848Z"}
{"level":"info","message":"Server started on port 3001","service":"auth-service","timestamp":"2026-08-09T11:25:38.856Z"}
{"level":"info","message":"Received POST request to /api/auth/token","service":"auth-service","timestamp":"2026-08-09T11:25:52.796Z"}
{"level":"info","message":"Request body, [object Object]","service":"auth-service","timestamp":"2026-08-09T11:25:52.796Z"}
{"level":"info","message":"User token endpoint called","service":"auth-service","timestamp":"2026-08-09T11:25:52.802Z"}
{"level":"info","message":"Access token created","service":"auth-service","timestamp":"2026-08-09T11:25:52.889Z"}
{"level":"info","message":"Refresh token created","service":"auth-service","timestamp":"2026-08-09T11:25:52.934Z"}
{"level":"info","message":"Token refreshed successfully","service":"auth-service","timestamp":"2026-08-09T11:25:52.935Z"}
{"error":"accessToken is not defined","level":"error","message":"Error occurred while refreshing token","service":"auth-service","stack":"ReferenceError: accessToken is not defined\n    at userTokenController (G:\\Reactjs\\reactdemo_projects\\nodejs\\nodejs-sangam\\microservice-app\\auth-service\\src\\controllers\\user.controller.js:166:13)\n    at process.processTicksAndRejections (node:internal/process/task_queues:95:5)","timestamp":"2026-08-09T11:25:52.935Z"}
{"level":"info","message":"Received POST request to /api/auth/token","service":"auth-service","timestamp":"2026-08-09T11:26:05.170Z"}
{"level":"info","message":"Request body, [object Object]","service":"auth-service","timestamp":"2026-08-09T11:26:05.170Z"}
{"level":"info","message":"User token endpoint called","service":"auth-service","timestamp":"2026-08-09T11:26:05.172Z"}
{"level":"error","message":"Invalid or expired refresh token","service":"auth-service","timestamp":"2026-08-09T11:26:05.205Z"}
{"level":"info","message":"MongoDB Connected: ac-quji3pp-shard-00-02.uytcoeb.mongodb.net","service":"auth-service","timestamp":"2026-08-09T11:26:16.139Z"}
{"level":"info","message":"Server started on port 3001","service":"auth-service","timestamp":"2026-08-09T11:26:16.147Z"}
{"level":"info","message":"Received POST request to /api/auth/token","service":"auth-service","timestamp":"2026-08-09T11:26:18.322Z"}
{"level":"info","message":"Request body, [object Object]","service":"auth-service","timestamp":"2026-08-09T11:26:18.323Z"}
{"level":"info","message":"User token endpoint called","service":"auth-service","timestamp":"2026-08-09T11:26:18.328Z"}
{"error":"crypto.createHash is not a function","level":"error","message":"Error occurred while refreshing token","service":"auth-service","stack":"TypeError: crypto.createHash is not a function\n    at userTokenController (G:\\Reactjs\\reactdemo_projects\\nodejs\\nodejs-sangam\\microservice-app\\auth-service\\src\\controllers\\user.controller.js:136:6)\n    at Layer.handleRequest (G:\\Reactjs\\reactdemo_projects\\nodejs\\nodejs-sangam\\microservice-app\\auth-service\\node_modules\\router\\lib\\layer.js:152:17)\n    at next (G:\\Reactjs\\reactdemo_projects\\nodejs\\nodejs-sangam\\microservice-app\\auth-service\\node_modules\\router\\lib\\route.js:157:13)\n    at Route.dispatch (G:\\Reactjs\\reactdemo_projects\\nodejs\\nodejs-sangam\\microservice-app\\auth-service\\node_modules\\router\\lib\\route.js:117:3)\n    at handle (G:\\Reactjs\\reactdemo_projects\\nodejs\\nodejs-sangam\\microservice-app\\auth-service\\node_modules\\router\\index.js:435:11)\n    at Layer.handleRequest (G:\\Reactjs\\reactdemo_projects\\nodejs\\nodejs-sangam\\microservice-app\\auth-service\\node_modules\\router\\lib\\layer.js:152:17)\n    at G:\\Reactjs\\reactdemo_projects\\nodejs\\nodejs-sangam\\microservice-app\\auth-service\\node_modules\\router\\index.js:295:15\n    at processParams (G:\\Reactjs\\reactdemo_projects\\nodejs\\nodejs-sangam\\microservice-app\\auth-service\\node_modules\\router\\index.js:582:12)\n    at next (G:\\Reactjs\\reactdemo_projects\\nodejs\\nodejs-sangam\\microservice-app\\auth-service\\node_modules\\router\\index.js:291:5)\n    at Function.handle (G:\\Reactjs\\reactdemo_projects\\nodejs\\nodejs-sangam\\microservice-app\\auth-service\\node_modules\\router\\index.js:186:3)","timestamp":"2026-08-09T11:26:18.331Z"}
{"level":"info","message":"MongoDB Connected: ac-quji3pp-shard-00-01.uytcoeb.mongodb.net","service":"auth-service","timestamp":"2026-08-09T11:26:25.378Z"}
{"level":"info","message":"Server started on port 3001","service":"auth-service","timestamp":"2026-08-09T11:26:25.389Z"}
{"level":"info","message":"Received POST request to /api/auth/register","service":"auth-service","timestamp":"2026-08-09T11:26:36.716Z"}
{"level":"info","message":"Request body, [object Object]","service":"auth-service","timestamp":"2026-08-09T11:26:36.716Z"}
{"level":"info","message":"User registration endpoint called","service":"auth-service","timestamp":"2026-08-09T11:26:36.721Z"}
{"level":"warn","message":"User already exists with the provided email or username","service":"auth-service","timestamp":"2026-08-09T11:26:36.770Z"}
{"level":"info","message":"MongoDB Connected: ac-quji3pp-shard-00-00.uytcoeb.mongodb.net","service":"auth-service","timestamp":"2026-08-09T11:42:48.320Z"}
{"level":"info","message":"Server started on port 3001","service":"auth-service","timestamp":"2026-08-09T11:42:48.330Z"}
{"level":"info","message":"MongoDB Connected: ac-quji3pp-shard-00-02.uytcoeb.mongodb.net","service":"auth-service","timestamp":"2026-08-09T11:42:54.420Z"}
{"level":"info","message":"Server started on port 3001","service":"auth-service","timestamp":"2026-08-09T11:42:54.428Z"}
{"level":"info","message":"MongoDB Connected: ac-quji3pp-shard-00-00.uytcoeb.mongodb.net","service":"auth-service","timestamp":"2026-08-09T11:45:36.199Z"}
{"level":"info","message":"Server started on port 3001","service":"auth-service","timestamp":"2026-08-09T11:45:36.206Z"}
{"level":"info","message":"Received POST request to /api/auth/register","service":"auth-service","timestamp":"2026-08-09T11:45:50.222Z"}
{"level":"info","message":"Request body, [object Object]","service":"auth-service","timestamp":"2026-08-09T11:45:50.222Z"}
{"level":"info","message":"User registration endpoint called","service":"auth-service","timestamp":"2026-08-09T11:45:50.229Z"}
{"level":"info","message":"new user data admin_username1","service":"auth-service","timestamp":"2026-08-09T11:45:50.412Z"}
{"level":"info","message":"Access token created","service":"auth-service","timestamp":"2026-08-09T11:45:50.415Z"}
{"level":"info","message":"Refresh token created","service":"auth-service","timestamp":"2026-08-09T11:45:50.463Z"}
{"level":"info","message":"User registered successfully: 6a78686ed1c621c1adaba5d8","service":"auth-service","timestamp":"2026-08-09T11:45:50.464Z"}
{"level":"info","message":"Received POST request to /api/auth/login","service":"auth-service","timestamp":"2026-08-09T11:46:05.397Z"}
{"level":"info","message":"Request body, [object Object]","service":"auth-service","timestamp":"2026-08-09T11:46:05.398Z"}
{"level":"info","message":"User login endpoint called","service":"auth-service","timestamp":"2026-08-09T11:46:05.400Z"}
{"level":"info","message":"Access token created","service":"auth-service","timestamp":"2026-08-09T11:46:05.517Z"}
{"level":"info","message":"Refresh token created","service":"auth-service","timestamp":"2026-08-09T11:46:05.561Z"}
{"level":"info","message":"User logged in successfully","service":"auth-service","timestamp":"2026-08-09T11:46:05.561Z"}
{"level":"info","message":"Received POST request to /api/auth/token","service":"auth-service","timestamp":"2026-08-09T11:46:16.114Z"}
{"level":"info","message":"Request body, [object Object]","service":"auth-service","timestamp":"2026-08-09T11:46:16.115Z"}
{"level":"info","message":"User token endpoint called","service":"auth-service","timestamp":"2026-08-09T11:46:16.116Z"}
{"level":"info","message":"Access token created","service":"auth-service","timestamp":"2026-08-09T11:46:16.219Z"}
{"level":"info","message":"Refresh token created","service":"auth-service","timestamp":"2026-08-09T11:46:16.256Z"}
{"level":"info","message":"Token refreshed successfully","service":"auth-service","timestamp":"2026-08-09T11:46:16.256Z"}
