{"level":"info","message":"API Gateway started on port 3000","service":"api-getway","timestamp":"2026-08-09T10:13:50.546Z"}
{"level":"info","message":"Received POST request to /v1/auth/register","service":"api-getway","timestamp":"2026-08-09T10:15:08.740Z"}
{"level":"info","message":"Request body, [object Object]","service":"api-getway","timestamp":"2026-08-09T10:15:08.741Z"}
{"level":"info","message":"Proxy response received from auth service: {\"success\":false,\"message\":\"User already exists with the provided email or username\"}","service":"api-getway","timestamp":"2026-08-09T10:15:09.047Z"}
{"level":"info","message":"Received POST request to /v1/auth/register","service":"api-getway","timestamp":"2026-08-09T10:15:20.559Z"}
{"level":"info","message":"Request body, [object Object]","service":"api-getway","timestamp":"2026-08-09T10:15:20.564Z"}
{"level":"info","message":"Proxy response received from auth service: {\"success\":false,\"message\":\"\\\"username\\\" is required\"}","service":"api-getway","timestamp":"2026-08-09T10:15:20.602Z"}
{"level":"info","message":"Received POST request to /v1/auth/register","service":"api-getway","timestamp":"2026-08-09T10:15:34.998Z"}
{"level":"info","message":"Request body, [object Object]","service":"api-getway","timestamp":"2026-08-09T10:15:34.998Z"}
{"level":"info","message":"Proxy response received from auth service: {\"success\":false,\"message\":\"User already exists with the provided email or username\"}","service":"api-getway","timestamp":"2026-08-09T10:15:35.043Z"}
{"level":"info","message":"Received POST request to /v1/auth/login","service":"api-getway","timestamp":"2026-08-09T10:15:48.015Z"}
{"level":"info","message":"Request body, [object Object]","service":"api-getway","timestamp":"2026-08-09T10:15:48.016Z"}
{"level":"info","message":"Proxy response received from auth service: {\"success\":false,\"message\":\"Invalid username or password\"}","service":"api-getway","timestamp":"2026-08-09T10:15:48.057Z"}
{"level":"info","message":"Received POST request to /v1/auth/login","service":"api-getway","timestamp":"2026-08-09T10:16:55.468Z"}
{"level":"info","message":"Request body, [object Object]","service":"api-getway","timestamp":"2026-08-09T10:16:55.468Z"}
{"level":"info","message":"Proxy response received from auth service: {\"success\":false,\"message\":\"Internal Server Error\"}","service":"api-getway","timestamp":"2026-08-09T10:16:55.536Z"}
{"level":"info","message":"Received POST request to /v1/auth/register","service":"api-getway","timestamp":"2026-08-09T10:17:17.742Z"}
{"level":"info","message":"Request body, [object Object]","service":"api-getway","timestamp":"2026-08-09T10:17:17.742Z"}
{"level":"info","message":"Proxy response received from auth service: {\"success\":false,\"message\":\"User already exists with the provided email or username\"}","service":"api-getway","timestamp":"2026-08-09T10:17:17.792Z"}
{"level":"info","message":"Received POST request to /v1/auth/login","service":"api-getway","timestamp":"2026-08-09T10:17:48.336Z"}
{"level":"info","message":"Request body, [object Object]","service":"api-getway","timestamp":"2026-08-09T10:17:48.337Z"}
{"level":"info","message":"Proxy response received from auth service: {\"success\":false,\"message\":\"Internal Server Error\"}","service":"api-getway","timestamp":"2026-08-09T10:17:48.408Z"}
{"level":"info","message":"Received POST request to /v1/auth/login","service":"api-getway","timestamp":"2026-08-09T10:18:33.785Z"}
{"level":"info","message":"Request body, [object Object]","service":"api-getway","timestamp":"2026-08-09T10:18:33.785Z"}
{"level":"info","message":"Proxy response received from auth service: {\"success\":false,\"message\":\"Internal Server Error\"}","service":"api-getway","timestamp":"2026-08-09T10:18:33.855Z"}
{"level":"info","message":"Received POST request to /v1/auth/login","service":"api-getway","timestamp":"2026-08-09T10:19:13.656Z"}
{"level":"info","message":"Request body, [object Object]","service":"api-getway","timestamp":"2026-08-09T10:19:13.656Z"}
{"level":"info","message":"Proxy response received from auth service: {\"success\":false,\"message\":\"Internal Server Error\"}","service":"api-getway","timestamp":"2026-08-09T10:19:13.700Z"}
{"level":"info","message":"Received POST request to /v1/auth/login","service":"api-getway","timestamp":"2026-08-09T10:19:47.675Z"}
{"level":"info","message":"Request body, [object Object]","service":"api-getway","timestamp":"2026-08-09T10:19:47.676Z"}
{"level":"info","message":"Proxy response received from auth service: {\"success\":false,\"message\":\"Internal Server Error\"}","service":"api-getway","timestamp":"2026-08-09T10:19:47.741Z"}
{"level":"info","message":"Received POST request to /v1/auth/login","service":"api-getway","timestamp":"2026-08-09T10:20:16.079Z"}
{"level":"info","message":"Request body, [object Object]","service":"api-getway","timestamp":"2026-08-09T10:20:16.079Z"}
{"level":"info","message":"Proxy response received from auth service: {\"success\":false,\"message\":\"Internal Server Error\"}","service":"api-getway","timestamp":"2026-08-09T10:20:16.148Z"}
{"level":"info","message":"Received POST request to /v1/auth/login","service":"api-getway","timestamp":"2026-08-09T10:22:45.878Z"}
{"level":"info","message":"Request body, [object Object]","service":"api-getway","timestamp":"2026-08-09T10:22:45.879Z"}
{"level":"info","message":"Proxy response received from auth service: {\"success\":false,\"message\":\"Internal Server Error\"}","service":"api-getway","timestamp":"2026-08-09T10:22:45.922Z"}
{"level":"info","message":"Received POST request to /v1/auth/register","service":"api-getway","timestamp":"2026-08-09T10:23:15.269Z"}
{"level":"info","message":"Request body, [object Object]","service":"api-getway","timestamp":"2026-08-09T10:23:15.269Z"}
{"level":"info","message":"Proxy response received from auth service: {\"success\":false,\"message\":\"User already exists with the provided email or username\"}","service":"api-getway","timestamp":"2026-08-09T10:23:15.333Z"}
{"level":"info","message":"Received POST request to /v1/auth/login","service":"api-getway","timestamp":"2026-08-09T10:23:39.277Z"}
{"level":"info","message":"Request body, [object Object]","service":"api-getway","timestamp":"2026-08-09T10:23:39.277Z"}
{"level":"info","message":"Proxy response received from auth service: {\"success\":false,\"message\":\"Internal Server Error\"}","service":"api-getway","timestamp":"2026-08-09T10:23:39.317Z"}
{"level":"info","message":"Received POST request to /v1/auth/login","service":"api-getway","timestamp":"2026-08-09T10:23:56.337Z"}
{"level":"info","message":"Request body, [object Object]","service":"api-getway","timestamp":"2026-08-09T10:23:56.337Z"}
{"level":"info","message":"Proxy response received from auth service: {\"success\":false,\"message\":\"Internal Server Error\"}","service":"api-getway","timestamp":"2026-08-09T10:23:56.411Z"}
{"level":"info","message":"Received POST request to /v1/auth/login","service":"api-getway","timestamp":"2026-08-09T10:24:55.851Z"}
{"level":"info","message":"Request body, [object Object]","service":"api-getway","timestamp":"2026-08-09T10:24:55.851Z"}
{"level":"info","message":"Proxy response received from auth service: {\"success\":false,\"message\":\"Internal Server Error\"}","service":"api-getway","timestamp":"2026-08-09T10:24:55.921Z"}
{"level":"info","message":"Received POST request to /v1/auth/login","service":"api-getway","timestamp":"2026-08-09T10:25:12.183Z"}
{"level":"info","message":"Request body, [object Object]","service":"api-getway","timestamp":"2026-08-09T10:25:12.183Z"}
{"level":"info","message":"Proxy response received from auth service: {\"success\":false,\"message\":\"Internal Server Error\"}","service":"api-getway","timestamp":"2026-08-09T10:25:12.254Z"}
{"level":"info","message":"API Gateway started on port 3000","service":"api-getway","timestamp":"2026-08-09T10:25:21.133Z"}
{"level":"info","message":"Received POST request to /v1/auth/login","service":"api-getway","timestamp":"2026-08-09T10:25:38.036Z"}
{"level":"info","message":"Request body, [object Object]","service":"api-getway","timestamp":"2026-08-09T10:25:38.037Z"}
{"level":"info","message":"Proxy response received from auth service: {\"success\":false,\"message\":\"Internal Server Error\"}","service":"api-getway","timestamp":"2026-08-09T10:25:38.126Z"}
{"level":"info","message":"Received POST request to /v1/auth/login","service":"api-getway","timestamp":"2026-08-09T10:26:11.641Z"}
{"level":"info","message":"Request body, [object Object]","service":"api-getway","timestamp":"2026-08-09T10:26:11.642Z"}
{"level":"info","message":"Proxy response received from auth service: {\"success\":false,\"message\":\"Internal Server Error\"}","service":"api-getway","timestamp":"2026-08-09T10:26:11.714Z"}
{"level":"info","message":"Received POST request to /v1/auth/login","service":"api-getway","timestamp":"2026-08-09T10:27:07.012Z"}
{"level":"info","message":"Request body, [object Object]","service":"api-getway","timestamp":"2026-08-09T10:27:07.012Z"}
{"level":"info","message":"Proxy response received from auth service: {\"success\":true,\"message\":\"User logged in successfully\",\"accessToken\":\"eyJhbGciOiJIUzI1NiIsInR5cCI6IkpXVCJ9.eyJqdGkiOiJlZmRkNTBhYi00OTEyLTQ2YjgtYmJmNS1lNmZhOTA5ODRkYmQiLCJ1c2VySWQiOiI2YTc4MjNiM2U5NmU5MDdkNzk1NzkyOWEiLCJ1c2VybmFtZSI6ImFkbWluX3VzZXJuYW1lNCIsImlhdCI6MTc4NjI3MTIyNywiZXhwIjoxNzg2MjcyMTI3fQ.r-4wRFVAaDCAHkzIu4OlRMI4NgvS8a8PJhXUoUc_9kM\",\"refreshToken\":\"378a3bbb83dd291c7fcd34fdbccdf439e91154a6125b4b4d6500e34ef2ebd346ad36056455a103c2\"}","service":"api-getway","timestamp":"2026-08-09T10:27:07.197Z"}
{"level":"info","message":"Received POST request to /v1/auth/login","service":"api-getway","timestamp":"2026-08-09T10:27:38.458Z"}
{"level":"info","message":"Request body, [object Object]","service":"api-getway","timestamp":"2026-08-09T10:27:38.459Z"}
{"level":"info","message":"Proxy response received from auth service: {\"success\":true,\"message\":\"User logged in successfully\",\"accessToken\":\"eyJhbGciOiJIUzI1NiIsInR5cCI6IkpXVCJ9.eyJqdGkiOiI2MTdmZjljMy00MzE5LTQwYmQtYWJiMC1iYjU5OTEzMWNjZGIiLCJ1c2VySWQiOiI2YTc4MjNiM2U5NmU5MDdkNzk1NzkyOWEiLCJ1c2VybmFtZSI6ImFkbWluX3VzZXJuYW1lNCIsImlhdCI6MTc4NjI3MTI1OCwiZXhwIjoxNzg2MjcyMTU4fQ.TO3B-C2IH0yi8jktOVYT0QF6VMM5Cgi33Frypp8-RrE\",\"refreshToken\":\"e858be378c8fac02625820b6d2a681db55d61f1c559735fc94cae913c6228ce5731b837b3268e56e\"}","service":"api-getway","timestamp":"2026-08-09T10:27:38.637Z"}
{"level":"info","message":"Received POST request to /v1/auth/login","service":"api-getway","timestamp":"2026-08-09T10:27:46.528Z"}
{"level":"info","message":"Request body, [object Object]","service":"api-getway","timestamp":"2026-08-09T10:27:46.528Z"}
{"level":"info","message":"Proxy response received from auth service: {\"success\":true,\"message\":\"User logged in successfully\",\"accessToken\":\"eyJhbGciOiJIUzI1NiIsInR5cCI6IkpXVCJ9.eyJqdGkiOiJmYjFmOGVmNi1mZTFjLTRlMDItOWJlNy1lYmMyMDgyZWI5MzciLCJ1c2VySWQiOiI2YTc4MjNiM2U5NmU5MDdkNzk1NzkyOWEiLCJ1c2VybmFtZSI6ImFkbWluX3VzZXJuYW1lNCIsImlhdCI6MTc4NjI3MTI2NiwiZXhwIjoxNzg2MjcyMTY2fQ.Rsua5FH-p0zGOB-G-Cb7n9jhpRAurIqHgD6wNk8ukoo\",\"refreshToken\":\"f0b809afee8becb3d0b917a1b00fc10563df624db2da03048cc019182665ad33b323cd34c57efd0d\"}","service":"api-getway","timestamp":"2026-08-09T10:27:46.669Z"}
{"level":"info","message":"Received POST request to /v1/auth/login","service":"api-getway","timestamp":"2026-08-09T10:27:52.590Z"}
{"level":"info","message":"Request body, [object Object]","service":"api-getway","timestamp":"2026-08-09T10:27:52.591Z"}
{"level":"info","message":"Proxy response received from auth service: {\"success\":false,\"message\":\"Invalid username or password\"}","service":"api-getway","timestamp":"2026-08-09T10:27:52.631Z"}
{"level":"info","message":"Received POST request to /v1/auth/login","service":"api-getway","timestamp":"2026-08-09T10:27:59.645Z"}
{"level":"info","message":"Request body, [object Object]","service":"api-getway","timestamp":"2026-08-09T10:27:59.645Z"}
{"level":"info","message":"Proxy response received from auth service: {\"success\":true,\"message\":\"User logged in successfully\",\"accessToken\":\"eyJhbGciOiJIUzI1NiIsInR5cCI6IkpXVCJ9.eyJqdGkiOiIwZjJiN2JmNS1jZWM0LTQ2YzctYjhlZi1kNTI1YmM0YWYwMmEiLCJ1c2VySWQiOiI2YTc4MjNiM2U5NmU5MDdkNzk1NzkyOWEiLCJ1c2VybmFtZSI6ImFkbWluX3VzZXJuYW1lNCIsImlhdCI6MTc4NjI3MTI3OSwiZXhwIjoxNzg2MjcyMTc5fQ.2Rd4xl9FKrR6EnUcwBQxkjkuO9jGUcVrOIWGTk2lwoY\",\"refreshToken\":\"a0e83b276ceac5dfbd06c789d9c577e8adb5456a1515ad09920ad1dd05f6ebc04421eace38440ddb\"}","service":"api-getway","timestamp":"2026-08-09T10:27:59.795Z"}
{"level":"info","message":"Received POST request to /v1/auth/login","service":"api-getway","timestamp":"2026-08-09T10:28:04.716Z"}
{"level":"info","message":"Request body, [object Object]","service":"api-getway","timestamp":"2026-08-09T10:28:04.716Z"}
{"level":"info","message":"Proxy response received from auth service: {\"success\":true,\"message\":\"User logged in successfully\",\"accessToken\":\"eyJhbGciOiJIUzI1NiIsInR5cCI6IkpXVCJ9.eyJqdGkiOiI0MmMyM2RlNC0wN2ZhLTQ1NDYtOTg4Ni05ZWE1Yjk3ZjQ0ZWUiLCJ1c2VySWQiOiI2YTc4MjNiM2U5NmU5MDdkNzk1NzkyOWEiLCJ1c2VybmFtZSI6ImFkbWluX3VzZXJuYW1lNCIsImlhdCI6MTc4NjI3MTI4NCwiZXhwIjoxNzg2MjcyMTg0fQ.oNfC9Nw2cdoSojWwGmAmPO4S92R7SeJbK5NuMa3zOCQ\",\"refreshToken\":\"1b44f42ea6985abe93d4cb56ca3f7496ec4a8ea72f7863a4d05dc073b9e61bbfe92a1e1aecbb36c2\"}","service":"api-getway","timestamp":"2026-08-09T10:28:04.861Z"}
{"level":"info","message":"Received POST request to /v1/auth/login","service":"api-getway","timestamp":"2026-08-09T10:28:57.934Z"}
{"level":"info","message":"Request body, [object Object]","service":"api-getway","timestamp":"2026-08-09T10:28:57.934Z"}
{"level":"info","message":"Proxy response received from auth service: {\"success\":false,\"message\":\"Internal Server Error\"}","service":"api-getway","timestamp":"2026-08-09T10:28:57.963Z"}
{"level":"info","message":"Received POST request to /v1/auth/login","service":"api-getway","timestamp":"2026-08-09T10:29:37.499Z"}
{"level":"info","message":"Request body, [object Object]","service":"api-getway","timestamp":"2026-08-09T10:29:37.499Z"}
{"level":"info","message":"Proxy response received from auth service: {\"success\":true,\"message\":\"User logged in successfully\",\"accessToken\":\"eyJhbGciOiJIUzI1NiIsInR5cCI6IkpXVCJ9.eyJqdGkiOiJlMWQzY2NkOS05MWMwLTQyNDMtYjA3YS0wZWM4MzYyNjIzNjEiLCJ1c2VySWQiOiI2YTc4MjNiM2U5NmU5MDdkNzk1NzkyOWEiLCJ1c2VybmFtZSI6ImFkbWluX3VzZXJuYW1lNCIsImlhdCI6MTc4NjI3MTM3NywiZXhwIjoxNzg2MjcyMjc3fQ.ZlZw2VigDjTNcLb7MFrF1r-bjccYc2kMm0hLgnY6TTg\",\"refreshToken\":\"911ca1fd72de465447209e33b440f33b4660592f82ed945a1909f12a42dcb03b96b97b1ad84c9959\"}","service":"api-getway","timestamp":"2026-08-09T10:29:37.678Z"}
{"level":"info","message":"Received POST request to /v1/auth/login","service":"api-getway","timestamp":"2026-08-09T10:29:47.257Z"}
{"level":"info","message":"Request body, [object Object]","service":"api-getway","timestamp":"2026-08-09T10:29:47.257Z"}
{"level":"info","message":"Proxy response received from auth service: {\"success\":false,\"message\":\"Invalid username or password\"}","service":"api-getway","timestamp":"2026-08-09T10:29:47.300Z"}
{"level":"info","message":"Received POST request to /v1/auth/login","service":"api-getway","timestamp":"2026-08-09T10:29:54.190Z"}
{"level":"info","message":"Request body, [object Object]","service":"api-getway","timestamp":"2026-08-09T10:29:54.190Z"}
{"level":"info","message":"Proxy response received from auth service: {\"success\":false,\"message\":\"Invalid username or password\"}","service":"api-getway","timestamp":"2026-08-09T10:29:54.230Z"}
{"level":"info","message":"Received POST request to /v1/auth/login","service":"api-getway","timestamp":"2026-08-09T10:30:03.805Z"}
{"level":"info","message":"Request body, [object Object]","service":"api-getway","timestamp":"2026-08-09T10:30:03.805Z"}
{"level":"info","message":"Proxy response received from auth service: {\"success\":true,\"message\":\"User logged in successfully\",\"accessToken\":\"eyJhbGciOiJIUzI1NiIsInR5cCI6IkpXVCJ9.eyJqdGkiOiJiZTVjZmI3ZC00MTg1LTRlZmEtODc1Mi04MDExOWI4YjhiMDAiLCJ1c2VySWQiOiI2YTc4MjNiM2U5NmU5MDdkNzk1NzkyOWEiLCJ1c2VybmFtZSI6ImFkbWluX3VzZXJuYW1lNCIsImlhdCI6MTc4NjI3MTQwMywiZXhwIjoxNzg2MjcyMzAzfQ.XJV1YYqNon_zYFuJMT0ansDbdXf3bov1IeL5QOqjAAo\",\"refreshToken\":\"1a68e88e1c3bf282e0c49745a6d02536c184db6014519e7a3ea843341973e08a251adec811c2fb77\"}","service":"api-getway","timestamp":"2026-08-09T10:30:03.949Z"}
{"level":"info","message":"Received POST request to /v1/auth/login","service":"api-getway","timestamp":"2026-08-09T10:30:09.194Z"}
{"level":"info","message":"Request body, [object Object]","service":"api-getway","timestamp":"2026-08-09T10:30:09.195Z"}
{"level":"info","message":"Proxy response received from auth service: {\"success\":false,\"message\":\"Invalid username or password\"}","service":"api-getway","timestamp":"2026-08-09T10:30:09.236Z"}
{"level":"info","message":"Received POST request to /v1/auth/login","service":"api-getway","timestamp":"2026-08-09T10:49:52.389Z"}
{"level":"info","message":"Request body, [object Object]","service":"api-getway","timestamp":"2026-08-09T10:49:52.390Z"}
{"level":"info","message":"Proxy response received from auth service: {\"success\":true,\"message\":\"User logged in successfully\",\"accessToken\":\"eyJhbGciOiJIUzI1NiIsInR5cCI6IkpXVCJ9.eyJqdGkiOiI4M2UxZGJjMC0wZjBiLTRmYTQtOGJlNS01MTcyMjk3ODAwMjYiLCJ1c2VySWQiOiI2YTc4MjNiM2U5NmU5MDdkNzk1NzkyOWEiLCJ1c2VybmFtZSI6ImFkbWluX3VzZXJuYW1lNCIsImlhdCI6MTc4NjI3MjU5MiwiZXhwIjoxNzg2MjczNDkyfQ.Hcuz9f8dCa9lSjG-ShG1wHLAbDu878RZuB-7HJQTpJE\",\"refreshToken\":\"2a597602e713059234e31638d1b9098a652290367b11c8da4f2f103089191d3f11a1d364dae767da\"}","service":"api-getway","timestamp":"2026-08-09T10:49:52.609Z"}
{"level":"info","message":"Received POST request to /v1/auth/token","service":"api-getway","timestamp":"2026-08-09T10:54:52.169Z"}
{"level":"info","message":"Request body, [object Object]","service":"api-getway","timestamp":"2026-08-09T10:54:52.170Z"}
{"level":"info","message":"Proxy response received from auth service: {\"success\":false,\"message\":\"Invalid or expired refresh token\"}","service":"api-getway","timestamp":"2026-08-09T10:54:52.236Z"}
{"level":"info","message":"Received POST request to /v1/auth/login","service":"api-getway","timestamp":"2026-08-09T10:55:13.557Z"}
{"level":"info","message":"Request body, [object Object]","service":"api-getway","timestamp":"2026-08-09T10:55:13.557Z"}
{"level":"info","message":"Proxy response received from auth service: {\"success\":true,\"message\":\"User logged in successfully\",\"accessToken\":\"eyJhbGciOiJIUzI1NiIsInR5cCI6IkpXVCJ9.eyJqdGkiOiJkMWZhNmNmMy1iOWJkLTQyNmEtOTY2MS0yZmViMWUxMzdmMmYiLCJ1c2VySWQiOiI2YTc4MjNiM2U5NmU5MDdkNzk1NzkyOWEiLCJ1c2VybmFtZSI6ImFkbWluX3VzZXJuYW1lNCIsImlhdCI6MTc4NjI3MjkxMywiZXhwIjoxNzg2MjczODEzfQ.zQV38GPENhRWPlBeA48E9iR4v_oWtojyMJLM5npiI0Y\",\"refreshToken\":\"90b7f90fdd96eaa6a328fd82c2d3fe72a22356a450a031e484bab12d6bc328cbcf29df072e329f1b\"}","service":"api-getway","timestamp":"2026-08-09T10:55:13.818Z"}
{"level":"info","message":"Received POST request to /v1/auth/token","service":"api-getway","timestamp":"2026-08-09T10:55:21.550Z"}
{"level":"info","message":"Request body, [object Object]","service":"api-getway","timestamp":"2026-08-09T10:55:21.551Z"}
{"level":"info","message":"Proxy response received from auth service: {\"success\":false,\"message\":\"Invalid or expired refresh token\"}","service":"api-getway","timestamp":"2026-08-09T10:55:21.591Z"}
{"level":"info","message":"Received POST request to /v1/auth/token","service":"api-getway","timestamp":"2026-08-09T10:55:45.923Z"}
{"level":"info","message":"Request body, [object Object]","service":"api-getway","timestamp":"2026-08-09T10:55:45.923Z"}
{"level":"info","message":"Proxy response received from auth service: {\"success\":false,\"message\":\"Invalid or expired refresh token\"}","service":"api-getway","timestamp":"2026-08-09T10:55:45.966Z"}
{"level":"info","message":"Received POST request to /v1/auth/token","service":"api-getway","timestamp":"2026-08-09T10:56:22.304Z"}
{"level":"info","message":"Request body, undefined","service":"api-getway","timestamp":"2026-08-09T10:56:22.304Z"}
{"level":"info","message":"Proxy response received from auth service: {\"success\":false,\"message\":\"Refresh token missing\"}","service":"api-getway","timestamp":"2026-08-09T10:56:22.310Z"}
{"level":"info","message":"Received POST request to /v1/auth/token","service":"api-getway","timestamp":"2026-08-09T10:56:47.036Z"}
{"level":"info","message":"Request body, [object Object]","service":"api-getway","timestamp":"2026-08-09T10:56:47.036Z"}
{"level":"info","message":"Proxy response received from auth service: {\"success\":false,\"message\":\"Invalid or expired refresh token\"}","service":"api-getway","timestamp":"2026-08-09T10:56:47.101Z"}
{"level":"info","message":"Received POST request to /v1/auth/token","service":"api-getway","timestamp":"2026-08-09T10:57:50.007Z"}
{"level":"info","message":"Request body, [object Object]","service":"api-getway","timestamp":"2026-08-09T10:57:50.008Z"}
{"level":"info","message":"Proxy response received from auth service: {\"success\":false,\"message\":\"Invalid or expired refresh token\"}","service":"api-getway","timestamp":"2026-08-09T10:57:50.050Z"}
{"level":"info","message":"Received POST request to /v1/auth/login","service":"api-getway","timestamp":"2026-08-09T10:58:36.644Z"}
{"level":"info","message":"Request body, [object Object]","service":"api-getway","timestamp":"2026-08-09T10:58:36.644Z"}
{"level":"info","message":"Proxy response received from auth service: {\"success\":true,\"message\":\"User logged in successfully\",\"accessToken\":\"eyJhbGciOiJIUzI1NiIsInR5cCI6IkpXVCJ9.eyJqdGkiOiJhZTM3YjgxNC1mMjhiLTRmNWYtODVkNS1kMDBjYTg3ZjczYjUiLCJ1c2VySWQiOiI2YTc4MjNiM2U5NmU5MDdkNzk1NzkyOWEiLCJ1c2VybmFtZSI6ImFkbWluX3VzZXJuYW1lNCIsImlhdCI6MTc4NjI3MzExNiwiZXhwIjoxNzg2Mjc0MDE2fQ.JyyWnGf7xYTd6TXwrtsVTBkf7O-xwhjzR2sc2vChPPw\",\"refreshToken\":\"057af167eeef9e23db213fc150860a13eaf7e57ed4a206b9ddc6329d607e44b4ea61f535356771f3\"}","service":"api-getway","timestamp":"2026-08-09T10:58:36.795Z"}
{"level":"info","message":"Received POST request to /v1/auth/token","service":"api-getway","timestamp":"2026-08-09T10:58:55.434Z"}
{"level":"info","message":"Request body, [object Object]","service":"api-getway","timestamp":"2026-08-09T10:58:55.434Z"}
{"level":"info","message":"Proxy response received from auth service: {\"success\":false,\"message\":\"Invalid or expired refresh token\"}","service":"api-getway","timestamp":"2026-08-09T10:58:55.476Z"}
{"level":"info","message":"Received POST request to /v1/auth/token","service":"api-getway","timestamp":"2026-08-09T10:59:08.928Z"}
{"level":"info","message":"Request body, [object Object]","service":"api-getway","timestamp":"2026-08-09T10:59:08.929Z"}
{"level":"info","message":"Proxy response received from auth service: {\"success\":false,\"message\":\"Invalid or expired refresh token\"}","service":"api-getway","timestamp":"2026-08-09T10:59:08.967Z"}
{"level":"info","message":"Received POST request to /v1/auth/token","service":"api-getway","timestamp":"2026-08-09T11:02:57.404Z"}
{"level":"info","message":"Request body, [object Object]","service":"api-getway","timestamp":"2026-08-09T11:02:57.404Z"}
{"level":"info","message":"Proxy response received from auth service: {\"success\":false,\"message\":\"Invalid or expired refresh token\"}","service":"api-getway","timestamp":"2026-08-09T11:02:57.471Z"}
{"level":"info","message":"Received POST request to /v1/auth/token","service":"api-getway","timestamp":"2026-08-09T11:05:25.006Z"}
{"level":"info","message":"Request body, [object Object]","service":"api-getway","timestamp":"2026-08-09T11:05:25.006Z"}
{"level":"info","message":"Proxy response received from auth service: {\"success\":false,\"message\":\"Invalid or expired refresh token\"}","service":"api-getway","timestamp":"2026-08-09T11:05:25.065Z"}
{"level":"info","message":"Received POST request to /v1/auth/token","service":"api-getway","timestamp":"2026-08-09T11:05:37.501Z"}
{"level":"info","message":"Request body, [object Object]","service":"api-getway","timestamp":"2026-08-09T11:05:37.501Z"}
{"level":"info","message":"Proxy response received from auth service: {\"success\":false,\"message\":\"Invalid or expired refresh token\"}","service":"api-getway","timestamp":"2026-08-09T11:05:37.540Z"}
{"level":"info","message":"Received POST request to /v1/auth/token","service":"api-getway","timestamp":"2026-08-09T11:06:51.083Z"}
{"level":"info","message":"Request body, [object Object]","service":"api-getway","timestamp":"2026-08-09T11:06:51.083Z"}
{"level":"info","message":"Proxy response received from auth service: {\"success\":false,\"message\":\"Invalid or expired refresh token\"}","service":"api-getway","timestamp":"2026-08-09T11:06:51.174Z"}
{"level":"info","message":"Received POST request to /v1/auth/token","service":"api-getway","timestamp":"2026-08-09T11:09:29.257Z"}
{"level":"info","message":"Request body, [object Object]","service":"api-getway","timestamp":"2026-08-09T11:09:29.257Z"}
{"level":"info","message":"Proxy response received from auth service: {\"success\":false,\"message\":\"Invalid refresh token\"}","service":"api-getway","timestamp":"2026-08-09T11:09:29.329Z"}
{"level":"info","message":"Received POST request to /v1/auth/login","service":"api-getway","timestamp":"2026-08-09T11:09:34.875Z"}
{"level":"info","message":"Request body, [object Object]","service":"api-getway","timestamp":"2026-08-09T11:09:34.875Z"}
{"level":"info","message":"Proxy response received from auth service: {\"success\":true,\"message\":\"User logged in successfully\",\"accessToken\":\"eyJhbGciOiJIUzI1NiIsInR5cCI6IkpXVCJ9.eyJqdGkiOiJmZDIwN2YzNS1iMGEyLTQ0YjEtYTAxOC0zNzA0YjM0YjFlODMiLCJ1c2VySWQiOiI2YTc4MjNiM2U5NmU5MDdkNzk1NzkyOWEiLCJ1c2VybmFtZSI6ImFkbWluX3VzZXJuYW1lNCIsImlhdCI6MTc4NjI3Mzc3NCwiZXhwIjoxNzg2Mjc0Njc0fQ.H_CfSt1qXX9V-tINGF1luFbln2SRyxjvkBigvrivRrI\",\"refreshToken\":\"39ebccedda2fe6d4efdf156a74d17920f83787f84cb475a31ba6976dde399a90c576eab88410c1aa\"}","service":"api-getway","timestamp":"2026-08-09T11:09:35.031Z"}
{"level":"info","message":"Received POST request to /v1/auth/token","service":"api-getway","timestamp":"2026-08-09T11:09:45.927Z"}
{"level":"info","message":"Request body, [object Object]","service":"api-getway","timestamp":"2026-08-09T11:09:45.927Z"}
{"level":"info","message":"Proxy response received from auth service: {\"success\":false,\"message\":\"Invalid refresh token\"}","service":"api-getway","timestamp":"2026-08-09T11:09:45.970Z"}
{"level":"info","message":"Received POST request to /v1/auth/token","service":"api-getway","timestamp":"2026-08-09T11:11:35.121Z"}
{"level":"info","message":"Request body, [object Object]","service":"api-getway","timestamp":"2026-08-09T11:11:35.122Z"}
{"level":"info","message":"Proxy response received from auth service: {\"success\":false,\"message\":\"Invalid or expired refresh token\"}","service":"api-getway","timestamp":"2026-08-09T11:11:35.206Z"}
{"level":"info","message":"Received POST request to /v1/auth/register","service":"api-getway","timestamp":"2026-08-09T11:12:49.908Z"}
{"level":"info","message":"Request body, [object Object]","service":"api-getway","timestamp":"2026-08-09T11:12:49.909Z"}
{"level":"info","message":"Proxy response received from auth service: {\"success\":false,\"message\":\"Error occurred while registering user\"}","service":"api-getway","timestamp":"2026-08-09T11:12:50.129Z"}
{"level":"info","message":"Received POST request to /v1/auth/register","service":"api-getway","timestamp":"2026-08-09T11:12:59.387Z"}
{"level":"info","message":"Request body, [object Object]","service":"api-getway","timestamp":"2026-08-09T11:12:59.387Z"}
{"level":"info","message":"Proxy response received from auth service: {\"success\":false,\"message\":\"User already exists with the provided email or username\"}","service":"api-getway","timestamp":"2026-08-09T11:12:59.431Z"}
{"level":"info","message":"Received POST request to /v1/auth/register","service":"api-getway","timestamp":"2026-08-09T11:13:27.082Z"}
{"level":"info","message":"Request body, [object Object]","service":"api-getway","timestamp":"2026-08-09T11:13:27.082Z"}
{"level":"info","message":"Proxy response received from auth service: {\"success\":false,\"message\":\"Error occurred while registering user\"}","service":"api-getway","timestamp":"2026-08-09T11:13:27.218Z"}
{"level":"info","message":"Received POST request to /v1/auth/register","service":"api-getway","timestamp":"2026-08-09T11:15:21.932Z"}
{"level":"info","message":"Request body, [object Object]","service":"api-getway","timestamp":"2026-08-09T11:15:21.932Z"}
{"level":"info","message":"Proxy response received from auth service: {\"success\":true,\"message\":\"User registered successfully\",\"accessToken\":\"eyJhbGciOiJIUzI1NiIsInR5cCI6IkpXVCJ9.eyJqdGkiOiI5NDQ1MjhmNC1lMzdmLTQ0MzMtYWJjYS05ZjRkMWQzZGE0NTQiLCJ1c2VySWQiOiI2YTc4NjE0YWU1MzEwMjJlNjZiNGNiYmQiLCJ1c2VybmFtZSI6ImFkbWluX3VzZXJuYW1lNSIsImlhdCI6MTc4NjI3NDEyMiwiZXhwIjoxNzg2Mjc1MDIyfQ.e7uxPIzVYW4xQ1PEDvdydX3JYlZzTlpkm6ogIiDxOY4\",\"refreshToken\":\"ca3fa8185f66dd0e8dcce2ee1cdc456f89fd9091ec96fd8561feeab67915246927a5e95b9da2517b\"}","service":"api-getway","timestamp":"2026-08-09T11:15:22.186Z"}
{"level":"info","message":"Received POST request to /v1/auth/token","service":"api-getway","timestamp":"2026-08-09T11:15:36.929Z"}
{"level":"info","message":"Request body, [object Object]","service":"api-getway","timestamp":"2026-08-09T11:15:36.929Z"}
{"level":"info","message":"Proxy response received from auth service: {\"success\":false,\"message\":\"Invalid or expired refresh token\"}","service":"api-getway","timestamp":"2026-08-09T11:15:36.973Z"}
{"level":"info","message":"Received POST request to /v1/auth/login","service":"api-getway","timestamp":"2026-08-09T11:16:48.259Z"}
{"level":"info","message":"Request body, [object Object]","service":"api-getway","timestamp":"2026-08-09T11:16:48.259Z"}
{"level":"info","message":"Proxy response received from auth service: {\"success\":false,\"message\":\"Invalid username, email or password\"}","service":"api-getway","timestamp":"2026-08-09T11:16:48.299Z"}
{"level":"info","message":"Received POST request to /v1/auth/register","service":"api-getway","timestamp":"2026-08-09T11:17:32.808Z"}
{"level":"info","message":"Request body, [object Object]","service":"api-getway","timestamp":"2026-08-09T11:17:32.817Z"}
{"level":"info","message":"Proxy response received from auth service: {\"success\":true,\"message\":\"User registered successfully\",\"accessToken\":\"eyJhbGciOiJIUzI1NiIsInR5cCI6IkpXVCJ9.eyJqdGkiOiJjOTljOTc4MC1mNTdmLTQ0NGMtYjZhYS04M2VkMTc0NjNmYzEiLCJ1c2VySWQiOiI2YTc4NjFjY2U1MzEwMjJlNjZiNGNiYmYiLCJ1c2VybmFtZSI6ImFkbWluX3VzZXJuYW1lMSIsImlhdCI6MTc4NjI3NDI1MywiZXhwIjoxNzg2Mjc1MTUzfQ.lAfvvWbUcYncp6VOQ801utFEZkvheDg7jZZTHTdmABs\",\"refreshToken\":\"542c89cedcd5d59c71a3e6c2299d7f422e518153da3303fca5d4514709c4d2884390bf4be9c1ce0c\"}","service":"api-getway","timestamp":"2026-08-09T11:17:33.131Z"}
{"level":"info","message":"Received POST request to /v1/auth/register","service":"api-getway","timestamp":"2026-08-09T11:19:37.752Z"}
{"level":"info","message":"Request body, [object Object]","service":"api-getway","timestamp":"2026-08-09T11:19:37.752Z"}
{"level":"info","message":"Proxy response received from auth service: {\"success\":true,\"message\":\"User registered successfully\",\"accessToken\":\"eyJhbGciOiJIUzI1NiIsInR5cCI6IkpXVCJ9.eyJqdGkiOiI2ODM0NWY2MS1mOGExLTQyYzUtOTA2MS05NTk1MGJiMWVmMjYiLCJ1c2VySWQiOiI2YTc4NjI0OWU1MzEwMjJlNjZiNGNiYzEiLCJ1c2VybmFtZSI6ImFkbWluX3VzZXJuYW1lMSIsImlhdCI6MTc4NjI3NDM3NywiZXhwIjoxNzg2Mjc1Mjc3fQ.gkYxnk9nYOIl5n5M52VgENmDDxxFs8XoqeYcCYZgrcs\",\"refreshToken\":\"1870d05e2a6cfad1e4997d4a206edc31f4b916927f1efba86cf7d8cabfbd395dac6c650e521c1a9c\"}","service":"api-getway","timestamp":"2026-08-09T11:19:37.960Z"}
{"level":"info","message":"Received POST request to /v1/auth/token","service":"api-getway","timestamp":"2026-08-09T11:25:04.124Z"}
{"level":"info","message":"Request body, [object Object]","service":"api-getway","timestamp":"2026-08-09T11:25:04.124Z"}
{"level":"info","message":"Proxy response received from auth service: {\"success\":false,\"message\":\"Error occurred while refreshing token\",\"error\":\"Token API failed\"}","service":"api-getway","timestamp":"2026-08-09T11:25:04.152Z"}
{"level":"info","message":"Received POST request to /v1/auth/token","service":"api-getway","timestamp":"2026-08-09T11:25:52.770Z"}
{"level":"info","message":"Request body, [object Object]","service":"api-getway","timestamp":"2026-08-09T11:25:52.770Z"}
{"level":"info","message":"Proxy response received from auth service: {\"success\":false,\"message\":\"Error occurred while refreshing token\",\"error\":\"Token API failed\"}","service":"api-getway","timestamp":"2026-08-09T11:25:52.934Z"}
{"level":"info","message":"Received POST request to /v1/auth/token","service":"api-getway","timestamp":"2026-08-09T11:26:05.163Z"}
{"level":"info","message":"Request body, [object Object]","service":"api-getway","timestamp":"2026-08-09T11:26:05.163Z"}
{"level":"info","message":"Proxy response received from auth service: {\"success\":false,\"message\":\"Invalid or expired refresh token\"}","service":"api-getway","timestamp":"2026-08-09T11:26:05.202Z"}
{"level":"info","message":"Received POST request to /v1/auth/token","service":"api-getway","timestamp":"2026-08-09T11:26:18.300Z"}
{"level":"info","message":"Request body, [object Object]","service":"api-getway","timestamp":"2026-08-09T11:26:18.300Z"}
{"level":"info","message":"Proxy response received from auth service: {\"success\":false,\"message\":\"Error occurred while refreshing token\",\"error\":\"Token API failed\"}","service":"api-getway","timestamp":"2026-08-09T11:26:18.333Z"}
{"level":"info","message":"Received POST request to /v1/auth/register","service":"api-getway","timestamp":"2026-08-09T11:26:36.688Z"}
{"level":"info","message":"Request body, [object Object]","service":"api-getway","timestamp":"2026-08-09T11:26:36.688Z"}
{"level":"info","message":"Proxy response received from auth service: {\"success\":false,\"message\":\"User already exists with the provided email or username\"}","service":"api-getway","timestamp":"2026-08-09T11:26:36.773Z"}
{"level":"info","message":"Received POST request to /v1/auth/register","service":"api-getway","timestamp":"2026-08-09T11:45:50.197Z"}
{"level":"info","message":"Request body, [object Object]","service":"api-getway","timestamp":"2026-08-09T11:45:50.198Z"}
{"level":"info","message":"Proxy response received from auth service: {\"success\":true,\"message\":\"User registered successfully\",\"accessToken\":\"eyJhbGciOiJIUzI1NiIsInR5cCI6IkpXVCJ9.eyJqdGkiOiI4OTU5NTU4Mi00ZTBmLTQ5NmUtOGJlOC1hM2U4ODI1MmRkMDkiLCJ1c2VySWQiOiI2YTc4Njg2ZWQxYzYyMWMxYWRhYmE1ZDgiLCJ1c2VybmFtZSI6ImFkbWluX3VzZXJuYW1lMSIsImlhdCI6MTc4NjI3NTk1MCwiZXhwIjoxNzg2Mjc2ODUwfQ.LIweNDEhxWRk0gU8mgfMjN6PjSOkCq72bBk8QbzGJ_g\",\"refreshToken\":\"daa1ee19d99e4edbfb4de1b890f3b877605d0097807d9089c9c57d94d08e10b31dba64df372aa17b\"}","service":"api-getway","timestamp":"2026-08-09T11:45:50.464Z"}
{"level":"info","message":"Received POST request to /v1/auth/login","service":"api-getway","timestamp":"2026-08-09T11:46:05.391Z"}
{"level":"info","message":"Request body, [object Object]","service":"api-getway","timestamp":"2026-08-09T11:46:05.391Z"}
{"level":"info","message":"Proxy response received from auth service: {\"success\":true,\"message\":\"User logged in successfully\",\"accessToken\":\"eyJhbGciOiJIUzI1NiIsInR5cCI6IkpXVCJ9.eyJqdGkiOiI0NzhiMmYxMC03Nzk2LTRkOTAtOTQ3NC1iMjA4ZjdkYjhiYmUiLCJ1c2VySWQiOiI2YTc4Njg2ZWQxYzYyMWMxYWRhYmE1ZDgiLCJ1c2VybmFtZSI6ImFkbWluX3VzZXJuYW1lMSIsImlhdCI6MTc4NjI3NTk2NSwiZXhwIjoxNzg2Mjc2ODY1fQ.TucFMnbeV7eM-NXmNjJ4EhxoMPQhmobWuHS_2V_6X9Q\",\"refreshToken\":\"3647279737ee88e57024386b3f6bafd03592e2bd5abfeacc8633d5c3fb836d709b52c0f799e702a1\"}","service":"api-getway","timestamp":"2026-08-09T11:46:05.559Z"}
{"level":"info","message":"Received POST request to /v1/auth/token","service":"api-getway","timestamp":"2026-08-09T11:46:16.108Z"}
{"level":"info","message":"Request body, [object Object]","service":"api-getway","timestamp":"2026-08-09T11:46:16.108Z"}
{"level":"info","message":"Proxy response received from auth service: {\"success\":true,\"message\":\"Token refreshed successfully\",\"accessToken\":\"eyJhbGciOiJIUzI1NiIsInR5cCI6IkpXVCJ9.eyJqdGkiOiI0OWQxOTdhNC0wZmZlLTRjZWUtYWMxYy0wZjE3NjZlZTAxMzgiLCJ1c2VySWQiOiI2YTc4Njg2ZWQxYzYyMWMxYWRhYmE1ZDgiLCJ1c2VybmFtZSI6ImFkbWluX3VzZXJuYW1lMSIsImlhdCI6MTc4NjI3NTk3NiwiZXhwIjoxNzg2Mjc2ODc2fQ.MiuWSXmuwCg5wU8ZgHlp4bZQvaEQWxxVAid21rybFBU\",\"refreshToken\":\"87afacf6d2b3ab63805aed0ccb0f9de662953632c2bee599c65809f905f424e672d3e633b18e1f42\"}","service":"api-getway","timestamp":"2026-08-09T11:46:16.254Z"}
{"level":"info","message":"API Gateway started on port 3000","service":"api-getway","timestamp":"2026-08-18T12:46:09.456Z"}
{"level":"info","message":"Auth Service started on port http://localhost:3001","service":"api-getway","timestamp":"2026-08-18T12:46:09.459Z"}
{"level":"info","message":"Post Service started on port http://localhost:3002","service":"api-getway","timestamp":"2026-08-18T12:46:09.460Z"}
{"level":"info","message":"Received POST request to /v1/post/create-post","service":"api-getway","timestamp":"2026-08-18T12:48:05.378Z"}
{"level":"info","message":"Request body, [object Object]","service":"api-getway","timestamp":"2026-08-18T12:48:05.379Z"}
{"level":"info","message":"Authenticating middleware request for post","service":"api-getway","timestamp":"2026-08-18T12:48:05.391Z"}
{"level":"warn","message":"Token not present for post","service":"api-getway","timestamp":"2026-08-18T12:48:05.392Z"}
{"level":"info","message":"Received POST request to /v1/auth/login","service":"api-getway","timestamp":"2026-08-18T12:48:17.959Z"}
{"level":"info","message":"Request body, [object Object]","service":"api-getway","timestamp":"2026-08-18T12:48:17.960Z"}
{"code":"ECONNREFUSED","level":"error","message":"","service":"api-getway","stack":"AggregateError [ECONNREFUSED]: \n    at internalConnectMultiple (node:net:1122:18)\n    at afterConnectMultiple (node:net:1689:7)","timestamp":"2026-08-18T12:48:17.972Z"}
{"level":"info","message":"Received POST request to /v1/auth/login","service":"api-getway","timestamp":"2026-08-18T12:49:22.586Z"}
{"level":"info","message":"Request body, [object Object]","service":"api-getway","timestamp":"2026-08-18T12:49:22.587Z"}
{"level":"info","message":"Proxy response received from auth service: {\"success\":true,\"message\":\"User logged in successfully\",\"accessToken\":\"eyJhbGciOiJIUzI1NiIsInR5cCI6IkpXVCJ9.eyJqdGkiOiJiMzcyMDkxYy03OTJhLTQ2Y2MtYTczZC01ZTMxZDU2YzYyYjgiLCJ1c2VySWQiOiI2YTc4Njg2ZWQxYzYyMWMxYWRhYmE1ZDgiLCJ1c2VybmFtZSI6ImFkbWluX3VzZXJuYW1lMSIsImlhdCI6MTc4NzA1NzM2MywiZXhwIjoxNzg3MDU4MjYzfQ.pwxn_b5CFKdZ6V0Ova0SNUeNe4gNjD_7_7adl6MZudU\",\"refreshToken\":\"706437ebf47e7b2d2afd739b3a5b1778f81dc6568935017980f405aa5ec37ec6edc9142b52aa4329\"}","service":"api-getway","timestamp":"2026-08-18T12:49:23.075Z"}
{"level":"info","message":"Received POST request to /v1/post/create-post","service":"api-getway","timestamp":"2026-08-18T12:49:40.987Z"}
{"level":"info","message":"Request body, [object Object]","service":"api-getway","timestamp":"2026-08-18T12:49:40.987Z"}
{"level":"info","message":"Authenticating middleware request for post","service":"api-getway","timestamp":"2026-08-18T12:49:40.989Z"}
{"level":"warn","message":"Token not valid","service":"api-getway","timestamp":"2026-08-18T12:49:40.990Z"}
{"level":"info","message":"Received POST request to /v1/auth/login","service":"api-getway","timestamp":"2026-08-18T12:49:55.293Z"}
{"level":"info","message":"Request body, [object Object]","service":"api-getway","timestamp":"2026-08-18T12:49:55.293Z"}
{"level":"info","message":"Proxy response received from auth service: {\"success\":true,\"message\":\"User logged in successfully\",\"accessToken\":\"eyJhbGciOiJIUzI1NiIsInR5cCI6IkpXVCJ9.eyJqdGkiOiI2NTc4ZTY0Mi04MDBhLTRkNGEtOWY5NC0zNTI5OGMxY2VhYmUiLCJ1c2VySWQiOiI2YTc4Njg2ZWQxYzYyMWMxYWRhYmE1ZDgiLCJ1c2VybmFtZSI6ImFkbWluX3VzZXJuYW1lMSIsImlhdCI6MTc4NzA1NzM5NSwiZXhwIjoxNzg3MDU4Mjk1fQ.o0oN4hQvDusTmccMgV5INVRKgX3HveTd-4aDIvnrOxI\",\"refreshToken\":\"8b5c1bd6e06f3578040b9001aaee4140ad733f01273f5462ee698ee96e94c6ee842d968ce3391e98\"}","service":"api-getway","timestamp":"2026-08-18T12:49:55.436Z"}
{"level":"info","message":"Received POST request to /v1/post/create-post","service":"api-getway","timestamp":"2026-08-18T12:50:04.670Z"}
{"level":"info","message":"Request body, [object Object]","service":"api-getway","timestamp":"2026-08-18T12:50:04.687Z"}
{"level":"info","message":"Authenticating middleware request for post","service":"api-getway","timestamp":"2026-08-18T12:50:04.699Z"}
{"level":"warn","message":"Token not valid","service":"api-getway","timestamp":"2026-08-18T12:50:04.701Z"}
{"level":"info","message":"Received POST request to /v1/post/create-post","service":"api-getway","timestamp":"2026-08-18T12:50:46.606Z"}
{"level":"info","message":"Request body, [object Object]","service":"api-getway","timestamp":"2026-08-18T12:50:46.606Z"}
{"level":"info","message":"Authenticating middleware request for post","service":"api-getway","timestamp":"2026-08-18T12:50:46.607Z"}
{"level":"warn","message":"Token not valid","service":"api-getway","timestamp":"2026-08-18T12:50:46.607Z"}
{"level":"info","message":"API Gateway started on port 3000","service":"api-getway","timestamp":"2026-08-18T12:52:00.406Z"}
{"level":"info","message":"Auth Service started on port http://localhost:3001","service":"api-getway","timestamp":"2026-08-18T12:52:00.411Z"}
{"level":"info","message":"Post Service started on port http://localhost:3002","service":"api-getway","timestamp":"2026-08-18T12:52:00.411Z"}
{"level":"info","message":"Received POST request to /v1/post/create-post","service":"api-getway","timestamp":"2026-08-18T12:52:03.231Z"}
{"level":"info","message":"Request body, [object Object]","service":"api-getway","timestamp":"2026-08-18T12:52:03.231Z"}
{"level":"info","message":"Authenticating middleware request for post","service":"api-getway","timestamp":"2026-08-18T12:52:03.241Z"}
{"level":"warn","message":"Token not valid","service":"api-getway","timestamp":"2026-08-18T12:52:03.242Z"}
{"level":"info","message":"API Gateway started on port 3000","service":"api-getway","timestamp":"2026-08-18T12:52:48.156Z"}
{"level":"info","message":"Auth Service started on port http://localhost:3001","service":"api-getway","timestamp":"2026-08-18T12:52:48.159Z"}
{"level":"info","message":"Post Service started on port http://localhost:3002","service":"api-getway","timestamp":"2026-08-18T12:52:48.159Z"}
{"level":"info","message":"Received POST request to /v1/post/create-post","service":"api-getway","timestamp":"2026-08-18T12:52:50.688Z"}
{"level":"info","message":"Request body, [object Object]","service":"api-getway","timestamp":"2026-08-18T12:52:50.688Z"}
{"level":"info","message":"Authenticating middleware request for post","service":"api-getway","timestamp":"2026-08-18T12:52:50.696Z"}
{"0":"e","1":"y","10":"J","100":"1","101":"c","102":"2","103":"V","104":"y","105":"S","106":"W","107":"Q","108":"i","109":"O","11":"I","110":"i","111":"I","112":"2","113":"Y","114":"T","115":"c","116":"4","117":"N","118":"j","119":"g","12":"U","120":"2","121":"Z","122":"W","123":"Q","124":"x","125":"Y","126":"z","127":"Y","128":"y","129":"M","13":"z","130":"W","131":"M","132":"x","133":"Y","134":"W","135":"R","136":"h","137":"Y","138":"m","139":"E","14":"I","140":"1","141":"Z","142":"D","143":"g","144":"i","145":"L","146":"C","147":"J","148":"1","149":"c","15":"1","150":"2","151":"V","152":"y","153":"b","154":"m","155":"F","156":"t","157":"Z","158":"S","159":"I","16":"N","160":"6","161":"I","162":"m","163":"F","164":"k","165":"b","166":"W","167":"l","168":"u","169":"X","17":"i","170":"3","171":"V","172":"z","173":"Z","174":"X","175":"J","176":"u","177":"Y","178":"W","179":"1","18":"I","180":"l","181":"M","182":"S","183":"I","184":"s","185":"I","186":"m","187":"l","188":"h","189":"d","19":"s","190":"C","191":"I","192":"6","193":"M","194":"T","195":"c","196":"4","197":"N","198":"z","199":"A","2":"J","20":"I","200":"1","201":"N","202":"z","203":"M","204":"5","205":"N","206":"S","207":"w","208":"i","209":"Z","21":"n","210":"X","211":"h","212":"w","213":"I","214":"j","215":"o","216":"x","217":"N","218":"z","219":"g","22":"R","220":"3","221":"M","222":"D","223":"U","224":"4","225":"M","226":"j","227":"k","228":"1","229":"f","23":"5","230":"Q","231":".","232":"o","233":"0","234":"o","235":"N","236":"4","237":"h","238":"Q","239":"v","24":"c","240":"D","241":"u","242":"s","243":"T","244":"m","245":"c","246":"c","247":"M","248":"g","249":"V","25":"C","250":"5","251":"I","252":"N","253":"V","254":"R","255":"K","256":"g","257":"X","258":"3","259":"H","26":"I","260":"v","261":"e","262":"T","263":"d","264":"-","265":"4","266":"a","267":"D","268":"I","269":"v","27":"6","270":"n","271":"r","272":"O","273":"x","274":"I","28":"I","29":"k","3":"h","30":"p","31":"X","32":"V","33":"C","34":"J","35":"9","36":".","37":"e","38":"y","39":"J","4":"b","40":"q","41":"d","42":"G","43":"k","44":"i","45":"O","46":"i","47":"I","48":"2","49":"N","5":"G","50":"T","51":"c","52":"4","53":"Z","54":"T","55":"Y","56":"0","57":"M","58":"i","59":"0","6":"c","60":"4","61":"M","62":"D","63":"B","64":"h","65":"L","66":"T","67":"R","68":"k","69":"N","7":"i","70":"G","71":"E","72":"t","73":"O","74":"W","75":"Y","76":"5","77":"N","78":"C","79":"0","8":"O","80":"z","81":"N","82":"T","83":"I","84":"5","85":"O","86":"G","87":"M","88":"x","89":"Y","9":"i","90":"2","91":"V","92":"h","93":"Y","94":"m","95":"U","96":"i","97":"L","98":"C","99":"J","level":"info","message":"Token:","service":"api-getway","timestamp":"2026-08-18T12:52:50.697Z"}
{"level":"warn","message":"Token not valid","service":"api-getway","timestamp":"2026-08-18T12:52:50.699Z"}
{"level":"info","message":"Received POST request to /v1/post/create-post","service":"api-getway","timestamp":"2026-08-18T12:54:28.807Z"}
{"level":"info","message":"Request body, [object Object]","service":"api-getway","timestamp":"2026-08-18T12:54:28.808Z"}
{"level":"info","message":"Authenticating middleware request for post","service":"api-getway","timestamp":"2026-08-18T12:54:28.809Z"}
{"0":"e","1":"y","10":"J","100":"1","101":"c","102":"2","103":"V","104":"y","105":"S","106":"W","107":"Q","108":"i","109":"O","11":"I","110":"i","111":"I","112":"2","113":"Y","114":"T","115":"c","116":"4","117":"N","118":"j","119":"g","12":"U","120":"2","121":"Z","122":"W","123":"Q","124":"x","125":"Y","126":"z","127":"Y","128":"y","129":"M","13":"z","130":"W","131":"M","132":"x","133":"Y","134":"W","135":"R","136":"h","137":"Y","138":"m","139":"E","14":"I","140":"1","141":"Z","142":"D","143":"g","144":"i","145":"L","146":"C","147":"J","148":"1","149":"c","15":"1","150":"2","151":"V","152":"y","153":"b","154":"m","155":"F","156":"t","157":"Z","158":"S","159":"I","16":"N","160":"6","161":"I","162":"m","163":"F","164":"k","165":"b","166":"W","167":"l","168":"u","169":"X","17":"i","170":"3","171":"V","172":"z","173":"Z","174":"X","175":"J","176":"u","177":"Y","178":"W","179":"1","18":"I","180":"l","181":"M","182":"S","183":"I","184":"s","185":"I","186":"m","187":"l","188":"h","189":"d","19":"s","190":"C","191":"I","192":"6","193":"M","194":"T","195":"c","196":"4","197":"N","198":"z","199":"A","2":"J","20":"I","200":"1","201":"N","202":"z","203":"M","204":"5","205":"N","206":"S","207":"w","208":"i","209":"Z","21":"n","210":"X","211":"h","212":"w","213":"I","214":"j","215":"o","216":"x","217":"N","218":"z","219":"g","22":"R","220":"3","221":"M","222":"D","223":"U","224":"4","225":"M","226":"j","227":"k","228":"1","229":"f","23":"5","230":"Q","231":".","232":"o","233":"0","234":"o","235":"N","236":"4","237":"h","238":"Q","239":"v","24":"c","240":"D","241":"u","242":"s","243":"T","244":"m","245":"c","246":"c","247":"M","248":"g","249":"V","25":"C","250":"5","251":"I","252":"N","253":"V","254":"R","255":"K","256":"g","257":"X","258":"3","259":"H","26":"I","260":"v","261":"e","262":"T","263":"d","264":"-","265":"4","266":"a","267":"D","268":"I","269":"v","27":"6","270":"n","271":"r","272":"O","273":"x","274":"I","28":"I","29":"k","3":"h","30":"p","31":"X","32":"V","33":"C","34":"J","35":"9","36":".","37":"e","38":"y","39":"J","4":"b","40":"q","41":"d","42":"G","43":"k","44":"i","45":"O","46":"i","47":"I","48":"2","49":"N","5":"G","50":"T","51":"c","52":"4","53":"Z","54":"T","55":"Y","56":"0","57":"M","58":"i","59":"0","6":"c","60":"4","61":"M","62":"D","63":"B","64":"h","65":"L","66":"T","67":"R","68":"k","69":"N","7":"i","70":"G","71":"E","72":"t","73":"O","74":"W","75":"Y","76":"5","77":"N","78":"C","79":"0","8":"O","80":"z","81":"N","82":"T","83":"I","84":"5","85":"O","86":"G","87":"M","88":"x","89":"Y","9":"i","90":"2","91":"V","92":"h","93":"Y","94":"m","95":"U","96":"i","97":"L","98":"C","99":"J","level":"info","message":"Token:","service":"api-getway","timestamp":"2026-08-18T12:54:28.810Z"}
{"level":"warn","message":"Token not valid","service":"api-getway","timestamp":"2026-08-18T12:54:28.811Z"}
{"level":"info","message":"API Gateway started on port 3000","service":"api-getway","timestamp":"2026-08-18T12:57:29.391Z"}
{"level":"info","message":"Auth Service started on port http://localhost:3001","service":"api-getway","timestamp":"2026-08-18T12:57:29.396Z"}
{"level":"info","message":"Post Service started on port http://localhost:3002","service":"api-getway","timestamp":"2026-08-18T12:57:29.396Z"}
{"level":"info","message":"Received POST request to /v1/post/create-post","service":"api-getway","timestamp":"2026-08-18T12:57:32.140Z"}
{"level":"info","message":"Request body, [object Object]","service":"api-getway","timestamp":"2026-08-18T12:57:32.140Z"}
{"level":"info","message":"Authenticating middleware request for post","service":"api-getway","timestamp":"2026-08-18T12:57:32.149Z"}
{"0":"e","1":"y","10":"J","100":"1","101":"c","102":"2","103":"V","104":"y","105":"S","106":"W","107":"Q","108":"i","109":"O","11":"I","110":"i","111":"I","112":"2","113":"Y","114":"T","115":"c","116":"4","117":"N","118":"j","119":"g","12":"U","120":"2","121":"Z","122":"W","123":"Q","124":"x","125":"Y","126":"z","127":"Y","128":"y","129":"M","13":"z","130":"W","131":"M","132":"x","133":"Y","134":"W","135":"R","136":"h","137":"Y","138":"m","139":"E","14":"I","140":"1","141":"Z","142":"D","143":"g","144":"i","145":"L","146":"C","147":"J","148":"1","149":"c","15":"1","150":"2","151":"V","152":"y","153":"b","154":"m","155":"F","156":"t","157":"Z","158":"S","159":"I","16":"N","160":"6","161":"I","162":"m","163":"F","164":"k","165":"b","166":"W","167":"l","168":"u","169":"X","17":"i","170":"3","171":"V","172":"z","173":"Z","174":"X","175":"J","176":"u","177":"Y","178":"W","179":"1","18":"I","180":"l","181":"M","182":"S","183":"I","184":"s","185":"I","186":"m","187":"l","188":"h","189":"d","19":"s","190":"C","191":"I","192":"6","193":"M","194":"T","195":"c","196":"4","197":"N","198":"z","199":"A","2":"J","20":"I","200":"1","201":"N","202":"z","203":"M","204":"5","205":"N","206":"S","207":"w","208":"i","209":"Z","21":"n","210":"X","211":"h","212":"w","213":"I","214":"j","215":"o","216":"x","217":"N","218":"z","219":"g","22":"R","220":"3","221":"M","222":"D","223":"U","224":"4","225":"M","226":"j","227":"k","228":"1","229":"f","23":"5","230":"Q","231":".","232":"o","233":"0","234":"o","235":"N","236":"4","237":"h","238":"Q","239":"v","24":"c","240":"D","241":"u","242":"s","243":"T","244":"m","245":"c","246":"c","247":"M","248":"g","249":"V","25":"C","250":"5","251":"I","252":"N","253":"V","254":"R","255":"K","256":"g","257":"X","258":"3","259":"H","26":"I","260":"v","261":"e","262":"T","263":"d","264":"-","265":"4","266":"a","267":"D","268":"I","269":"v","27":"6","270":"n","271":"r","272":"O","273":"x","274":"I","28":"I","29":"k","3":"h","30":"p","31":"X","32":"V","33":"C","34":"J","35":"9","36":".","37":"e","38":"y","39":"J","4":"b","40":"q","41":"d","42":"G","43":"k","44":"i","45":"O","46":"i","47":"I","48":"2","49":"N","5":"G","50":"T","51":"c","52":"4","53":"Z","54":"T","55":"Y","56":"0","57":"M","58":"i","59":"0","6":"c","60":"4","61":"M","62":"D","63":"B","64":"h","65":"L","66":"T","67":"R","68":"k","69":"N","7":"i","70":"G","71":"E","72":"t","73":"O","74":"W","75":"Y","76":"5","77":"N","78":"C","79":"0","8":"O","80":"z","81":"N","82":"T","83":"I","84":"5","85":"O","86":"G","87":"M","88":"x","89":"Y","9":"i","90":"2","91":"V","92":"h","93":"Y","94":"m","95":"U","96":"i","97":"L","98":"C","99":"J","level":"info","message":"Token:","service":"api-getway","timestamp":"2026-08-18T12:57:32.151Z"}
{"level":"warn","message":"Token not valid","service":"api-getway","timestamp":"2026-08-18T12:57:32.153Z"}
{"level":"info","message":"Received POST request to /v1/post/create-post","service":"api-getway","timestamp":"2026-08-18T12:59:43.114Z"}
{"level":"info","message":"Request body, [object Object]","service":"api-getway","timestamp":"2026-08-18T12:59:43.115Z"}
{"level":"info","message":"Authenticating middleware request for post","service":"api-getway","timestamp":"2026-08-18T12:59:43.117Z"}
{"0":"e","1":"y","10":"J","100":"1","101":"c","102":"2","103":"V","104":"y","105":"S","106":"W","107":"Q","108":"i","109":"O","11":"I","110":"i","111":"I","112":"2","113":"Y","114":"T","115":"c","116":"4","117":"N","118":"j","119":"g","12":"U","120":"2","121":"Z","122":"W","123":"Q","124":"x","125":"Y","126":"z","127":"Y","128":"y","129":"M","13":"z","130":"W","131":"M","132":"x","133":"Y","134":"W","135":"R","136":"h","137":"Y","138":"m","139":"E","14":"I","140":"1","141":"Z","142":"D","143":"g","144":"i","145":"L","146":"C","147":"J","148":"1","149":"c","15":"1","150":"2","151":"V","152":"y","153":"b","154":"m","155":"F","156":"t","157":"Z","158":"S","159":"I","16":"N","160":"6","161":"I","162":"m","163":"F","164":"k","165":"b","166":"W","167":"l","168":"u","169":"X","17":"i","170":"3","171":"V","172":"z","173":"Z","174":"X","175":"J","176":"u","177":"Y","178":"W","179":"1","18":"I","180":"l","181":"M","182":"S","183":"I","184":"s","185":"I","186":"m","187":"l","188":"h","189":"d","19":"s","190":"C","191":"I","192":"6","193":"M","194":"T","195":"c","196":"4","197":"N","198":"z","199":"A","2":"J","20":"I","200":"1","201":"N","202":"z","203":"M","204":"5","205":"N","206":"S","207":"w","208":"i","209":"Z","21":"n","210":"X","211":"h","212":"w","213":"I","214":"j","215":"o","216":"x","217":"N","218":"z","219":"g","22":"R","220":"3","221":"M","222":"D","223":"U","224":"4","225":"M","226":"j","227":"k","228":"1","229":"f","23":"5","230":"Q","231":".","232":"o","233":"0","234":"o","235":"N","236":"4","237":"h","238":"Q","239":"v","24":"c","240":"D","241":"u","242":"s","243":"T","244":"m","245":"c","246":"c","247":"M","248":"g","249":"V","25":"C","250":"5","251":"I","252":"N","253":"V","254":"R","255":"K","256":"g","257":"X","258":"3","259":"H","26":"I","260":"v","261":"e","262":"T","263":"d","264":"-","265":"4","266":"a","267":"D","268":"I","269":"v","27":"6","270":"n","271":"r","272":"O","273":"x","274":"I","28":"I","29":"k","3":"h","30":"p","31":"X","32":"V","33":"C","34":"J","35":"9","36":".","37":"e","38":"y","39":"J","4":"b","40":"q","41":"d","42":"G","43":"k","44":"i","45":"O","46":"i","47":"I","48":"2","49":"N","5":"G","50":"T","51":"c","52":"4","53":"Z","54":"T","55":"Y","56":"0","57":"M","58":"i","59":"0","6":"c","60":"4","61":"M","62":"D","63":"B","64":"h","65":"L","66":"T","67":"R","68":"k","69":"N","7":"i","70":"G","71":"E","72":"t","73":"O","74":"W","75":"Y","76":"5","77":"N","78":"C","79":"0","8":"O","80":"z","81":"N","82":"T","83":"I","84":"5","85":"O","86":"G","87":"M","88":"x","89":"Y","9":"i","90":"2","91":"V","92":"h","93":"Y","94":"m","95":"U","96":"i","97":"L","98":"C","99":"J","level":"info","message":"Token:","service":"api-getway","timestamp":"2026-08-18T12:59:43.117Z"}
{"level":"warn","message":"Token not valid","service":"api-getway","timestamp":"2026-08-18T12:59:43.118Z"}
{"level":"info","message":"API Gateway started on port 3000","service":"api-getway","timestamp":"2026-08-18T12:59:54.090Z"}
{"level":"info","message":"Auth Service started on port http://localhost:3001","service":"api-getway","timestamp":"2026-08-18T12:59:54.095Z"}
{"level":"info","message":"Post Service started on port http://localhost:3002","service":"api-getway","timestamp":"2026-08-18T12:59:54.095Z"}
{"level":"info","message":"Received POST request to /v1/post/create-post","service":"api-getway","timestamp":"2026-08-18T12:59:58.755Z"}
{"level":"info","message":"Request body, [object Object]","service":"api-getway","timestamp":"2026-08-18T12:59:58.755Z"}
{"level":"info","message":"Authenticating middleware request for post","service":"api-getway","timestamp":"2026-08-18T12:59:58.765Z"}
{"0":"e","1":"y","10":"J","100":"1","101":"c","102":"2","103":"V","104":"y","105":"S","106":"W","107":"Q","108":"i","109":"O","11":"I","110":"i","111":"I","112":"2","113":"Y","114":"T","115":"c","116":"4","117":"N","118":"j","119":"g","12":"U","120":"2","121":"Z","122":"W","123":"Q","124":"x","125":"Y","126":"z","127":"Y","128":"y","129":"M","13":"z","130":"W","131":"M","132":"x","133":"Y","134":"W","135":"R","136":"h","137":"Y","138":"m","139":"E","14":"I","140":"1","141":"Z","142":"D","143":"g","144":"i","145":"L","146":"C","147":"J","148":"1","149":"c","15":"1","150":"2","151":"V","152":"y","153":"b","154":"m","155":"F","156":"t","157":"Z","158":"S","159":"I","16":"N","160":"6","161":"I","162":"m","163":"F","164":"k","165":"b","166":"W","167":"l","168":"u","169":"X","17":"i","170":"3","171":"V","172":"z","173":"Z","174":"X","175":"J","176":"u","177":"Y","178":"W","179":"1","18":"I","180":"l","181":"M","182":"S","183":"I","184":"s","185":"I","186":"m","187":"l","188":"h","189":"d","19":"s","190":"C","191":"I","192":"6","193":"M","194":"T","195":"c","196":"4","197":"N","198":"z","199":"A","2":"J","20":"I","200":"1","201":"N","202":"z","203":"M","204":"5","205":"N","206":"S","207":"w","208":"i","209":"Z","21":"n","210":"X","211":"h","212":"w","213":"I","214":"j","215":"o","216":"x","217":"N","218":"z","219":"g","22":"R","220":"3","221":"M","222":"D","223":"U","224":"4","225":"M","226":"j","227":"k","228":"1","229":"f","23":"5","230":"Q","231":".","232":"o","233":"0","234":"o","235":"N","236":"4","237":"h","238":"Q","239":"v","24":"c","240":"D","241":"u","242":"s","243":"T","244":"m","245":"c","246":"c","247":"M","248":"g","249":"V","25":"C","250":"5","251":"I","252":"N","253":"V","254":"R","255":"K","256":"g","257":"X","258":"3","259":"H","26":"I","260":"v","261":"e","262":"T","263":"d","264":"-","265":"4","266":"a","267":"D","268":"I","269":"v","27":"6","270":"n","271":"r","272":"O","273":"x","274":"I","28":"I","29":"k","3":"h","30":"p","31":"X","32":"V","33":"C","34":"J","35":"9","36":".","37":"e","38":"y","39":"J","4":"b","40":"q","41":"d","42":"G","43":"k","44":"i","45":"O","46":"i","47":"I","48":"2","49":"N","5":"G","50":"T","51":"c","52":"4","53":"Z","54":"T","55":"Y","56":"0","57":"M","58":"i","59":"0","6":"c","60":"4","61":"M","62":"D","63":"B","64":"h","65":"L","66":"T","67":"R","68":"k","69":"N","7":"i","70":"G","71":"E","72":"t","73":"O","74":"W","75":"Y","76":"5","77":"N","78":"C","79":"0","8":"O","80":"z","81":"N","82":"T","83":"I","84":"5","85":"O","86":"G","87":"M","88":"x","89":"Y","9":"i","90":"2","91":"V","92":"h","93":"Y","94":"m","95":"U","96":"i","97":"L","98":"C","99":"J","level":"info","message":"Token:","service":"api-getway","timestamp":"2026-08-18T12:59:58.765Z"}
{"level":"error","message":"Cannot read properties of undefined (reading 'userId')","service":"api-getway","stack":"TypeError: Cannot read properties of undefined (reading 'userId')\n    at proxyReqOptDecorator (G:\\Reactjs\\reactdemo_projects\\nodejs\\nodejs-sangam\\microservice-app\\api-gateway\\src\\server.js:113:61)\n    at decorateProxyReqOpt (G:\\Reactjs\\reactdemo_projects\\nodejs\\nodejs-sangam\\microservice-app\\api-gateway\\node_modules\\express-http-proxy\\app\\steps\\decorateProxyReqOpts.js:13:14)\n    at process.processTicksAndRejections (node:internal/process/task_queues:95:5)","timestamp":"2026-08-18T12:59:58.771Z"}
{"level":"info","message":"API Gateway started on port 3000","service":"api-getway","timestamp":"2026-08-18T13:00:30.367Z"}
{"level":"info","message":"Auth Service started on port http://localhost:3001","service":"api-getway","timestamp":"2026-08-18T13:00:30.372Z"}
{"level":"info","message":"Post Service started on port http://localhost:3002","service":"api-getway","timestamp":"2026-08-18T13:00:30.372Z"}
{"level":"info","message":"Received POST request to /v1/post/create-post","service":"api-getway","timestamp":"2026-08-18T13:00:33.236Z"}
{"level":"info","message":"Request body, [object Object]","service":"api-getway","timestamp":"2026-08-18T13:00:33.237Z"}
{"level":"info","message":"Authenticating middleware request for post","service":"api-getway","timestamp":"2026-08-18T13:00:33.245Z"}
{"0":"e","1":"y","10":"J","100":"1","101":"c","102":"2","103":"V","104":"y","105":"S","106":"W","107":"Q","108":"i","109":"O","11":"I","110":"i","111":"I","112":"2","113":"Y","114":"T","115":"c","116":"4","117":"N","118":"j","119":"g","12":"U","120":"2","121":"Z","122":"W","123":"Q","124":"x","125":"Y","126":"z","127":"Y","128":"y","129":"M","13":"z","130":"W","131":"M","132":"x","133":"Y","134":"W","135":"R","136":"h","137":"Y","138":"m","139":"E","14":"I","140":"1","141":"Z","142":"D","143":"g","144":"i","145":"L","146":"C","147":"J","148":"1","149":"c","15":"1","150":"2","151":"V","152":"y","153":"b","154":"m","155":"F","156":"t","157":"Z","158":"S","159":"I","16":"N","160":"6","161":"I","162":"m","163":"F","164":"k","165":"b","166":"W","167":"l","168":"u","169":"X","17":"i","170":"3","171":"V","172":"z","173":"Z","174":"X","175":"J","176":"u","177":"Y","178":"W","179":"1","18":"I","180":"l","181":"M","182":"S","183":"I","184":"s","185":"I","186":"m","187":"l","188":"h","189":"d","19":"s","190":"C","191":"I","192":"6","193":"M","194":"T","195":"c","196":"4","197":"N","198":"z","199":"A","2":"J","20":"I","200":"1","201":"N","202":"z","203":"M","204":"5","205":"N","206":"S","207":"w","208":"i","209":"Z","21":"n","210":"X","211":"h","212":"w","213":"I","214":"j","215":"o","216":"x","217":"N","218":"z","219":"g","22":"R","220":"3","221":"M","222":"D","223":"U","224":"4","225":"M","226":"j","227":"k","228":"1","229":"f","23":"5","230":"Q","231":".","232":"o","233":"0","234":"o","235":"N","236":"4","237":"h","238":"Q","239":"v","24":"c","240":"D","241":"u","242":"s","243":"T","244":"m","245":"c","246":"c","247":"M","248":"g","249":"V","25":"C","250":"5","251":"I","252":"N","253":"V","254":"R","255":"K","256":"g","257":"X","258":"3","259":"H","26":"I","260":"v","261":"e","262":"T","263":"d","264":"-","265":"4","266":"a","267":"D","268":"I","269":"v","27":"6","270":"n","271":"r","272":"O","273":"x","274":"I","28":"I","29":"k","3":"h","30":"p","31":"X","32":"V","33":"C","34":"J","35":"9","36":".","37":"e","38":"y","39":"J","4":"b","40":"q","41":"d","42":"G","43":"k","44":"i","45":"O","46":"i","47":"I","48":"2","49":"N","5":"G","50":"T","51":"c","52":"4","53":"Z","54":"T","55":"Y","56":"0","57":"M","58":"i","59":"0","6":"c","60":"4","61":"M","62":"D","63":"B","64":"h","65":"L","66":"T","67":"R","68":"k","69":"N","7":"i","70":"G","71":"E","72":"t","73":"O","74":"W","75":"Y","76":"5","77":"N","78":"C","79":"0","8":"O","80":"z","81":"N","82":"T","83":"I","84":"5","85":"O","86":"G","87":"M","88":"x","89":"Y","9":"i","90":"2","91":"V","92":"h","93":"Y","94":"m","95":"U","96":"i","97":"L","98":"C","99":"J","level":"info","message":"Token:","service":"api-getway","timestamp":"2026-08-18T13:00:33.247Z"}
{"level":"error","message":"Cannot read properties of undefined (reading 'userId')","service":"api-getway","stack":"TypeError: Cannot read properties of undefined (reading 'userId')\n    at proxyReqOptDecorator (G:\\Reactjs\\reactdemo_projects\\nodejs\\nodejs-sangam\\microservice-app\\api-gateway\\src\\server.js:113:61)\n    at decorateProxyReqOpt (G:\\Reactjs\\reactdemo_projects\\nodejs\\nodejs-sangam\\microservice-app\\api-gateway\\node_modules\\express-http-proxy\\app\\steps\\decorateProxyReqOpts.js:13:14)\n    at process.processTicksAndRejections (node:internal/process/task_queues:95:5)","timestamp":"2026-08-18T13:00:33.253Z"}
{"level":"info","message":"Received POST request to /v1/auth/login","service":"api-getway","timestamp":"2026-08-18T13:00:44.922Z"}
{"level":"info","message":"Request body, [object Object]","service":"api-getway","timestamp":"2026-08-18T13:00:44.922Z"}
{"level":"info","message":"Proxy response received from auth service: {\"success\":true,\"message\":\"User logged in successfully\",\"accessToken\":\"eyJhbGciOiJIUzI1NiIsInR5cCI6IkpXVCJ9.eyJqdGkiOiJjYTA3OTAwMS1iMDk4LTRhMzgtOGU3ZS0zOGRmMTJmMmZkMmUiLCJ1c2VySWQiOiI2YTc4Njg2ZWQxYzYyMWMxYWRhYmE1ZDgiLCJ1c2VybmFtZSI6ImFkbWluX3VzZXJuYW1lMSIsImlhdCI6MTc4NzA1ODA0NSwiZXhwIjoxNzg3MDU4OTQ1fQ.N326pQtahPyZzHnD6o_Tcz86Umo9F0fTZASdwweo1FM\",\"refreshToken\":\"e117fa94e08c3f536e916877bf695b107623d9b4455a9c5cf2f1d5c774f09fa52e2b4454b73cb392\"}","service":"api-getway","timestamp":"2026-08-18T13:00:45.097Z"}
{"level":"info","message":"Received POST request to /v1/post/create-post","service":"api-getway","timestamp":"2026-08-18T13:00:53.055Z"}
{"level":"info","message":"Request body, [object Object]","service":"api-getway","timestamp":"2026-08-18T13:00:53.055Z"}
{"level":"info","message":"Authenticating middleware request for post","service":"api-getway","timestamp":"2026-08-18T13:00:53.056Z"}
{"0":"e","1":"y","10":"J","100":"1","101":"c","102":"2","103":"V","104":"y","105":"S","106":"W","107":"Q","108":"i","109":"O","11":"I","110":"i","111":"I","112":"2","113":"Y","114":"T","115":"c","116":"4","117":"N","118":"j","119":"g","12":"U","120":"2","121":"Z","122":"W","123":"Q","124":"x","125":"Y","126":"z","127":"Y","128":"y","129":"M","13":"z","130":"W","131":"M","132":"x","133":"Y","134":"W","135":"R","136":"h","137":"Y","138":"m","139":"E","14":"I","140":"1","141":"Z","142":"D","143":"g","144":"i","145":"L","146":"C","147":"J","148":"1","149":"c","15":"1","150":"2","151":"V","152":"y","153":"b","154":"m","155":"F","156":"t","157":"Z","158":"S","159":"I","16":"N","160":"6","161":"I","162":"m","163":"F","164":"k","165":"b","166":"W","167":"l","168":"u","169":"X","17":"i","170":"3","171":"V","172":"z","173":"Z","174":"X","175":"J","176":"u","177":"Y","178":"W","179":"1","18":"I","180":"l","181":"M","182":"S","183":"I","184":"s","185":"I","186":"m","187":"l","188":"h","189":"d","19":"s","190":"C","191":"I","192":"6","193":"M","194":"T","195":"c","196":"4","197":"N","198":"z","199":"A","2":"J","20":"I","200":"1","201":"O","202":"D","203":"A","204":"0","205":"N","206":"S","207":"w","208":"i","209":"Z","21":"n","210":"X","211":"h","212":"w","213":"I","214":"j","215":"o","216":"x","217":"N","218":"z","219":"g","22":"R","220":"3","221":"M","222":"D","223":"U","224":"4","225":"O","226":"T","227":"Q","228":"1","229":"f","23":"5","230":"Q","231":".","232":"N","233":"3","234":"2","235":"6","236":"p","237":"Q","238":"t","239":"a","24":"c","240":"h","241":"P","242":"y","243":"Z","244":"z","245":"H","246":"n","247":"D","248":"6","249":"o","25":"C","250":"_","251":"T","252":"c","253":"z","254":"8","255":"6","256":"U","257":"m","258":"o","259":"9","26":"I","260":"F","261":"0","262":"f","263":"T","264":"Z","265":"A","266":"S","267":"d","268":"w","269":"w","27":"6","270":"e","271":"o","272":"1","273":"F","274":"M","28":"I","29":"k","3":"h","30":"p","31":"X","32":"V","33":"C","34":"J","35":"9","36":".","37":"e","38":"y","39":"J","4":"b","40":"q","41":"d","42":"G","43":"k","44":"i","45":"O","46":"i","47":"J","48":"j","49":"Y","5":"G","50":"T","51":"A","52":"3","53":"O","54":"T","55":"A","56":"w","57":"M","58":"S","59":"1","6":"c","60":"i","61":"M","62":"D","63":"k","64":"4","65":"L","66":"T","67":"R","68":"h","69":"M","7":"i","70":"z","71":"g","72":"t","73":"O","74":"G","75":"U","76":"3","77":"Z","78":"S","79":"0","8":"O","80":"z","81":"O","82":"G","83":"R","84":"m","85":"M","86":"T","87":"J","88":"m","89":"M","9":"i","90":"m","91":"Z","92":"k","93":"M","94":"m","95":"U","96":"i","97":"L","98":"C","99":"J","level":"info","message":"Token:","service":"api-getway","timestamp":"2026-08-18T13:00:53.056Z"}
{"level":"error","message":"Cannot read properties of undefined (reading 'userId')","service":"api-getway","stack":"TypeError: Cannot read properties of undefined (reading 'userId')\n    at proxyReqOptDecorator (G:\\Reactjs\\reactdemo_projects\\nodejs\\nodejs-sangam\\microservice-app\\api-gateway\\src\\server.js:113:61)\n    at decorateProxyReqOpt (G:\\Reactjs\\reactdemo_projects\\nodejs\\nodejs-sangam\\microservice-app\\api-gateway\\node_modules\\express-http-proxy\\app\\steps\\decorateProxyReqOpts.js:13:14)\n    at process.processTicksAndRejections (node:internal/process/task_queues:95:5)","timestamp":"2026-08-18T13:00:53.059Z"}
{"level":"info","message":"API Gateway started on port 3000","service":"api-getway","timestamp":"2026-08-18T13:01:01.395Z"}
{"level":"info","message":"Auth Service started on port http://localhost:3001","service":"api-getway","timestamp":"2026-08-18T13:01:01.400Z"}
{"level":"info","message":"Post Service started on port http://localhost:3002","service":"api-getway","timestamp":"2026-08-18T13:01:01.400Z"}
{"level":"info","message":"Received POST request to /v1/post/create-post","service":"api-getway","timestamp":"2026-08-18T13:01:08.388Z"}
{"level":"info","message":"Request body, [object Object]","service":"api-getway","timestamp":"2026-08-18T13:01:08.389Z"}
{"level":"info","message":"Authenticating middleware request for post","service":"api-getway","timestamp":"2026-08-18T13:01:08.398Z"}
{"0":"e","1":"y","10":"J","100":"1","101":"c","102":"2","103":"V","104":"y","105":"S","106":"W","107":"Q","108":"i","109":"O","11":"I","110":"i","111":"I","112":"2","113":"Y","114":"T","115":"c","116":"4","117":"N","118":"j","119":"g","12":"U","120":"2","121":"Z","122":"W","123":"Q","124":"x","125":"Y","126":"z","127":"Y","128":"y","129":"M","13":"z","130":"W","131":"M","132":"x","133":"Y","134":"W","135":"R","136":"h","137":"Y","138":"m","139":"E","14":"I","140":"1","141":"Z","142":"D","143":"g","144":"i","145":"L","146":"C","147":"J","148":"1","149":"c","15":"1","150":"2","151":"V","152":"y","153":"b","154":"m","155":"F","156":"t","157":"Z","158":"S","159":"I","16":"N","160":"6","161":"I","162":"m","163":"F","164":"k","165":"b","166":"W","167":"l","168":"u","169":"X","17":"i","170":"3","171":"V","172":"z","173":"Z","174":"X","175":"J","176":"u","177":"Y","178":"W","179":"1","18":"I","180":"l","181":"M","182":"S","183":"I","184":"s","185":"I","186":"m","187":"l","188":"h","189":"d","19":"s","190":"C","191":"I","192":"6","193":"M","194":"T","195":"c","196":"4","197":"N","198":"z","199":"A","2":"J","20":"I","200":"1","201":"O","202":"D","203":"A","204":"0","205":"N","206":"S","207":"w","208":"i","209":"Z","21":"n","210":"X","211":"h","212":"w","213":"I","214":"j","215":"o","216":"x","217":"N","218":"z","219":"g","22":"R","220":"3","221":"M","222":"D","223":"U","224":"4","225":"O","226":"T","227":"Q","228":"1","229":"f","23":"5","230":"Q","231":".","232":"N","233":"3","234":"2","235":"6","236":"p","237":"Q","238":"t","239":"a","24":"c","240":"h","241":"P","242":"y","243":"Z","244":"z","245":"H","246":"n","247":"D","248":"6","249":"o","25":"C","250":"_","251":"T","252":"c","253":"z","254":"8","255":"6","256":"U","257":"m","258":"o","259":"9","26":"I","260":"F","261":"0","262":"f","263":"T","264":"Z","265":"A","266":"S","267":"d","268":"w","269":"w","27":"6","270":"e","271":"o","272":"1","273":"F","274":"M","28":"I","29":"k","3":"h","30":"p","31":"X","32":"V","33":"C","34":"J","35":"9","36":".","37":"e","38":"y","39":"J","4":"b","40":"q","41":"d","42":"G","43":"k","44":"i","45":"O","46":"i","47":"J","48":"j","49":"Y","5":"G","50":"T","51":"A","52":"3","53":"O","54":"T","55":"A","56":"w","57":"M","58":"S","59":"1","6":"c","60":"i","61":"M","62":"D","63":"k","64":"4","65":"L","66":"T","67":"R","68":"h","69":"M","7":"i","70":"z","71":"g","72":"t","73":"O","74":"G","75":"U","76":"3","77":"Z","78":"S","79":"0","8":"O","80":"z","81":"O","82":"G","83":"R","84":"m","85":"M","86":"T","87":"J","88":"m","89":"M","9":"i","90":"m","91":"Z","92":"k","93":"M","94":"m","95":"U","96":"i","97":"L","98":"C","99":"J","level":"info","message":"Token:","service":"api-getway","timestamp":"2026-08-18T13:01:08.399Z"}
{"level":"error","message":"Cannot read properties of undefined (reading 'userId')","service":"api-getway","stack":"TypeError: Cannot read properties of undefined (reading 'userId')\n    at proxyReqOptDecorator (G:\\Reactjs\\reactdemo_projects\\nodejs\\nodejs-sangam\\microservice-app\\api-gateway\\src\\server.js:113:61)\n    at decorateProxyReqOpt (G:\\Reactjs\\reactdemo_projects\\nodejs\\nodejs-sangam\\microservice-app\\api-gateway\\node_modules\\express-http-proxy\\app\\steps\\decorateProxyReqOpts.js:13:14)\n    at process.processTicksAndRejections (node:internal/process/task_queues:95:5)","timestamp":"2026-08-18T13:01:08.405Z"}
{"level":"info","message":"Received POST request to /v1/post/create-post","service":"api-getway","timestamp":"2026-08-18T13:03:32.913Z"}
{"level":"info","message":"Request body, [object Object]","service":"api-getway","timestamp":"2026-08-18T13:03:32.914Z"}
{"level":"info","message":"Authenticating middleware request for post","service":"api-getway","timestamp":"2026-08-18T13:03:32.915Z"}
{"0":"e","1":"y","10":"J","100":"1","101":"c","102":"2","103":"V","104":"y","105":"S","106":"W","107":"Q","108":"i","109":"O","11":"I","110":"i","111":"I","112":"2","113":"Y","114":"T","115":"c","116":"4","117":"N","118":"j","119":"g","12":"U","120":"2","121":"Z","122":"W","123":"Q","124":"x","125":"Y","126":"z","127":"Y","128":"y","129":"M","13":"z","130":"W","131":"M","132":"x","133":"Y","134":"W","135":"R","136":"h","137":"Y","138":"m","139":"E","14":"I","140":"1","141":"Z","142":"D","143":"g","144":"i","145":"L","146":"C","147":"J","148":"1","149":"c","15":"1","150":"2","151":"V","152":"y","153":"b","154":"m","155":"F","156":"t","157":"Z","158":"S","159":"I","16":"N","160":"6","161":"I","162":"m","163":"F","164":"k","165":"b","166":"W","167":"l","168":"u","169":"X","17":"i","170":"3","171":"V","172":"z","173":"Z","174":"X","175":"J","176":"u","177":"Y","178":"W","179":"1","18":"I","180":"l","181":"M","182":"S","183":"I","184":"s","185":"I","186":"m","187":"l","188":"h","189":"d","19":"s","190":"C","191":"I","192":"6","193":"M","194":"T","195":"c","196":"4","197":"N","198":"z","199":"A","2":"J","20":"I","200":"1","201":"O","202":"D","203":"A","204":"0","205":"N","206":"S","207":"w","208":"i","209":"Z","21":"n","210":"X","211":"h","212":"w","213":"I","214":"j","215":"o","216":"x","217":"N","218":"z","219":"g","22":"R","220":"3","221":"M","222":"D","223":"U","224":"4","225":"O","226":"T","227":"Q","228":"1","229":"f","23":"5","230":"Q","231":".","232":"N","233":"3","234":"2","235":"6","236":"p","237":"Q","238":"t","239":"a","24":"c","240":"h","241":"P","242":"y","243":"Z","244":"z","245":"H","246":"n","247":"D","248":"6","249":"o","25":"C","250":"_","251":"T","252":"c","253":"z","254":"8","255":"6","256":"U","257":"m","258":"o","259":"9","26":"I","260":"F","261":"0","262":"f","263":"T","264":"Z","265":"A","266":"S","267":"d","268":"w","269":"w","27":"6","270":"e","271":"o","272":"1","273":"F","274":"M","28":"I","29":"k","3":"h","30":"p","31":"X","32":"V","33":"C","34":"J","35":"9","36":".","37":"e","38":"y","39":"J","4":"b","40":"q","41":"d","42":"G","43":"k","44":"i","45":"O","46":"i","47":"J","48":"j","49":"Y","5":"G","50":"T","51":"A","52":"3","53":"O","54":"T","55":"A","56":"w","57":"M","58":"S","59":"1","6":"c","60":"i","61":"M","62":"D","63":"k","64":"4","65":"L","66":"T","67":"R","68":"h","69":"M","7":"i","70":"z","71":"g","72":"t","73":"O","74":"G","75":"U","76":"3","77":"Z","78":"S","79":"0","8":"O","80":"z","81":"O","82":"G","83":"R","84":"m","85":"M","86":"T","87":"J","88":"m","89":"M","9":"i","90":"m","91":"Z","92":"k","93":"M","94":"m","95":"U","96":"i","97":"L","98":"C","99":"J","level":"info","message":"Token:","service":"api-getway","timestamp":"2026-08-18T13:03:32.915Z"}
{"level":"error","message":"Cannot read properties of undefined (reading 'userId')","service":"api-getway","stack":"TypeError: Cannot read properties of undefined (reading 'userId')\n    at proxyReqOptDecorator (G:\\Reactjs\\reactdemo_projects\\nodejs\\nodejs-sangam\\microservice-app\\api-gateway\\src\\server.js:113:61)\n    at decorateProxyReqOpt (G:\\Reactjs\\reactdemo_projects\\nodejs\\nodejs-sangam\\microservice-app\\api-gateway\\node_modules\\express-http-proxy\\app\\steps\\decorateProxyReqOpts.js:13:14)\n    at process.processTicksAndRejections (node:internal/process/task_queues:95:5)","timestamp":"2026-08-18T13:03:32.918Z"}
{"level":"info","message":"API Gateway started on port 3000","service":"api-getway","timestamp":"2026-08-18T13:03:38.720Z"}
{"level":"info","message":"Auth Service started on port http://localhost:3001","service":"api-getway","timestamp":"2026-08-18T13:03:38.726Z"}
{"level":"info","message":"Post Service started on port http://localhost:3002","service":"api-getway","timestamp":"2026-08-18T13:03:38.726Z"}
{"level":"info","message":"Received POST request to /v1/post/create-post","service":"api-getway","timestamp":"2026-08-18T13:03:40.621Z"}
{"level":"info","message":"Request body, [object Object]","service":"api-getway","timestamp":"2026-08-18T13:03:40.622Z"}
{"level":"info","message":"Authenticating middleware request for post","service":"api-getway","timestamp":"2026-08-18T13:03:40.631Z"}
{"0":"e","1":"y","10":"J","100":"1","101":"c","102":"2","103":"V","104":"y","105":"S","106":"W","107":"Q","108":"i","109":"O","11":"I","110":"i","111":"I","112":"2","113":"Y","114":"T","115":"c","116":"4","117":"N","118":"j","119":"g","12":"U","120":"2","121":"Z","122":"W","123":"Q","124":"x","125":"Y","126":"z","127":"Y","128":"y","129":"M","13":"z","130":"W","131":"M","132":"x","133":"Y","134":"W","135":"R","136":"h","137":"Y","138":"m","139":"E","14":"I","140":"1","141":"Z","142":"D","143":"g","144":"i","145":"L","146":"C","147":"J","148":"1","149":"c","15":"1","150":"2","151":"V","152":"y","153":"b","154":"m","155":"F","156":"t","157":"Z","158":"S","159":"I","16":"N","160":"6","161":"I","162":"m","163":"F","164":"k","165":"b","166":"W","167":"l","168":"u","169":"X","17":"i","170":"3","171":"V","172":"z","173":"Z","174":"X","175":"J","176":"u","177":"Y","178":"W","179":"1","18":"I","180":"l","181":"M","182":"S","183":"I","184":"s","185":"I","186":"m","187":"l","188":"h","189":"d","19":"s","190":"C","191":"I","192":"6","193":"M","194":"T","195":"c","196":"4","197":"N","198":"z","199":"A","2":"J","20":"I","200":"1","201":"O","202":"D","203":"A","204":"0","205":"N","206":"S","207":"w","208":"i","209":"Z","21":"n","210":"X","211":"h","212":"w","213":"I","214":"j","215":"o","216":"x","217":"N","218":"z","219":"g","22":"R","220":"3","221":"M","222":"D","223":"U","224":"4","225":"O","226":"T","227":"Q","228":"1","229":"f","23":"5","230":"Q","231":".","232":"N","233":"3","234":"2","235":"6","236":"p","237":"Q","238":"t","239":"a","24":"c","240":"h","241":"P","242":"y","243":"Z","244":"z","245":"H","246":"n","247":"D","248":"6","249":"o","25":"C","250":"_","251":"T","252":"c","253":"z","254":"8","255":"6","256":"U","257":"m","258":"o","259":"9","26":"I","260":"F","261":"0","262":"f","263":"T","264":"Z","265":"A","266":"S","267":"d","268":"w","269":"w","27":"6","270":"e","271":"o","272":"1","273":"F","274":"M","28":"I","29":"k","3":"h","30":"p","31":"X","32":"V","33":"C","34":"J","35":"9","36":".","37":"e","38":"y","39":"J","4":"b","40":"q","41":"d","42":"G","43":"k","44":"i","45":"O","46":"i","47":"J","48":"j","49":"Y","5":"G","50":"T","51":"A","52":"3","53":"O","54":"T","55":"A","56":"w","57":"M","58":"S","59":"1","6":"c","60":"i","61":"M","62":"D","63":"k","64":"4","65":"L","66":"T","67":"R","68":"h","69":"M","7":"i","70":"z","71":"g","72":"t","73":"O","74":"G","75":"U","76":"3","77":"Z","78":"S","79":"0","8":"O","80":"z","81":"O","82":"G","83":"R","84":"m","85":"M","86":"T","87":"J","88":"m","89":"M","9":"i","90":"m","91":"Z","92":"k","93":"M","94":"m","95":"U","96":"i","97":"L","98":"C","99":"J","level":"info","message":"Token:","service":"api-getway","timestamp":"2026-08-18T13:03:40.632Z"}
{"level":"error","message":"Cannot read properties of undefined (reading 'userId')","service":"api-getway","stack":"TypeError: Cannot read properties of undefined (reading 'userId')\n    at proxyReqOptDecorator (G:\\Reactjs\\reactdemo_projects\\nodejs\\nodejs-sangam\\microservice-app\\api-gateway\\src\\server.js:113:61)\n    at decorateProxyReqOpt (G:\\Reactjs\\reactdemo_projects\\nodejs\\nodejs-sangam\\microservice-app\\api-gateway\\node_modules\\express-http-proxy\\app\\steps\\decorateProxyReqOpts.js:13:14)\n    at process.processTicksAndRejections (node:internal/process/task_queues:95:5)","timestamp":"2026-08-18T13:03:40.639Z"}
{"level":"info","message":"API Gateway started on port 3000","service":"api-getway","timestamp":"2026-08-18T13:05:43.826Z"}
{"level":"info","message":"Auth Service started on port http://localhost:3001","service":"api-getway","timestamp":"2026-08-18T13:05:43.829Z"}
{"level":"info","message":"Post Service started on port http://localhost:3002","service":"api-getway","timestamp":"2026-08-18T13:05:43.829Z"}
{"level":"info","message":"API Gateway started on port 3000","service":"api-getway","timestamp":"2026-08-18T13:05:55.737Z"}
{"level":"info","message":"Auth Service started on port http://localhost:3001","service":"api-getway","timestamp":"2026-08-18T13:05:55.740Z"}
{"level":"info","message":"Post Service started on port http://localhost:3002","service":"api-getway","timestamp":"2026-08-18T13:05:55.741Z"}
{"level":"info","message":"Received POST request to /v1/post/create-post","service":"api-getway","timestamp":"2026-08-18T13:06:07.541Z"}
{"level":"info","message":"Request body, [object Object]","service":"api-getway","timestamp":"2026-08-18T13:06:07.541Z"}
{"level":"info","message":"Authenticating middleware request for post","service":"api-getway","timestamp":"2026-08-18T13:06:07.551Z"}
{"level":"info","message":"Token received for validation","service":"api-getway","timestamp":"2026-08-18T13:06:07.552Z"}
{"level":"info","message":"Proxy response received from post service: {\"success\":false,\"message\":\"Error creating post\"}","service":"api-getway","timestamp":"2026-08-18T13:06:07.969Z"}
{"level":"info","message":"Authenticating middleware request for post","service":"api-getway","timestamp":"2026-08-18T13:09:27.004Z"}
{"level":"info","message":"Token received for validation","service":"api-getway","timestamp":"2026-08-18T13:09:27.008Z"}
{"level":"info","message":"API Gateway started on port 3000","service":"api-getway","timestamp":"2026-08-18T13:09:43.698Z"}
{"level":"info","message":"Auth Service started on port http://localhost:3001","service":"api-getway","timestamp":"2026-08-18T13:09:43.703Z"}
{"level":"info","message":"Post Service started on port http://localhost:3002","service":"api-getway","timestamp":"2026-08-18T13:09:43.703Z"}
{"level":"info","message":"Received POST request to /v1/post/create-post","service":"api-getway","timestamp":"2026-08-18T13:11:20.898Z"}
{"level":"info","message":"Request body, [object Object]","service":"api-getway","timestamp":"2026-08-18T13:11:20.899Z"}
{"level":"info","message":"Authenticating middleware request for post","service":"api-getway","timestamp":"2026-08-18T13:11:20.908Z"}
{"level":"info","message":"Token received for validation","service":"api-getway","timestamp":"2026-08-18T13:11:20.909Z"}
{"level":"info","message":"Proxy response received from post service: {\"success\":true,\"message\":\"Post created successfully\",\"post\":{\"user\":\"6a78686ed1c621c1adaba5d8\",\"title\":\"Psot 0001\",\"content\":\"Post 001 content !!!!!!!\",\"mediaIds\":[],\"_id\":\"6a8459f8c4db3f8ccc9ff599\",\"createdAt\":\"2026-08-18T13:11:20.946Z\",\"updatedAt\":\"2026-08-18T13:11:20.946Z\",\"__v\":0}}","service":"api-getway","timestamp":"2026-08-18T13:11:20.999Z"}
{"level":"info","message":"API Gateway started on port 3000","service":"api-getway","timestamp":"2026-08-18T13:12:20.352Z"}
{"level":"info","message":"Auth Service started on port http://localhost:3001","service":"api-getway","timestamp":"2026-08-18T13:12:20.357Z"}
{"level":"info","message":"Post Service started on port http://localhost:3002","service":"api-getway","timestamp":"2026-08-18T13:12:20.358Z"}
{"level":"info","message":"Received POST request to /v1/post/create-post","service":"api-getway","timestamp":"2026-08-18T13:12:31.117Z"}
{"level":"info","message":"Request body, [object Object]","service":"api-getway","timestamp":"2026-08-18T13:12:31.118Z"}
{"level":"info","message":"Authenticating middleware request for post","service":"api-getway","timestamp":"2026-08-18T13:12:31.128Z"}
{"level":"info","message":"Token received for validation","service":"api-getway","timestamp":"2026-08-18T13:12:31.128Z"}
{"exp":1787058945,"iat":1787058045,"jti":"ca079001-b098-4a38-8e7e-38df12f2fd2e","level":"info","message":"user","service":"api-getway","timestamp":"2026-08-18T13:12:31.132Z","userId":"6a78686ed1c621c1adaba5d8","username":"admin_username1"}
{"level":"info","message":"Proxy response received from post service: {\"success\":true,\"message\":\"Post created successfully\",\"post\":{\"user\":\"6a78686ed1c621c1adaba5d8\",\"title\":\"Psot 0002\",\"content\":\"Post 002 content !!!!!!!\",\"mediaIds\":[],\"_id\":\"6a845a3fc4db3f8ccc9ff59a\",\"createdAt\":\"2026-08-18T13:12:31.155Z\",\"updatedAt\":\"2026-08-18T13:12:31.155Z\",\"__v\":0}}","service":"api-getway","timestamp":"2026-08-18T13:12:31.202Z"}
{"level":"info","message":"API Gateway started on port 3000","service":"api-getway","timestamp":"2026-08-18T13:13:03.998Z"}
{"level":"info","message":"Auth Service started on port http://localhost:3001","service":"api-getway","timestamp":"2026-08-18T13:13:04.003Z"}
{"level":"info","message":"Post Service started on port http://localhost:3002","service":"api-getway","timestamp":"2026-08-18T13:13:04.004Z"}
{"level":"info","message":"Received POST request to /v1/post/create-post","service":"api-getway","timestamp":"2026-08-18T13:13:55.578Z"}
{"level":"info","message":"Request body, [object Object]","service":"api-getway","timestamp":"2026-08-18T13:13:55.578Z"}
{"level":"info","message":"Authenticating middleware request for post","service":"api-getway","timestamp":"2026-08-18T13:13:55.588Z"}
{"level":"warn","message":"Token not present for post","service":"api-getway","timestamp":"2026-08-18T13:13:55.589Z"}
{"level":"info","message":"Received POST request to /v1/post/create-post","service":"api-getway","timestamp":"2026-08-18T13:14:24.978Z"}
{"level":"info","message":"Request body, [object Object]","service":"api-getway","timestamp":"2026-08-18T13:14:24.979Z"}
{"level":"info","message":"Authenticating middleware request for post","service":"api-getway","timestamp":"2026-08-18T13:14:24.980Z"}
{"level":"info","message":"Token received for validation","service":"api-getway","timestamp":"2026-08-18T13:14:24.980Z"}
{"level":"warn","message":"invalid signature","name":"JsonWebTokenError","service":"api-getway","timestamp":"2026-08-18T13:14:24.984Z"}
{"level":"info","message":"Received POST request to /v1/post/create-post","service":"api-getway","timestamp":"2026-08-18T13:14:31.094Z"}
{"level":"info","message":"Request body, [object Object]","service":"api-getway","timestamp":"2026-08-18T13:14:31.094Z"}
{"level":"info","message":"Authenticating middleware request for post","service":"api-getway","timestamp":"2026-08-18T13:14:31.100Z"}
{"level":"info","message":"Token received for validation","service":"api-getway","timestamp":"2026-08-18T13:14:31.103Z"}
{"level":"warn","message":"invalid signature","name":"JsonWebTokenError","service":"api-getway","timestamp":"2026-08-18T13:14:31.114Z"}
{"level":"info","message":"Received POST request to /v1/post/create-post","service":"api-getway","timestamp":"2026-08-18T13:14:39.846Z"}
{"level":"info","message":"Request body, [object Object]","service":"api-getway","timestamp":"2026-08-18T13:14:39.852Z"}
{"level":"info","message":"Authenticating middleware request for post","service":"api-getway","timestamp":"2026-08-18T13:14:39.859Z"}
{"level":"info","message":"Token received for validation","service":"api-getway","timestamp":"2026-08-18T13:14:39.871Z"}
{"level":"info","message":"Proxy response received from post service: {\"success\":true,\"message\":\"Post created successfully\",\"post\":{\"user\":\"6a78686ed1c621c1adaba5d8\",\"title\":\"Psot 0003\",\"content\":\"Post 003 content !!!!!!!\",\"mediaIds\":[],\"_id\":\"6a845abfc4db3f8ccc9ff59b\",\"createdAt\":\"2026-08-18T13:14:39.962Z\",\"updatedAt\":\"2026-08-18T13:14:39.962Z\",\"__v\":0}}","service":"api-getway","timestamp":"2026-08-18T13:14:40.013Z"}
